******************************************************************************
            TI ARM Clang Linker PC v1.3.1                      
******************************************************************************
>> Linked Sat Feb 18 13:47:25 2023

OUTPUT FILE NAME:   <TractionDemo_am263x-cc_r5fss0-0_nortos_ti-arm-clang.out>
ENTRY POINT SYMBOL: "_vectors"  address: 00000000


MEMORY CONFIGURATION

         name            origin    length      used     unused   attr    fill
----------------------  --------  ---------  --------  --------  ----  --------
  R5F_VECS              00000000   00000040  00000040  00000000  RWIX
  R5F_TCMA0             00000040   00003fc0  0000244c  00001b74  RWIX
  R5F_TCMA1             00004000   00002000  00000000  00002000  RWIX
  R5F_TCMA2             00006000   00002000  00000000  00002000  RWIX
  R5F_TCMB1             00080000   00004000  00000c9c  00003364  RWIX
  R5F_TCMB2             00084000   00004000  0000351c  00000ae4  RWIX
  FLASH                 60100000   00080000  00000000  00080000  RWIX
  OCRAM                 70080000   00040000  0002d4d8  00012b28  RWIX
  USER_SHM_MEM          701d0000   00004000  00000000  00004000  RWIX
  LOG_SHM_MEM           701d4000   00004000  00000000  00004000  RWIX
  RTOS_NORTOS_IPC_SHM_M 72000000   00003e80  00000000  00003e80  RWIX


SEGMENT ALLOCATION MAP

run origin  load origin   length   init length attrs members
----------  ----------- ---------- ----------- ----- -------
00000000    00000000    00000f98   00000f98    r-x
  00000000    00000000    00000040   00000040    r-x .vectors
  00000040    00000040    000000e8   000000e8    r-x .text.sqrtf
  00000128    00000128    00000250   00000250    r-x .text.sinf
  00000378    00000378    000000b0   000000b0    r-x .text.__kernel_sindf
  00000428    00000428    00000230   00000230    r-x .text.cosf
  00000658    00000658    000000b0   000000b0    r-x .text.__kernel_cosdf
  00000708    00000708    00000738   00000738    r-x .text.__kernel_rem_pio2
  00000e40    00000e40    00000108   00000108    r-- .rodata.ipio2
  00000f48    00000f48    00000040   00000040    r-- .rodata.PIo2
  00000f88    00000f88    00000010   00000010    r-- .rodata.cst16
00000f98    00000f98    000000f4   000000f4    rw-
  00000f98    00000f98    000000f0   000000f0    rw- .data._ftable
  00001088    00001088    00000004   00000004    rw- .data.__TI_ft_end
00001090    00001090    00001400   00000000    r--
  00001090    00001090    00000100   00000000    r-- .irqstack
  00001190    00001190    00000100   00000000    r-- .fiqstack
  00001290    00001290    00001000   00000000    r-- .svcstack
  00002290    00002290    00000100   00000000    r-- .abortstack
  00002390    00002390    00000100   00000000    r-- .undefinedstack
00080000    00080000    00000c9c   00000c9c    r-x
  00080000    00080000    00000c9c   00000c9c    r-x .tcmb_code
00084000    00084000    0000351c   0000351c    rw-
  00084000    00084000    0000351c   0000351c    rw- .tcmb_data
70080000    70080000    0001dff0   0001dff0    r-x
  70080000    70080000    0001c3e0   0001c3e0    r-x .text
  7009c3e0    7009c3e0    00001c10   00001c10    r-- .rodata
7009dff0    7009dff0    0000da38   00000000    rw-
  7009dff0    7009dff0    00001a38   00000000    rw- .bss
  7009fa28    7009fa28    00008000   00000000    rw- .sysmem
  700a7a28    700a7a28    00004000   00000000    rw- .stack
700aba30    700aba30    00001328   00001328    r-x
  700aba30    700aba30    00000a80   00000a80    r-x .text.hwi
  700ac4b0    700ac4b0    00000490   00000490    r-x .text.cache
  700ac940    700ac940    000002d0   000002d0    r-x .text.mpu
  700acc10    700acc10    00000140   00000140    r-x .text.boot
  700acd50    700acd50    00000008   00000008    r-x .text:abort
700acd58    700acd58    00000788   00000788    rw-
  700acd58    700acd58    00000788   00000788    rw- .data


SECTION ALLOCATION MAP

 output                                  attributes/
section   page    origin      length       input sections
--------  ----  ----------  ----------   ----------------
.vectors   0    00000000    00000040     
                  00000000    00000040     nortos.am263x.r5f.ti-arm-clang.debug.lib : HwiP_armv7r_vectors_nortos_asm.obj (.vectors)

.text.sqrtf 
*          0    00000040    000000e8     
                  00000040    000000dc     libc.a : e_sqrtf.c.obj (.text.sqrtf)
                  0000011c    00000008            : aeabi_portable.c.obj (.tramp.__aeabi_errno_addr.1)
                  00000124    00000004     --HOLE-- [fill = 0]

.text.sinf 
*          0    00000128    00000250     
                  00000128    00000250     libc.a : s_sinf.c.obj (.text.sinf)

.text.__kernel_sindf 
*          0    00000378    000000b0     
                  00000378    00000058     libc.a : s_cosf.c.obj (.text.__kernel_sindf)
                  000003d0    00000058            : s_sinf.c.obj (.text.__kernel_sindf)

.text.cosf 
*          0    00000428    00000230     
                  00000428    00000230     libc.a : s_cosf.c.obj (.text.cosf)

.text.__kernel_cosdf 
*          0    00000658    000000b0     
                  00000658    00000058     libc.a : s_cosf.c.obj (.text.__kernel_cosdf)
                  000006b0    00000058            : s_sinf.c.obj (.text.__kernel_cosdf)

.text.__kernel_rem_pio2 
*          0    00000708    00000738     
                  00000708    00000720     libc.a : k_rem_pio2.c.obj (.text.__kernel_rem_pio2)
                  00000e28    00000008     libclang_rt.builtins.a : divsi3.S.obj (.tramp.__aeabi_idiv.1)
                  00000e30    00000008     libc.a : s_scalbn.c.obj (.tramp.scalbnl.1)
                  00000e38    00000008            : s_floor.c.obj (.tramp.floor.1)

.rodata.ipio2 
*          0    00000e40    00000108     
                  00000e40    00000108     libc.a : k_rem_pio2.c.obj (.rodata.ipio2)

.rodata.PIo2 
*          0    00000f48    00000040     
                  00000f48    00000040     libc.a : k_rem_pio2.c.obj (.rodata.PIo2)

.rodata.cst16 
*          0    00000f88    00000010     
                  00000f88    00000010     libc.a : k_rem_pio2.c.obj (.rodata.cst16)

.data._ftable 
*          0    00000f98    000000f0     
                  00000f98    000000f0     libc.a : defs.c.obj (.data._ftable)

.data.__TI_ft_end 
*          0    00001088    00000004     
                  00001088    00000004     libc.a : defs.c.obj (.data.__TI_ft_end)

.irqstack 
*          0    00001090    00000100     UNINITIALIZED
                  00001090    00000100     --HOLE--

.fiqstack 
*          0    00001190    00000100     UNINITIALIZED
                  00001190    00000100     --HOLE--

.svcstack 
*          0    00001290    00001000     UNINITIALIZED
                  00001290    00001000     --HOLE--

.abortstack 
*          0    00002290    00000100     UNINITIALIZED
                  00002290    00000100     --HOLE--

.undefinedstack 
*          0    00002390    00000100     UNINITIALIZED
                  00002390    00000100     --HOLE--

.text      0    70080000    0001c3e0     
                  70080000    00005414     ti_drivers_open_close.o (.text.Drivers_epwmOpen)
                  70085414    0000000c     libc.a : aeabi_portable.c.obj (.text.__aeabi_errno_addr)
                  70085420    00001e10     ti_drivers_open_close.o (.text.Drivers_adcOpen)
                  70087230    00000ed0     libc.a : _printfi.c.obj (.text:__TI_printfi)
                  70088100    00000a34     nortos.am263x.r5f.ti-arm-clang.debug.lib : printf.obj (.text._vsnprintf)
                  70088b34    0000000c     libc.a : memory.c.obj (.text.malloc)
                  70088b40    00000574     drivers.am263x.r5f.ti-arm-clang.debug.lib : soc_rcm.obj (.text.SOC_rcmGetClkSrcAndDivReg)
                  700890b4    0000000c     nortos.am263x.r5f.ti-arm-clang.debug.lib : CpuId_armv7r_asm.obj (.text)
                  700890c0    00000546     drivers.am263x.r5f.ti-arm-clang.debug.lib : soc_rcm.obj (.text.SOC_rcmEnablePeripheralClock)
                  70089606    00000002     --HOLE-- [fill = 0]
                  70089608    00000008     libc.a : atof.c.obj (.text.atof)
                  70089610    00000526     nortos.am263x.r5f.ti-arm-clang.debug.lib : printf.obj (.text._ftoa)
                  70089b36    00000002     --HOLE-- [fill = 0]
                  70089b38    000004c4     libc.a : strtod.c.obj (.text.strtod)
                  70089ffc    00000004            : _lock.c.obj (.text._nop)
                  7008a000    00000498     RDC_HAL.o (.text.RDCexc_start)
                  7008a498    00000004     libc.a : fseek.c.obj (.text.fseek)
                  7008a49c    00000004     libsysbm.a : remove.c.obj (.text.remove)
                  7008a4a0    00000478     nortos.am263x.r5f.ti-arm-clang.debug.lib : printf.obj (.text._etoa)
                  7008a918    00000004     libclang_rt.builtins.a : aeabi_memcpy.S.obj (.text)
                  7008a91c    00000004     --HOLE-- [fill = 0]
                  7008a920    00000458     FOC_loop.o (.text.FOCcal_ISR)
                  7008ad78    00000008     libc.a : e_sqrtf.c.obj (.tramp.sqrtf.1)
                  7008ad80    000003c0     FOC_loop.o (.text.FOC_init)
                  7008b140    00000344     drivers.am263x.r5f.ti-arm-clang.debug.lib : edma.obj (.text.EDMA_initialize)
                  7008b484    0000000c     --HOLE-- [fill = 0]
                  7008b490    000002e4     ti_drivers_open_close.o (.text.EPWM_setADCTriggerSource)
                  7008b774    0000000c     --HOLE-- [fill = 0]
                  7008b780    00000286     drivers.am263x.r5f.ti-arm-clang.debug.lib : uart_v0.obj (.text.UART_open)
                  7008ba06    00000002     --HOLE-- [fill = 0]
                  7008ba08    00000278     libc.a : _printfi.c.obj (.text._pconv_a)
                  7008bc80    0000026a     drivers.am263x.r5f.ti-arm-clang.debug.lib : mcspi_v0.obj (.text.MCSPI_open)
                  7008beea    00000006     --HOLE-- [fill = 0]
                  7008bef0    00000260                                               : mcspi_v0.obj (.text.MCSPI_setChConfig)
                  7008c150    00000242                                               : uart_v0.obj (.text.UART_fifoConfig)
                  7008c392    0000000e     --HOLE-- [fill = 0]
                  7008c3a0    0000023e     nortos.am263x.r5f.ti-arm-clang.debug.lib : printf.obj (.text._ntoa_format)
                  7008c5de    00000002     --HOLE-- [fill = 0]
                  7008c5e0    00000234     drivers.am263x.r5f.ti-arm-clang.debug.lib : soc.obj (.text.SOC_virtToPhy)
                  7008c814    00000004     --HOLE-- [fill = 0]
                  7008c818    00000230     libc.a : _printfi.c.obj (.text._pconv_g)
                  7008ca48    00000008     --HOLE-- [fill = 0]
                  7008ca50    00000228     drivers.am263x.r5f.ti-arm-clang.debug.lib : uart_v0.obj (.text.UART_masterIsr)
                  7008cc78    00000008     --HOLE-- [fill = 0]
                  7008cc80    00000226                                               : edma.obj (.text.Alloc_resource)
                  7008cea6    0000000a     --HOLE-- [fill = 0]
                  7008ceb0    00000210     Serial_CLI.o (.text.handler__set_test_voltage)
                  7008d0c0    00000208     ti_drivers_open_close.o (.text.EPWM_setInterruptSource)
                  7008d2c8    00000008     --HOLE-- [fill = 0]
                  7008d2d0    00000200     RDC_HAL.o (.text.RDCexc_update)
                  7008d4d0    000001fa     nortos.am263x.r5f.ti-arm-clang.debug.lib : TimerP_rti.obj (.text.TimerP_setup)
                  7008d6ca    00000006     --HOLE-- [fill = 0]
                  7008d6d0    000001ee     drivers.am263x.r5f.ti-arm-clang.debug.lib : uart_v0.obj (.text.UART_write)
                  7008d8be    00000002     --HOLE-- [fill = 0]
                  7008d8c0    000001e6                                               : edma.obj (.text.EDMA_deinitialize)
                  7008daa6    00000002     --HOLE-- [fill = 0]
                  7008daa8    000001d0     libclang_rt.builtins.a : udivsi3.S.obj (.text)
                  7008dc78    00000008     --HOLE-- [fill = 0]
                  7008dc80    000001c4     cli.o (.text.cli_process)
                  7008de44    000001bc     libc.a : memory.c.obj (.text.free)
                  7008e000    000001ba     drivers.am263x.r5f.ti-arm-clang.debug.lib : mcspi_v0.obj (.text.MCSPI_continueTxRx)
                  7008e1ba    00000006     --HOLE-- [fill = 0]
                  7008e1c0    000001b8     ti_drivers_open_close.o (.text.Drivers_mcspiOpen)
                  7008e378    00000008     --HOLE-- [fill = 0]
                  7008e380    000001b2     drivers.am263x.r5f.ti-arm-clang.debug.lib : edma.obj (.text.EDMA_transferCompletionMasterIsrFxn)
                  7008e532    0000000e     --HOLE-- [fill = 0]
                  7008e540    000001b0                                               : uart_v0.obj (.text.UART_close)
                  7008e6f0    000001b0     libc.a : memory.c.obj (.text.aligned_alloc)
                  7008e8a0    000001a8     ti_drivers_open_close.o (.text.EPWM_setXCMPActionQualifierAction)
                  7008ea48    00000008     --HOLE-- [fill = 0]
                  7008ea50    0000019e     drivers.am263x.r5f.ti-arm-clang.debug.lib : edma.obj (.text.EDMA_open)
                  7008ebee    00000002     --HOLE-- [fill = 0]
                  7008ebf0    0000018c                                               : mcspi_v0.obj (.text.MCSPI_slaveIsr)
                  7008ed7c    00000004     --HOLE-- [fill = 0]
                  7008ed80    0000018c     cli.o (.text.cli_put)
                  7008ef0c    00000004     --HOLE-- [fill = 0]
                  7008ef10    00000188     foc.o (.text.motor_init)
                  7008f098    00000008     --HOLE-- [fill = 0]
                  7008f0a0    00000184     FOC_loop.o (.text.LoopLog_run)
                  7008f224    0000000c     --HOLE-- [fill = 0]
                  7008f230    0000017e     drivers.am263x.r5f.ti-arm-clang.debug.lib : mcspi_v0.obj (.text.MCSPI_continueSlaveTxRx)
                  7008f3ae    00000002     --HOLE-- [fill = 0]
                  7008f3b0    00000178                                               : uart_v0.obj (.text.UART_configInstance)
                  7008f528    00000008     --HOLE-- [fill = 0]
                  7008f530    00000172     nortos.am263x.r5f.ti-arm-clang.debug.lib : ClockP_nortos_r5.obj (.text.ClockP_init)
                  7008f6a2    0000000e     --HOLE-- [fill = 0]
                  7008f6b0    00000164     FOC_loop.o (.text.resolver_run)
                  7008f814    0000000c     --HOLE-- [fill = 0]
                  7008f820    00000158     drivers.am263x.r5f.ti-arm-clang.debug.lib : soc.obj (.text.SOC_controlModuleUnlockMMR)
                  7008f978    00000008     --HOLE-- [fill = 0]
                  7008f980    00000154     FOC_loop.o (.text.SVGEN_run)
                  7008fad4    00000004     --HOLE-- [fill = 0]
                  7008fad8    00000154     libc.a : s_floor.c.obj (.text.floor)
                  7008fc2c    00000004     --HOLE-- [fill = 0]
                  7008fc30    00000150     drivers.am263x.r5f.ti-arm-clang.debug.lib : uart_v0.obj (.text.UART_procLineStatusErr)
                  7008fd80    0000014c                                               : mcspi_v0.obj (.text.MCSPI_masterIsr)
                  7008fecc    00000004     --HOLE-- [fill = 0]
                  7008fed0    00000148                                               : edma.obj (.text.EDMA_allocResource)
                  70090018    00000148     libc.a : _printfi.c.obj (.text.fcvt)
                  70090160    00000148            : setvbuf.c.obj (.text.setvbuf)
                  700902a8    00000008     --HOLE-- [fill = 0]
                  700902b0    00000140     Serial_CLI.o (.text.handler__set_speed)
                  700903f0    00000140     libc.a : s_scalbn.c.obj (.text.scalbn)
                  70090530    00000138     nortos.am263x.r5f.ti-arm-clang.debug.lib : printf.obj (.text._ntoa_long_long)
                  70090668    00000008     --HOLE-- [fill = 0]
                  70090670    00000130     drivers.am263x.r5f.ti-arm-clang.debug.lib : soc_rcm.obj (.text.SOC_rcmGetPeripheralClockFrequency)
                  700907a0    00000130     libc.a : _printfi.c.obj (.text._pconv_e)
                  700908d0    0000012c     drivers.am263x.r5f.ti-arm-clang.debug.lib : mcspi_v0.obj (.text.MCSPI_close)
                  700909fc    00000004     --HOLE-- [fill = 0]
                  70090a00    00000128     Serial_Cmd_HAL.o (.text.UART_getCharFifo)
                  70090b28    00000008     --HOLE-- [fill = 0]
                  70090b30    00000126     drivers.am263x.r5f.ti-arm-clang.debug.lib : soc.obj (.text.SOC_controlModuleLockMMR)
                  70090c56    0000000a     --HOLE-- [fill = 0]
                  70090c60    00000120     ti_drivers_open_close.o (.text.EPWM_setFallingEdgeDeadBandDelayInput)
                  70090d80    0000011c     ti_drivers_open_close.o (.text.Drivers_uartOpen)
                  70090e9c    00000004     --HOLE-- [fill = 0]
                  70090ea0    0000011c     ti_drivers_open_close.o (.text.SOC_xbarSelectDMAXBarInputSource)
                  70090fbc    00000004     --HOLE-- [fill = 0]
                  70090fc0    00000118     ti_drivers_open_close.o (.text.Drivers_edmaOpen)
                  700910d8    00000008     --HOLE-- [fill = 0]
                  700910e0    00000118     FOC_loop.o (.text.rampControl)
                  700911f8    00000118     libclang_rt.builtins.a : udivmoddi4.S.obj (.text)
                  70091310    00000116     drivers.am263x.r5f.ti-arm-clang.debug.lib : uart_v0.obj (.text.UART_divisorLatchWrite)
                  70091426    0000000a     --HOLE-- [fill = 0]
                  70091430    00000114     nortos.am263x.r5f.ti-arm-clang.debug.lib : printf.obj (.text._ntoa_long)
                  70091544    0000000c     --HOLE-- [fill = 0]
                  70091550    0000010e     drivers.am263x.r5f.ti-arm-clang.debug.lib : soc_rcm.obj (.text.SOC_rcmADPLLJGetFOut)
                  7009165e    00000002     --HOLE-- [fill = 0]
                  70091660    0000010c     ti_drivers_open_close.o (.text.EPWM_setCounterCompareShadowLoadMode)
                  7009176c    00000004     --HOLE-- [fill = 0]
                  70091770    00000100     ti_drivers_open_close.o (.text.ADC_setBurstModeConfig)
                  70091870    000000fc     trinv_main.o (.text.trinv_main)
                  7009196c    00000004     --HOLE-- [fill = 0]
                  70091970    000000f8     FOC_loop.o (.text.FOC_run)
                  70091a68    00000008     --HOLE-- [fill = 0]
                  70091a70    000000f2     drivers.am263x.r5f.ti-arm-clang.debug.lib : adc.obj (.text.ADC_setPPBTripLimits)
                  70091b62    0000000e     --HOLE-- [fill = 0]
                  70091b70    000000f2                                               : mcspi_v0.obj (.text.MCSPI_configInstance)
                  70091c62    0000000e     --HOLE-- [fill = 0]
                  70091c70    000000f0                                               : mcspi_v0.obj (.text.MCSPI_initiateLastChunkTransfer)
                  70091d60    000000f0     nortos.am263x.r5f.ti-arm-clang.debug.lib : SemaphoreP_nortos.obj (.text.SemaphoreP_pend)
                  70091e50    000000ec     ti_drivers_open_close.o (.text.EPWM_setADCTriggerEventPrescale)
                  70091f3c    00000004     --HOLE-- [fill = 0]
                  70091f40    000000ec     ti_drivers_open_close.o (.text.SOC_xbarSelectInterruptXBarInputSource)
                  7009202c    00000004     --HOLE-- [fill = 0]
                  70092030    000000ea     drivers.am263x.r5f.ti-arm-clang.debug.lib : soc_rcm.obj (.text.SOC_rcmGetCoreFout)
                  7009211a    00000006     --HOLE-- [fill = 0]
                  70092120    000000ea                                               : soc_rcm.obj (.text.SOC_rcmGetPerFout)
                  7009220a    00000006     --HOLE-- [fill = 0]
                  70092210    000000e8     Serial_Cmd_HAL.o (.text.SerialCmd_send)
                  700922f8    000000e8     libc.a : fputc.c.obj (.text.fputc)
                  700923e0    000000de     drivers.am263x.r5f.ti-arm-clang.debug.lib : uart_v0.obj (.text.UART_intrEnable)
                  700924be    00000002     --HOLE-- [fill = 0]
                  700924c0    000000dc                                               : mcspi_v0.obj (.text.MCSPI_setClkConfig)
                  7009259c    00000004     --HOLE-- [fill = 0]
                  700925a0    000000da                                               : uart_v0.obj (.text.UART_intrDisable)
                  7009267a    00000006     --HOLE-- [fill = 0]
                  70092680    000000d8     Serial_CLI.o (.text.handler__set_motor_state)
                  70092758    00000008     --HOLE-- [fill = 0]
                  70092760    000000d4     ti_drivers_open_close.o (.text.EPWM_setADCTriggerEventCountInitValue)
                  70092834    0000000c     --HOLE-- [fill = 0]
                  70092840    000000d4     FOC_loop.o (.text.FOC_cal)
                  70092914    0000000c     --HOLE-- [fill = 0]
                  70092920    000000d4     drivers.am263x.r5f.ti-arm-clang.debug.lib : mcspi_v0.obj (.text.MCSPI_stop)
                  700929f4    0000000c     --HOLE-- [fill = 0]
                  70092a00    000000cc                                               : edma.obj (.text.EDMA_enableChInShadowRegRegion)
                  70092acc    00000004     --HOLE-- [fill = 0]
                  70092ad0    000000cc                                               : uart_v0.obj (.text.UART_flushTxFifo)
                  70092b9c    000000cc     libc.a : getdevice.c.obj (.text.getdevice)
                  70092c68    00000008     --HOLE-- [fill = 0]
                  70092c70    000000ca     drivers.am263x.r5f.ti-arm-clang.debug.lib : mcspi_v0.obj (.text.MCSPI_chConfig)
                  70092d3a    00000006     --HOLE-- [fill = 0]
                  70092d40    000000c4     ti_drivers_open_close.o (.text.ADC_setupSOC)
                  70092e04    0000000c     --HOLE-- [fill = 0]
                  70092e10    000000c4     drivers.am263x.r5f.ti-arm-clang.debug.lib : edma.obj (.text.EDMA_mapChToEvtQ)
                  70092ed4    0000000c     --HOLE-- [fill = 0]
                  70092ee0    000000c4     ti_drivers_open_close.o (.text.EPWM_setActionQualifierAction)
                  70092fa4    0000000c     --HOLE-- [fill = 0]
                  70092fb0    000000c4     drivers.am263x.r5f.ti-arm-clang.debug.lib : soc_rcm.obj (.text.SOC_rcmGetPerHSDivOut)
                  70093074    0000000c     --HOLE-- [fill = 0]
                  70093080    000000c2                                               : uart_v0.obj (.text.UART_writePolling)
                  70093142    0000000e     --HOLE-- [fill = 0]
                  70093150    000000c0     ti_drivers_open_close.o (.text.EPWM_setValleyTriggerEdgeCounts)
                  70093210    000000c0     ti_drivers_config.o (.text.System_init)
                  700932d0    000000c0     nortos.am263x.r5f.ti-arm-clang.debug.lib : printf.obj (.text._out_rev)
                  70093390    000000bc     libc.a : _printfi.c.obj (.text._mcpy)
                  7009344c    00000004     --HOLE-- [fill = 0]
                  70093450    000000ba     nortos.am263x.r5f.ti-arm-clang.debug.lib : ClockP_nortos.obj (.text.ClockP_stop)
                  7009350a    00000006     --HOLE-- [fill = 0]
                  70093510    000000ba     drivers.am263x.r5f.ti-arm-clang.debug.lib : uart_v0.obj (.text.UART_init)
                  700935ca    00000006     --HOLE-- [fill = 0]
                  700935d0    000000b8     nortos.am263x.r5f.ti-arm-clang.debug.lib : ClockP_nortos.obj (.text.ClockP_timerTickIsr)
                  70093688    00000008     --HOLE-- [fill = 0]
                  70093690    000000b8     drivers.am263x.r5f.ti-arm-clang.debug.lib : edma.obj (.text.EDMA_close)
                  70093748    00000008     --HOLE-- [fill = 0]
                  70093750    000000b6                                               : edma.obj (.text.EDMA_configureChannelRegion)
                  70093806    0000000a     --HOLE-- [fill = 0]
                  70093810    000000b4                                               : mcspi_v0.obj (.text.MCSPI_fifoRead)
                  700938c4    000000b4     libc.a : fclose.c.obj (.text.__TI_closefile)
                  70093978    00000008     --HOLE-- [fill = 0]
                  70093980    000000b0     ti_drivers_open_close.o (.text.HRPWM_setHiResCounterCompareValue)
                  70093a30    000000b0     drivers.am263x.r5f.ti-arm-clang.debug.lib : soc_rcm.obj (.text.SOC_rcmSetPeripheralClock)
                  70093ae0    000000b0     FOC_loop.o (.text.TRINV_HAL_setPwmOutput)
                  70093b90    000000ac     ti_drivers_open_close.o (.text.EPWM_setRisingEdgeDeadBandDelayInput)
                  70093c3c    000000ac     libc.a : fseek.c.obj (.text.fseeko)
                  70093ce8    00000008     --HOLE-- [fill = 0]
                  70093cf0    000000aa     drivers.am263x.r5f.ti-arm-clang.debug.lib : uart_v0.obj (.text.UART_fifoWrite)
                  70093d9a    00000006     --HOLE-- [fill = 0]
                  70093da0    000000a8     nortos.am263x.r5f.ti-arm-clang.debug.lib : ClockP_nortos.obj (.text.ClockP_addToList)
                  70093e48    00000008     --HOLE-- [fill = 0]
                  70093e50    000000a8                                              : ClockP_nortos.obj (.text.ClockP_destruct)
                  70093ef8    00000008     --HOLE-- [fill = 0]
                  70093f00    000000a8     ti_drivers_open_close.o (.text.EPWM_enableTripZoneInterrupt)
                  70093fa8    00000008     --HOLE-- [fill = 0]
                  70093fb0    000000a8     ti_drivers_open_close.o (.text.EPWM_selectDigitalCompareCBCLatchClearEvent)
                  70094058    00000008     --HOLE-- [fill = 0]
                  70094060    000000a8     ti_drivers_open_close.o (.text.EPWM_setDigitalCompareCBCLatchMode)
                  70094108    00000008     --HOLE-- [fill = 0]
                  70094110    000000a8     ti_drivers_open_close.o (.text.EPWM_setDigitalCompareEventSyncMode)
                  700941b8    00000008     --HOLE-- [fill = 0]
                  700941c0    000000a8     FOC_loop.o (.text.resolver_init)
                  70094268    00000008     --HOLE-- [fill = 0]
                  70094270    000000a4     ti_drivers_open_close.o (.text.EPWM_disableGlobalLoadRegisters)
                  70094314    0000000c     --HOLE-- [fill = 0]
                  70094320    000000a4     ti_drivers_open_close.o (.text.EPWM_setDigitalCompareEventSource)
                  700943c4    0000000c     --HOLE-- [fill = 0]
                  700943d0    000000a4     FOC_loop.o (.text.rampGen)
                  70094474    000000a4     libc.a : memory.c.obj (.text.split)
                  70094518    00000008     --HOLE-- [fill = 0]
                  70094520    000000a2     drivers.am263x.r5f.ti-arm-clang.debug.lib : soc_rcm.obj (.text.SOC_rcmGetCoreHSDivOut)
                  700945c2    0000000e     --HOLE-- [fill = 0]
                  700945d0    000000a0     ti_drivers_open_close.o (.text.EPWM_configureDiodeEmulationTripSources)
                  70094670    000000a0     ti_drivers_open_close.o (.text.EPWM_setDiodeEmulationMonitorModeStep)
                  70094710    000000a0     ti_drivers_open_close.o (.text.EPWM_setInterruptEventCount)
                  700947b0    000000a0     libsysbm.a : hostrename.c.obj (.text.HOSTrename)
                  70094850    0000009c     ti_drivers_open_close.o (.text.EPWM_setXCMPShadowRepeatBufxCount)
                  700948ec    00000098     libsysbm.a : hostlseek.c.obj (.text.HOSTlseek)
                  70094984    0000000c     --HOLE-- [fill = 0]
                  70094990    00000098     drivers.am263x.r5f.ti-arm-clang.debug.lib : mcspi_v0.obj (.text.MCSPI_init)
                  70094a28    00000098     libc.a : _io_perm.c.obj (.text.__TI_wrt_ok)
                  70094ac0    00000096     drivers.am263x.r5f.ti-arm-clang.debug.lib : soc.obj (.text.SOC_enableAdcReference)
                  70094b56    0000000a     --HOLE-- [fill = 0]
                  70094b60    00000096                                               : uart_v0.obj (.text.UART_subConfigTCRTLRModeEn)
                  70094bf6    0000000a     --HOLE-- [fill = 0]
                  70094c00    00000094                                               : edma.obj (.text.EDMA_deinit)
                  70094c94    0000000c     --HOLE-- [fill = 0]
                  70094ca0    00000094                                               : edma.obj (.text.EDMA_init)
                  70094d34    00000094     libsysbm.a : hostopen.c.obj (.text.HOSTopen)
                  70094dc8    00000008     --HOLE-- [fill = 0]
                  70094dd0    00000094     FOC_loop.o (.text.dq_limiter_run)
                  70094e64    0000000c     --HOLE-- [fill = 0]
                  70094e70    00000092     drivers.am263x.r5f.ti-arm-clang.debug.lib : uart_v0.obj (.text.UART_writeCancelNoCB)
                  70094f02    0000000e     --HOLE-- [fill = 0]
                  70094f10    00000090     ti_drivers_open_close.o (.text.EPWM_setActionQualifierShadowLoadMode)
                  70094fa0    00000090     ti_drivers_open_close.o (.text.EPWM_setDeadBandOutputSwapMode)
                  70095030    0000008c     drivers.am263x.r5f.ti-arm-clang.debug.lib : edma.obj (.text.EDMA_enableTransferRegion)
                  700950bc    00000004     --HOLE-- [fill = 0]
                  700950c0    0000008c     ti_drivers_open_close.o (.text.EPWM_selectDiodeEmulationPWMsignal)
                  7009514c    00000004     --HOLE-- [fill = 0]
                  70095150    0000008c     ti_drivers_open_close.o (.text.EPWM_selectDiodeEmulationTripSignal)
                  700951dc    00000004     --HOLE-- [fill = 0]
                  700951e0    0000008c     ti_drivers_open_close.o (.text.EPWM_setDeadBandDelayMode)
                  7009526c    00000004     --HOLE-- [fill = 0]
                  70095270    0000008c     drivers.am263x.r5f.ti-arm-clang.debug.lib : mcspi_v0.obj (.text.MCSPI_fifoWrite)
                  700952fc    00000004     --HOLE-- [fill = 0]
                  70095300    0000008c     FOC_loop.o (.text.PWM_clamp)
                  7009538c    00000004     --HOLE-- [fill = 0]
                  70095390    00000088     ti_drivers_open_close.o (.text.ADC_disablePPBEvent)
                  70095418    00000008     --HOLE-- [fill = 0]
                  70095420    00000088     ti_drivers_open_close.o (.text.ADC_disablePPBEventInterrupt)
                  700954a8    00000008     --HOLE-- [fill = 0]
                  700954b0    00000088     nortos.am263x.r5f.ti-arm-clang.debug.lib : ClockP_nortos.obj (.text.ClockP_getTimeUsec)
                  70095538    00000008     --HOLE-- [fill = 0]
                  70095540    00000088     ti_drivers_open_close.o (.text.Drivers_edmaClose)
                  700955c8    00000008     --HOLE-- [fill = 0]
                  700955d0    00000088     ti_drivers_open_close.o (.text.Drivers_mcspiClose)
                  70095658    00000008     --HOLE-- [fill = 0]
                  70095660    00000088     ti_drivers_open_close.o (.text.Drivers_uartClose)
                  700956e8    00000008     --HOLE-- [fill = 0]
                  700956f0    00000088     ti_drivers_open_close.o (.text.EPWM_setChopperDutyCycle)
                  70095778    00000008     --HOLE-- [fill = 0]
                  70095780    00000088     ti_drivers_open_close.o (.text.EPWM_setDiodeEmulationMode)
                  70095808    00000008     --HOLE-- [fill = 0]
                  70095810    00000088     ti_drivers_open_close.o (.text.EPWM_setGlobalLoadEventPrescale)
                  70095898    00000008     --HOLE-- [fill = 0]
                  700958a0    00000088     ti_drivers_open_close.o (.text.EPWM_setXCMPLoadMode)
                  70095928    00000008     --HOLE-- [fill = 0]
                  70095930    00000088     Serial_Cmd_HAL.o (.text.SerialCmd_read)
                  700959b8    00000008     --HOLE-- [fill = 0]
                  700959c0    00000088     Serial_Cmd_HAL.o (.text.UART_checkCharsAvailInFifo)
                  70095a48    00000088     libc.a : _ltoa.c.obj (.text.__TI_ltoa)
                  70095ad0    00000088            : _printfi.c.obj (.text._ecpy)
                  70095b58    00000008     --HOLE-- [fill = 0]
                  70095b60    00000086     drivers.am263x.r5f.ti-arm-clang.debug.lib : uart_v0.obj (.text.UART_tcrTlrBitValRestore)
                  70095be6    0000000a     --HOLE-- [fill = 0]
                  70095bf0    00000084     ti_drivers_open_close.o (.text.DAC_setShadowValue)
                  70095c74    0000000c     --HOLE-- [fill = 0]
                  70095c80    00000084     ti_drivers_open_close.o (.text.EPWM_enableDigitalCompareTripCombinationInput)
                  70095d04    0000000c     --HOLE-- [fill = 0]
                  70095d10    00000084     ti_drivers_open_close.o (.text.EPWM_setActionQualifierContSWForceAction)
                  70095d94    0000000c     --HOLE-- [fill = 0]
                  70095da0    00000084     ti_drivers_open_close.o (.text.EPWM_setActionQualifierSWAction)
                  70095e24    0000000c     --HOLE-- [fill = 0]
                  70095e30    00000084     ti_drivers_open_close.o (.text.EPWM_setChopperFirstPulseWidth)
                  70095eb4    0000000c     --HOLE-- [fill = 0]
                  70095ec0    00000084     ti_drivers_open_close.o (.text.EPWM_setChopperFreq)
                  70095f44    00000084     libsysbm.a : hostread.c.obj (.text.HOSTread)
                  70095fc8    00000084                : hostwrite.c.obj (.text.HOSTwrite)
                  7009604c    00000004     --HOLE-- [fill = 0]
                  70096050    00000084     ti_drivers_open_close.o (.text.HRPWM_setHiResFallingEdgeDelayOnly)
                  700960d4    0000000c     --HOLE-- [fill = 0]
                  700960e0    00000084     ti_power_clock_config.o (.text.Module_clockSetFrequency)
                  70096164    0000000c     --HOLE-- [fill = 0]
                  70096170    00000084     drivers.am263x.r5f.ti-arm-clang.debug.lib : uart_dma.obj (.text.UART_dmaDisableChannel)
                  700961f4    00000084     libsysbm.a : close.c.obj (.text.close)
                  70096278    00000008     --HOLE-- [fill = 0]
                  70096280    00000084     FOC_loop.o (.text.theta_limiter)
                  70096304    0000000c     --HOLE-- [fill = 0]
                  70096310    00000080     ti_drivers_open_close.o (.text.HRPWM_setHiResRisingEdgeDelay)
                  70096390    00000080     ti_drivers_open_close.o (.text.HRPWM_setSyncPulseSource)
                  70096410    00000080     drivers.am263x.r5f.ti-arm-clang.debug.lib : uart_dma.obj (.text.UART_dmaClose)
                  70096490    00000080                                               : uart_v0.obj (.text.UART_readData)
                  70096510    00000080     libc.a : fflush.c.obj (.text.__TI_doflush)
                  70096590    0000007c     ti_drivers_open_close.o (.text.EPWM_enableSyncOutPulseSource)
                  7009660c    00000004     --HOLE-- [fill = 0]
                  70096610    0000007c     ti_drivers_open_close.o (.text.EPWM_setInterruptEventCountInitValue)
                  7009668c    00000004     --HOLE-- [fill = 0]
                  70096690    0000007c     ti_drivers_open_close.o (.text.EPWM_setTripZoneAdvAction)
                  7009670c    0000007c     libc.a : ti_fmax.c.obj (.text.fminf)
                  70096788    0000007c            : s_frexp.c.obj (.text.frexp)
                  70096804    0000000c     --HOLE-- [fill = 0]
                  70096810    0000007a     drivers.am263x.r5f.ti-arm-clang.debug.lib : uart_v0.obj (.text.UART_Params_init)
                  7009688a    00000006     --HOLE-- [fill = 0]
                  70096890    0000007a     nortos.am263x.r5f.ti-arm-clang.debug.lib : DebugP_log.obj (.text._DebugP_assert)
                  7009690a    00000006     --HOLE-- [fill = 0]
                  70096910    00000078     drivers.am263x.r5f.ti-arm-clang.debug.lib : edma.obj (.text.EDMA_linkChannel)
                  70096988    00000008     --HOLE-- [fill = 0]
                  70096990    00000078     ti_drivers_open_close.o (.text.EPWM_setTripZoneAdvDigitalCompareActionB)
                  70096a08    00000008     --HOLE-- [fill = 0]
                  70096a10    00000078     filter.o (.text.FILTER_FO_init)
                  70096a88    00000078     libc.a : ti_fmax.c.obj (.text.fmaxf)
                  70096b00    00000074     ti_drivers_open_close.o (.text.ADC_setInterruptSource)
                  70096b74    0000000c     --HOLE-- [fill = 0]
                  70096b80    00000074     nortos.am263x.r5f.ti-arm-clang.debug.lib : ClockP_nortos.obj (.text.ClockP_construct)
                  70096bf4    0000000c     --HOLE-- [fill = 0]
                  70096c00    00000074     ti_drivers_open_close.o (.text.EPWM_disableADCTrigger)
                  70096c74    0000000c     --HOLE-- [fill = 0]
                  70096c80    00000074     FOC_loop.o (.text.EPWM_setCounterCompareValue)
                  70096cf4    0000000c     --HOLE-- [fill = 0]
                  70096d00    00000074     ti_drivers_open_close.o (.text.EPWM_setCounterCompareValue)
                  70096d74    0000000c     --HOLE-- [fill = 0]
                  70096d80    00000074     ti_drivers_open_close.o (.text.EPWM_setTripZoneAdvDigitalCompareActionA)
                  70096df4    0000000c     --HOLE-- [fill = 0]
                  70096e00    00000074     FOC_loop.o (.text.LoopLog_init)
                  70096e74    0000000c     --HOLE-- [fill = 0]
                  70096e80    00000074     ti_power_clock_config.o (.text.Module_clockDisable)
                  70096ef4    0000000c     --HOLE-- [fill = 0]
                  70096f00    00000074     ti_power_clock_config.o (.text.Module_clockEnable)
                  70096f74    0000000c     --HOLE-- [fill = 0]
                  70096f80    00000074     Serial_Cmd_HAL.o (.text.UART_readLineStatus)
                  70096ff4    00000074     libc.a : _printfi.c.obj (.text._pconv_f)
                  70097068    00000074            : strtok.c.obj (.text.strtok)
                  700970dc    00000004     --HOLE-- [fill = 0]
                  700970e0    00000072     nortos.am263x.r5f.ti-arm-clang.debug.lib : ClockP_nortos.obj (.text.ClockP_usleep)
                  70097152    0000000e     --HOLE-- [fill = 0]
                  70097160    00000072     drivers.am263x.r5f.ti-arm-clang.debug.lib : edma.obj (.text.EDMA_clrMissEvtRegion)
                  700971d2    0000000e     --HOLE-- [fill = 0]
                  700971e0    00000070     ti_drivers_open_close.o (.text.EPWM_enableADCTrigger)
                  70097250    00000070     ti_drivers_open_close.o (.text.EPWM_setDigitalCompareBlankingEvent)
                  700972c0    00000070     ti_drivers_open_close.o (.text.EPWM_setDigitalCompareCounterShadowMode)
                  70097330    00000070     ti_drivers_open_close.o (.text.HRPWM_setOutputSwapMode)
                  700973a0    00000070     drivers.am263x.r5f.ti-arm-clang.debug.lib : uart_dma.obj (.text.UART_dmaOpen)
                  70097410    0000006c                                               : edma.obj (.text.EDMA_getBaseAddr)
                  7009747c    00000004     --HOLE-- [fill = 0]
                  70097480    0000006c     ti_drivers_open_close.o (.text.EPWM_setCountModeAfterSync)
                  700974ec    0000006c     libsysbm.a : hostunlink.c.obj (.text.HOSTunlink)
                  70097558    00000008     --HOLE-- [fill = 0]
                  70097560    0000006c     drivers.am263x.r5f.ti-arm-clang.debug.lib : mcspi_dma.obj (.text.MCSPI_dmaOpen)
                  700975cc    0000006c     libc.a : atoi.c.obj (.text.atoi)
                  70097638    0000006c            : getdevice.c.obj (.text.finddevice)
                  700976a4    0000000c     --HOLE-- [fill = 0]
                  700976b0    0000006a     drivers.am263x.r5f.ti-arm-clang.debug.lib : soc.obj (.text.SOC_setEpwmTbClk)
                  7009771a    00000006     --HOLE-- [fill = 0]
                  70097720    00000068     ti_drivers_open_close.o (.text.ADC_enableInterrupt)
                  70097788    00000008     --HOLE-- [fill = 0]
                  70097790    00000068     ti_drivers_open_close.o (.text.EPWM_setFallingEdgeDelayCount)
                  700977f8    00000008     --HOLE-- [fill = 0]
                  70097800    00000068     ti_drivers_open_close.o (.text.EPWM_setPeriodLoadMode)
                  70097868    00000008     --HOLE-- [fill = 0]
                  70097870    00000068     ti_drivers_open_close.o (.text.EPWM_setRisingEdgeDelayCount)
                  700978d8    00000008     --HOLE-- [fill = 0]
                  700978e0    00000068     ti_drivers_open_close.o (.text.HRPWM_setHiResPhaseShift)
                  70097948    00000008     --HOLE-- [fill = 0]
                  70097950    00000068     drivers.am263x.r5f.ti-arm-clang.debug.lib : uart_v0.obj (.text.UART_divisorValCompute)
                  700979b8    00000008     --HOLE-- [fill = 0]
                  700979c0    00000064     ti_drivers_open_close.o (.text.ADC_disableContinuousMode)
                  70097a24    0000000c     --HOLE-- [fill = 0]
                  70097a30    00000064     ti_drivers_open_close.o (.text.ADC_disableInterrupt)
                  70097a94    0000000c     --HOLE-- [fill = 0]
                  70097aa0    00000064     ti_drivers_open_close.o (.text.HRPWM_setHiResTimeBasePeriod)
                  70097b04    0000000c     --HOLE-- [fill = 0]
                  70097b10    00000064     drivers.am263x.r5f.ti-arm-clang.debug.lib : soc_rcm.obj (.text.SOC_rcmIsR5FInLockStepMode)
                  70097b74    0000000c     --HOLE-- [fill = 0]
                  70097b80    00000064     FOC_loop.o (.text.initRampControl)
                  70097be4    0000000c     --HOLE-- [fill = 0]
                  70097bf0    00000062     drivers.am263x.r5f.ti-arm-clang.debug.lib : soc_rcm.obj (.text.SOC_rcmInsert16)
                  70097c52    0000000e     --HOLE-- [fill = 0]
                  70097c60    00000060     ti_drivers_open_close.o (.text.EPWM_setDeadBandDelayPolarity)
                  70097cc0    00000060     libsysbm.a : hostclose.c.obj (.text.HOSTclose)
                  70097d20    00000060     drivers.am263x.r5f.ti-arm-clang.debug.lib : uart_v0.obj (.text.UART_getChar)
                  70097d80    00000060     cli.o (.text.cli_init)
                  70097de0    0000005e     drivers.am263x.r5f.ti-arm-clang.debug.lib : uart_v0.obj (.text.UART_writeData)
                  70097e3e    00000002     --HOLE-- [fill = 0]
                  70097e40    0000005c     ti_drivers_open_close.o (.text.ADC_setPPBCalibrationOffset)
                  70097e9c    00000004     --HOLE-- [fill = 0]
                  70097ea0    0000005c     FOC_loop.o (.text.FILTER_FO_run)
                  70097efc    00000004     --HOLE-- [fill = 0]
                  70097f00    0000005c     FOC_loop.o (.text.GPIO_pinWriteHigh)
                  70097f5c    00000004     --HOLE-- [fill = 0]
                  70097f60    0000005c     trinv_main.o (.text.GPIO_pinWriteHigh)
                  70097fbc    00000004     --HOLE-- [fill = 0]
                  70097fc0    0000005c     FOC_loop.o (.text.GPIO_pinWriteLow)
                  7009801c    00000004     --HOLE-- [fill = 0]
                  70098020    0000005c     FOC_loop.o (.text.clarke_run)
                  7009807c    00000004     --HOLE-- [fill = 0]
                  70098080    0000005c     Serial_CLI.o (.text.serial_cli_consumeChar)
                  700980dc    0000005c     libc.a : autoinit.c.obj (.text:__TI_auto_init_nobinit_nopinit)
                  70098138    00000008     --HOLE-- [fill = 0]
                  70098140    0000005a     nortos.am263x.r5f.ti-arm-clang.debug.lib : SemaphoreP_nortos.obj (.text.SemaphoreP_post)
                  7009819a    00000006     --HOLE-- [fill = 0]
                  700981a0    0000005a     drivers.am263x.r5f.ti-arm-clang.debug.lib : uart_v0.obj (.text.UART_regConfigModeEnable)
                  700981fa    00000006     --HOLE-- [fill = 0]
                  70098200    00000058     ti_drivers_open_close.o (.text.ADC_setInterruptSOCTrigger)
                  70098258    00000008     --HOLE-- [fill = 0]
                  70098260    00000058     ti_dpl_config.o (.text.Dpl_init)
                  700982b8    00000008     --HOLE-- [fill = 0]
                  700982c0    00000058     drivers.am263x.r5f.ti-arm-clang.debug.lib : soc_rcm.obj (.text.SOC_rcmGetModuleClkDivVal)
                  70098318    00000008     --HOLE-- [fill = 0]
                  70098320    00000058                                               : soc.obj (.text.SOC_setEpwmGroup)
                  70098378    00000008     --HOLE-- [fill = 0]
                  70098380    00000058     ti_drivers_config.o (.text.System_deinit)
                  700983d8    00000058     libsysbm.a : trgmsg.c.obj (.text.__TI_readmsg)
                  70098430    00000058                : trgmsg.c.obj (.text.__TI_writemsg)
                  70098488    00000058     libc.a : _printfi.c.obj (.text._fcpy)
                  700984e0    00000058     FOC_loop.o (.text.ipark_run)
                  70098538    00000008     --HOLE-- [fill = 0]
                  70098540    00000058     FOC_loop.o (.text.park_run)
                  70098598    00000008     --HOLE-- [fill = 0]
                  700985a0    00000058     Serial_CLI.o (.text.serial_cli_init)
                  700985f8    00000058     libc.a : sprintf.c.obj (.text.sprintf)
                  70098650    00000056     nortos.am263x.r5f.ti-arm-clang.debug.lib : SemaphoreP_nortos.obj (.text.SemaphoreP_construct)
                  700986a6    0000000a     --HOLE-- [fill = 0]
                  700986b0    00000054     ti_drivers_open_close.o (.text.ADC_setupPPB)
                  70098704    0000000c     --HOLE-- [fill = 0]
                  70098710    00000054     drivers.am263x.r5f.ti-arm-clang.debug.lib : edma.obj (.text.EDMA_setPaRAM)
                  70098764    0000000c     --HOLE-- [fill = 0]
                  70098770    00000054     ti_drivers_open_close.o (.text.EPWM_allocAXCMP)
                  700987c4    0000000c     --HOLE-- [fill = 0]
                  700987d0    00000054     ti_drivers_open_close.o (.text.EPWM_selectDigitalCompareTripInput)
                  70098824    0000000c     --HOLE-- [fill = 0]
                  70098830    00000054     ti_drivers_open_close.o (.text.EPWM_setClockPrescaler)
                  70098884    0000000c     --HOLE-- [fill = 0]
                  70098890    00000054     ti_drivers_open_close.o (.text.HRPWM_setCounterCompareShadowLoadEvent)
                  700988e4    0000000c     --HOLE-- [fill = 0]
                  700988f0    00000054     ti_drivers_open_close.o (.text.HRPWM_setMEPControlMode)
                  70098944    0000000c     --HOLE-- [fill = 0]
                  70098950    00000054     Serial_CLI.o (.text.UART_Transaction_init)
                  700989a4    0000000c     --HOLE-- [fill = 0]
                  700989b0    00000054     drivers.am263x.r5f.ti-arm-clang.debug.lib : uart_dma.obj (.text.UART_writeInterruptDma)
                  70098a04    00000054     libc.a : fopen.c.obj (.text.__TI_cleanup)
                  70098a58    00000054            : exit.c.obj (.text.exit)
                  70098aac    00000004     --HOLE-- [fill = 0]
                  70098ab0    00000050     ti_drivers_open_close.o (.text.Drivers_dacOpen)
                  70098b00    00000050     ti_drivers_open_close.o (.text.EPWM_disableSplitXCMP)
                  70098b50    00000050     ti_drivers_open_close.o (.text.EPWM_setTripZoneAction)
                  70098ba0    00000050     ti_drivers_open_close.o (.text.EPWM_setTripZoneDigitalCompareEventCondition)
                  70098bf0    00000050     ti_drivers_open_close.o (.text.HRPWM_setMEPEdgeSelect)
                  70098c40    00000050     drivers.am263x.r5f.ti-arm-clang.debug.lib : pinmux.obj (.text.Pinmux_config)
                  70098c90    0000004e                                               : edma.obj (.text.EDMA_clrEvtRegion)
                  70098cde    00000002     --HOLE-- [fill = 0]
                  70098ce0    0000004e                                               : edma.obj (.text.EDMA_clrIntrRegion)
                  70098d2e    00000002     --HOLE-- [fill = 0]
                  70098d30    0000004e                                               : edma.obj (.text.EDMA_disableDmaEvtRegion)
                  70098d7e    00000002     --HOLE-- [fill = 0]
                  70098d80    0000004e                                               : edma.obj (.text.EDMA_disableEvtIntrRegion)
                  70098dce    00000002     --HOLE-- [fill = 0]
                  70098dd0    0000004e                                               : edma.obj (.text.EDMA_enableDmaEvtRegion)
                  70098e1e    00000002     --HOLE-- [fill = 0]
                  70098e20    0000004e                                               : edma.obj (.text.EDMA_setEvtRegion)
                  70098e6e    00000002     --HOLE-- [fill = 0]
                  70098e70    0000004e                                               : gpio.obj (.text.GPIO_setDirMode)
                  70098ebe    00000002     --HOLE-- [fill = 0]
                  70098ec0    0000004c     ti_drivers_open_close.o (.text.ADC_disablePPBEventCBCClear)
                  70098f0c    00000004     --HOLE-- [fill = 0]
                  70098f10    0000004c     ti_drivers_open_close.o (.text.ADC_disablePPBTwosComplement)
                  70098f5c    00000004     --HOLE-- [fill = 0]
                  70098f60    0000004c     drivers.am263x.r5f.ti-arm-clang.debug.lib : edma.obj (.text.EDMA_mapQdmaChToPaRAM)
                  70098fac    00000004     --HOLE-- [fill = 0]
                  70098fb0    0000004c     ti_drivers_open_close.o (.text.EPWM_disableActionQualifierShadowLoadMode)
                  70098ffc    00000004     --HOLE-- [fill = 0]
                  70099000    0000004c     ti_drivers_open_close.o (.text.EPWM_disableDigitalCompareADCTrigger)
                  7009904c    00000004     --HOLE-- [fill = 0]
                  70099050    0000004c     ti_drivers_open_close.o (.text.EPWM_setDigitalCompareEdgeFilterEdgeCount)
                  7009909c    00000004     --HOLE-- [fill = 0]
                  700990a0    0000004c     ti_drivers_open_close.o (.text.EPWM_setDiodeEmulationMonitorCounterThreshold)
                  700990ec    00000004     --HOLE-- [fill = 0]
                  700990f0    0000004c     drivers.am263x.r5f.ti-arm-clang.debug.lib : mcspi_v0.obj (.text.MCSPI_fifoRead16)
                  7009913c    00000004     --HOLE-- [fill = 0]
                  70099140    0000004c                                               : mcspi_v0.obj (.text.MCSPI_fifoRead32)
                  7009918c    00000004     --HOLE-- [fill = 0]
                  70099190    0000004c                                               : mcspi_v0.obj (.text.MCSPI_fifoRead8)
                  700991dc    00000004     --HOLE-- [fill = 0]
                  700991e0    0000004c                                               : mcspi_v0.obj (.text.MCSPI_fifoWrite16)
                  7009922c    00000004     --HOLE-- [fill = 0]
                  70099230    0000004c                                               : mcspi_v0.obj (.text.MCSPI_fifoWrite32)
                  7009927c    00000004     --HOLE-- [fill = 0]
                  70099280    0000004c                                               : mcspi_v0.obj (.text.MCSPI_fifoWrite8)
                  700992cc    00000004     --HOLE-- [fill = 0]
                  700992d0    0000004c     Serial_Cmd_HAL.o (.text.SerialCmd_init)
                  7009931c    00000004     --HOLE-- [fill = 0]
                  70099320    0000004c     drivers.am263x.r5f.ti-arm-clang.debug.lib : uart_v0.obj (.text.UART_fifoRegisterWrite)
                  7009936c    00000004     --HOLE-- [fill = 0]
                  70099370    0000004a                                               : mcspi_v0.obj (.text.MCSPI_checkChConfig)
                  700993ba    00000006     --HOLE-- [fill = 0]
                  700993c0    0000004a                                               : uart_v0.obj (.text.UART_getIntrIdentityStatus)
                  7009940a    00000006     --HOLE-- [fill = 0]
                  70099410    0000004a                                               : uart_v0.obj (.text.UART_lineCharConfig)
                  7009945a    00000006     --HOLE-- [fill = 0]
                  70099460    00000048                                               : edma.obj (.text.EDMA_ccPaRAMEntry_init)
                  700994a8    00000008     --HOLE-- [fill = 0]
                  700994b0    00000048     ti_drivers_open_close.o (.text.EPWM_selectCycleByCycleTripZoneClearEvent)
                  700994f8    00000008     --HOLE-- [fill = 0]
                  70099500    00000048     ti_drivers_open_close.o (.text.EPWM_setDigitalCompareEdgeFilterMode)
                  70099548    00000008     --HOLE-- [fill = 0]
                  70099550    00000048     ti_drivers_open_close.o (.text.EPWM_setDiodeEmulationReentryDelay)
                  70099598    00000008     --HOLE-- [fill = 0]
                  700995a0    00000048     ti_drivers_open_close.o (.text.EPWM_setFallingEdgeDelayCountShadowLoadMode)
                  700995e8    00000008     --HOLE-- [fill = 0]
                  700995f0    00000048     ti_drivers_open_close.o (.text.EPWM_setXCMPShadowBufPtrLoadOnce)
                  70099638    00000008     --HOLE-- [fill = 0]
                  70099640    00000048     ti_drivers_open_close.o (.text.EPWM_setXCMPShadowLevel)
                  70099688    00000008     --HOLE-- [fill = 0]
                  70099690    00000048     FOC_loop.o (.text.FOC_setMotorRunState)
                  700996d8    00000008     --HOLE-- [fill = 0]
                  700996e0    00000048     FOC_loop.o (.text.MATH_max)
                  70099728    00000008     --HOLE-- [fill = 0]
                  70099730    00000048     FOC_loop.o (.text.MATH_min)
                  70099778    00000008     --HOLE-- [fill = 0]
                  70099780    00000048     FOC_loop.o (.text.MATH_sat)
                  700997c8    00000008     --HOLE-- [fill = 0]
                  700997d0    00000048     drivers.am263x.r5f.ti-arm-clang.debug.lib : mcspi_v0.obj (.text.MCSPI_checkOpenParams)
                  70099818    00000008     --HOLE-- [fill = 0]
                  70099820    00000048     FOC_loop.o (.text.initRampGen)
                  70099868    00000048     libc.a : memccpy.c.obj (.text.memccpy)
                  700998b0    00000048     Serial_CLI.o (.text.serial_cli_println)
                  700998f8    00000048     libc.a : strcspn.c.obj (.text.strcspn)
                  70099940    00000048     trinv_main.o (.text.trinv_init)
                  70099988    00000048     libsysbm.a : unlink.c.obj (.text.unlink)
                  700999d0    00000046     drivers.am263x.r5f.ti-arm-clang.debug.lib : uart_v0.obj (.text.UART_readLineStatus)
                  70099a16    0000000a     --HOLE-- [fill = 0]
                  70099a20    00000044     ti_drivers_open_close.o (.text.Drivers_intXbarOpen)
                  70099a64    0000000c     --HOLE-- [fill = 0]
                  70099a70    00000044     ti_drivers_open_close.o (.text.EPWM_disableADCTriggerEventCountInit)
                  70099ab4    0000000c     --HOLE-- [fill = 0]
                  70099ac0    00000044     ti_drivers_open_close.o (.text.EPWM_setDeadBandCounterClock)
                  70099b04    0000000c     --HOLE-- [fill = 0]
                  70099b10    00000044     ti_drivers_open_close.o (.text.EPWM_setDigitalCompareFilterInput)
                  70099b54    0000000c     --HOLE-- [fill = 0]
                  70099b60    00000044     ti_drivers_open_close.o (.text.EPWM_setRisingEdgeDelayCountShadowLoadMode)
                  70099ba4    0000000c     --HOLE-- [fill = 0]
                  70099bb0    00000044     ti_drivers_open_close.o (.text.EPWM_setValleyDelayDivider)
                  70099bf4    0000000c     --HOLE-- [fill = 0]
                  70099c00    00000044     FOC_loop.o (.text.MATH_abs)
                  70099c44    0000000c     --HOLE-- [fill = 0]
                  70099c50    00000044     drivers.am263x.r5f.ti-arm-clang.debug.lib : soc_rcm.obj (.text.SOC_rcmExtract8)
                  70099c94    0000000c     --HOLE-- [fill = 0]
                  70099ca0    00000044                                               : soc_rcm.obj (.text.SOC_rcmMake16)
                  70099ce4    0000000c     --HOLE-- [fill = 0]
                  70099cf0    00000044     nortos.am263x.r5f.ti-arm-clang.debug.lib : DebugP_nortos.obj (.text._DebugP_logZone)
                  70099d34    0000000c     --HOLE-- [fill = 0]
                  70099d40    00000044                                              : printf.obj (.text._strnlen_s)
                  70099d84    00000044     libc.a : strspn.c.obj (.text.strspn)
                  70099dc8    00000008     --HOLE-- [fill = 0]
                  70099dd0    00000042     nortos.am263x.r5f.ti-arm-clang.debug.lib : ClockP_nortos.obj (.text.ClockP_start)
                  70099e12    0000000e     --HOLE-- [fill = 0]
                  70099e20    00000042     drivers.am263x.r5f.ti-arm-clang.debug.lib : uart_v0.obj (.text.UART_checkOpenParams)
                  70099e62    0000000e     --HOLE-- [fill = 0]
                  70099e70    00000040     FOC_loop.o (.text.ADC_setPPBReferenceOffset)
                  70099eb0    00000040     ti_drivers_open_close.o (.text.ADC_setPPBReferenceOffset)
                  70099ef0    00000040     ti_drivers_open_close.o (.text.ADC_setPrescaler)
                  70099f30    00000040     ti_drivers_open_close.o (.text.ADC_setSOCPriority)
                  70099f70    00000040     ti_drivers_open_close.o (.text.DAC_setLoadMode)
                  70099fb0    00000040     ti_drivers_open_close.o (.text.DAC_setReferenceVoltage)
                  70099ff0    00000040     ti_drivers_open_close.o (.text.Drivers_dmaXbarOpen)
                  7009a030    00000040     ti_drivers_open_close.o (.text.EPWM_disableDiodeEmulationMonitorModeControl)
                  7009a070    00000040     ti_drivers_open_close.o (.text.EPWM_nobypassDiodeEmulationLogic)
                  7009a0b0    00000040     ti_drivers_open_close.o (.text.EPWM_setActionQualifierContSWForceShadowMode)
                  7009a0f0    00000040     ti_drivers_open_close.o (.text.EPWM_setActionQualifierT1TriggerSource)
                  7009a130    00000040     ti_drivers_open_close.o (.text.EPWM_setActionQualifierT2TriggerSource)
                  7009a170    00000040     ti_drivers_open_close.o (.text.EPWM_setDeadBandControlShadowLoadMode)
                  7009a1b0    00000040     ti_drivers_open_close.o (.text.EPWM_setGlobalLoadTrigger)
                  7009a1f0    00000040     ti_drivers_open_close.o (.text.EPWM_setOneShotSyncOutTrigger)
                  7009a230    00000040     ti_drivers_open_close.o (.text.EPWM_setValleyTriggerSource)
                  7009a270    00000040     ti_drivers_open_close.o (.text.EPWM_setXCMPRegValue)
                  7009a2b0    00000040     ti_drivers_open_close.o (.text.HRPWM_setChannelBOutputPath)
                  7009a2f0    00000040     ti_drivers_open_close.o (.text.HRPWM_setDeadbandMEPEdgeSelect)
                  7009a330    00000040     ti_drivers_open_close.o (.text.HRPWM_setFallingEdgeDelayLoadMode)
                  7009a370    00000040     ti_drivers_open_close.o (.text.HRPWM_setRisingEdgeDelayLoadMode)
                  7009a3b0    00000040     drivers.am263x.r5f.ti-arm-clang.debug.lib : mcspi_v0.obj (.text.MCSPI_fifoWriteDefault)
                  7009a3f0    00000040                                               : mcspi_v0.obj (.text.Spi_mcspiGetRxMask)
                  7009a430    00000040                                               : mcspi_v0.obj (.text.Spi_mcspiGetTxMask)
                  7009a470    00000040     libc.a : memory.c.obj (.text.free_list_insert)
                  7009a4b0    0000003e     drivers.am263x.r5f.ti-arm-clang.debug.lib : pinmux.obj (.text.Pinmux_unlockMMR)
                  7009a4ee    00000002     --HOLE-- [fill = 0]
                  7009a4f0    0000003e                                               : uart_v0.obj (.text.UART_spaceAvail)
                  7009a52e    00000002     --HOLE-- [fill = 0]
                  7009a530    0000003c     ti_drivers_open_close.o (.text.ADC_setInterruptPulseMode)
                  7009a56c    00000004     --HOLE-- [fill = 0]
                  7009a570    0000003c     ti_drivers_open_close.o (.text.EPWM_disableDiodeEmulationMode)
                  7009a5ac    00000004     --HOLE-- [fill = 0]
                  7009a5b0    0000003c     ti_drivers_open_close.o (.text.EPWM_disableXCMPMode)
                  7009a5ec    00000004     --HOLE-- [fill = 0]
                  7009a5f0    0000003c     ti_drivers_open_close.o (.text.EPWM_enableTripZoneSignals)
                  7009a62c    00000004     --HOLE-- [fill = 0]
                  7009a630    0000003c     ti_drivers_open_close.o (.text.EPWM_setPhaseShift)
                  7009a66c    00000004     --HOLE-- [fill = 0]
                  7009a670    0000003c     ti_drivers_open_close.o (.text.EPWM_setSyncInPulseSource)
                  7009a6ac    00000004     --HOLE-- [fill = 0]
                  7009a6b0    0000003c     ti_drivers_open_close.o (.text.EPWM_setTimeBaseCounterMode)
                  7009a6ec    00000004     --HOLE-- [fill = 0]
                  7009a6f0    0000003c     drivers.am263x.r5f.ti-arm-clang.debug.lib : uart_v0.obj (.text.UART_enhanFuncEnable)
                  7009a72c    00000004     --HOLE-- [fill = 0]
                  7009a730    0000003c                                               : uart_v0.obj (.text.UART_resetModule)
                  7009a76c    00000004     --HOLE-- [fill = 0]
                  7009a770    0000003c                                               : uart_v0.obj (.text.UART_writeDataPolling)
                  7009a7ac    00000004     --HOLE-- [fill = 0]
                  7009a7b0    0000003a                                               : soc.obj (.text.SOC_moduleSetClockFrequency)
                  7009a7ea    00000006     --HOLE-- [fill = 0]
                  7009a7f0    0000003a     nortos.am263x.r5f.ti-arm-clang.debug.lib : printf.obj (.text._atoi)
                  7009a82a    00000006     --HOLE-- [fill = 0]
                  7009a830    00000038     drivers.am263x.r5f.ti-arm-clang.debug.lib : adc.obj (.text.ADC_setMode)
                  7009a868    00000008     --HOLE-- [fill = 0]
                  7009a870    00000038                                               : mcspi_v0.obj (.text.CSL_REG32_FINS_RAW)
                  7009a8a8    00000008     --HOLE-- [fill = 0]
                  7009a8b0    00000038                                               : edma.obj (.text.EDMA_qdmaClrMissEvtRegion)
                  7009a8e8    00000008     --HOLE-- [fill = 0]
                  7009a8f0    00000038     ti_drivers_open_close.o (.text.EPWM_disableDigitalCompareBlankingWindow)
                  7009a928    00000008     --HOLE-- [fill = 0]
                  7009a930    00000038     ti_drivers_open_close.o (.text.EPWM_disableDigitalCompareEdgeFilter)
                  7009a968    00000008     --HOLE-- [fill = 0]
                  7009a970    00000038     ti_drivers_open_close.o (.text.EPWM_disableDigitalCompareWindowInverseMode)
                  7009a9a8    00000008     --HOLE-- [fill = 0]
                  7009a9b0    00000038     ti_drivers_open_close.o (.text.EPWM_disableFallingEdgeDelayCountShadowLoadMode)
                  7009a9e8    00000008     --HOLE-- [fill = 0]
                  7009a9f0    00000038     ti_drivers_open_close.o (.text.EPWM_disableInterruptEventCountInit)
                  7009aa28    00000008     --HOLE-- [fill = 0]
                  7009aa30    00000038     ti_drivers_open_close.o (.text.EPWM_disableRisingEdgeDelayCountShadowLoadMode)
                  7009aa68    00000008     --HOLE-- [fill = 0]
                  7009aa70    00000038     ti_drivers_open_close.o (.text.EPWM_disableTripZoneAdvAction)
                  7009aaa8    00000008     --HOLE-- [fill = 0]
                  7009aab0    00000038     ti_drivers_open_close.o (.text.EPWM_disableValleyHWDelay)
                  7009aae8    00000008     --HOLE-- [fill = 0]
                  7009aaf0    00000038     FOC_loop.o (.text.FOC_setSpeedRef)
                  7009ab28    00000008     --HOLE-- [fill = 0]
                  7009ab30    00000038     FOC_loop.o (.text.FOC_setVd)
                  7009ab68    00000008     --HOLE-- [fill = 0]
                  7009ab70    00000038     FOC_loop.o (.text.FOC_setVq)
                  7009aba8    00000008     --HOLE-- [fill = 0]
                  7009abb0    00000038     ti_drivers_open_close.o (.text.SOC_xbarSelectEdmaTrigXbarInputSource)
                  7009abe8    00000008     --HOLE-- [fill = 0]
                  7009abf0    00000038     cli.o (.text.cli_print)
                  7009ac28    00000008     --HOLE-- [fill = 0]
                  7009ac30    00000038     main.o (.text.main)
                  7009ac68    00000008     --HOLE-- [fill = 0]
                  7009ac70    00000036     drivers.am263x.r5f.ti-arm-clang.debug.lib : edma.obj (.text.EDMA_getRegionId)
                  7009aca6    0000000a     --HOLE-- [fill = 0]
                  7009acb0    00000036                                               : mcspi_v0.obj (.text.MCSPI_reset)
                  7009ace6    0000000a     --HOLE-- [fill = 0]
                  7009acf0    00000036                                               : uart_v0.obj (.text.UART_checkTransaction)
                  7009ad26    0000000a     --HOLE-- [fill = 0]
                  7009ad30    00000034     FOC_loop.o (.text.ADC_clearInterruptStatus)
                  7009ad64    0000000c     --HOLE-- [fill = 0]
                  7009ad70    00000034     ti_drivers_open_close.o (.text.ADC_disableBurstMode)
                  7009ada4    0000000c     --HOLE-- [fill = 0]
                  7009adb0    00000034     ti_drivers_open_close.o (.text.DAC_enableOutput)
                  7009ade4    0000000c     --HOLE-- [fill = 0]
                  7009adf0    00000034     ti_drivers_open_close.o (.text.EPWM_disableChopper)
                  7009ae24    0000000c     --HOLE-- [fill = 0]
                  7009ae30    00000034     ti_drivers_open_close.o (.text.EPWM_disableDeadBandControlShadowLoadMode)
                  7009ae64    0000000c     --HOLE-- [fill = 0]
                  7009ae70    00000034     ti_drivers_open_close.o (.text.EPWM_disableDigitalCompareCounterCapture)
                  7009aea4    0000000c     --HOLE-- [fill = 0]
                  7009aeb0    00000034     ti_drivers_open_close.o (.text.EPWM_disableGlobalLoad)
                  7009aee4    0000000c     --HOLE-- [fill = 0]
                  7009aef0    00000034     ti_drivers_open_close.o (.text.EPWM_disableGlobalLoadOneShotMode)
                  7009af24    0000000c     --HOLE-- [fill = 0]
                  7009af30    00000034     ti_drivers_open_close.o (.text.EPWM_disableInterrupt)
                  7009af64    0000000c     --HOLE-- [fill = 0]
                  7009af70    00000034     ti_drivers_open_close.o (.text.EPWM_disableValleyCapture)
                  7009afa4    0000000c     --HOLE-- [fill = 0]
                  7009afb0    00000034     ti_drivers_open_close.o (.text.EPWM_lockRegisters)
                  7009afe4    0000000c     --HOLE-- [fill = 0]
                  7009aff0    00000034     ti_drivers_open_close.o (.text.HRPWM_disableAutoConversion)
                  7009b024    0000000c     --HOLE-- [fill = 0]
                  7009b030    00000034     ti_drivers_open_close.o (.text.HRPWM_disablePeriodControl)
                  7009b064    0000000c     --HOLE-- [fill = 0]
                  7009b070    00000034     ti_drivers_open_close.o (.text.HRPWM_disablePhaseShiftLoad)
                  7009b0a4    0000000c     --HOLE-- [fill = 0]
                  7009b0b0    00000034     drivers.am263x.r5f.ti-arm-clang.debug.lib : mcspi_v0.obj (.text.MCSPI_fifoReadDiscard)
                  7009b0e4    0000000c     --HOLE-- [fill = 0]
                  7009b0f0    00000034                                               : pinmux.obj (.text.Pinmux_lockMMR)
                  7009b124    0000000c     --HOLE-- [fill = 0]
                  7009b130    00000034     nortos.am263x.r5f.ti-arm-clang.debug.lib : TimerP_rti.obj (.text.TimerP_Params_init)
                  7009b164    0000000c     --HOLE-- [fill = 0]
                  7009b170    00000034     Serial_CLI.o (.text.handler__print_help)
                  7009b1a4    00000034     libsysbm.a : lseek.c.obj (.text.lseek)
                  7009b1d8    00000034                : write.c.obj (.text.write)
                  7009b20c    00000004     --HOLE-- [fill = 0]
                  7009b210    00000032     drivers.am263x.r5f.ti-arm-clang.debug.lib : edma.obj (.text.HW_WR_FIELD32_RAW)
                  7009b242    0000000e     --HOLE-- [fill = 0]
                  7009b250    00000032                                               : uart_v0.obj (.text.HW_WR_FIELD32_RAW)
                  7009b282    0000000e     --HOLE-- [fill = 0]
                  7009b290    00000032     nortos.am263x.r5f.ti-arm-clang.debug.lib : TimerP_rti.obj (.text.TimerP_getCount)
                  7009b2c2    0000000e     --HOLE-- [fill = 0]
                  7009b2d0    00000032     drivers.am263x.r5f.ti-arm-clang.debug.lib : uart_v0.obj (.text.UART_enhanFuncBitValRestore)
                  7009b302    0000000e     --HOLE-- [fill = 0]
                  7009b310    00000032                                               : uart_v0.obj (.text.UART_hardwareFlowCtrlOptSet)
                  7009b342    0000000e     --HOLE-- [fill = 0]
                  7009b350    00000030     ti_drivers_open_close.o (.text.ADC_enableConverter)
                  7009b380    00000030     ti_drivers_open_close.o (.text.EPWM_enablePhaseShiftLoad)
                  7009b3b0    00000030     drivers.am263x.r5f.ti-arm-clang.debug.lib : uart_v0.obj (.text.UART_flowCtrlTrigLvlConfig)
                  7009b3e0    00000030     libc.a : memory.c.obj (.text.free_list_remove)
                  7009b410    0000002e     drivers.am263x.r5f.ti-arm-clang.debug.lib : mcspi_v0.obj (.text.MCSPI_clearAllIrqStatus)
                  7009b43e    00000002     --HOLE-- [fill = 0]
                  7009b440    0000002e                                               : mcspi_v0.obj (.text.MCSPI_deinit)
                  7009b46e    00000002     --HOLE-- [fill = 0]
                  7009b470    0000002e                                               : uart_v0.obj (.text.UART_deinit)
                  7009b49e    00000002     --HOLE-- [fill = 0]
                  7009b4a0    0000002e     nortos.am263x.r5f.ti-arm-clang.debug.lib : printf.obj (.text._is_digit)
                  7009b4ce    00000002     --HOLE-- [fill = 0]
                  7009b4d0    0000002c     FOC_loop.o (.text.ADC_readPPBResult)
                  7009b4fc    00000004     --HOLE-- [fill = 0]
                  7009b500    0000002c     nortos.am263x.r5f.ti-arm-clang.debug.lib : DebugP_log.obj (.text.DebugP_logZoneEnable)
                  7009b52c    00000004     --HOLE-- [fill = 0]
                  7009b530    0000002c     ti_drivers_open_close.o (.text.Drivers_open)
                  7009b55c    00000004     --HOLE-- [fill = 0]
                  7009b560    0000002c     ti_drivers_open_close.o (.text.EPWM_setDigitalCompareWindowLength)
                  7009b58c    00000004     --HOLE-- [fill = 0]
                  7009b590    0000002c     ti_drivers_open_close.o (.text.EPWM_setDigitalCompareWindowOffset)
                  7009b5bc    00000004     --HOLE-- [fill = 0]
                  7009b5c0    0000002c     drivers.am263x.r5f.ti-arm-clang.debug.lib : etpwm.obj (.text.EPWM_setEmulationMode)
                  7009b5ec    00000004     --HOLE-- [fill = 0]
                  7009b5f0    0000002c     nortos.am263x.r5f.ti-arm-clang.debug.lib : SemaphoreP_nortos.obj (.text.SemaphoreP_constructBinary)
                  7009b61c    00000004     --HOLE-- [fill = 0]
                  7009b620    0000002c     drivers.am263x.r5f.ti-arm-clang.debug.lib : uart_v0.obj (.text.UART_moduleReset)
                  7009b64c    0000002c     libc.a : sprintf.c.obj (.text._outs)
                  7009b678    0000002c     libclang_rt.builtins.a : divsi3.S.obj (.text)
                  7009b6a4    0000000c     --HOLE-- [fill = 0]
                  7009b6b0    0000002a     nortos.am263x.r5f.ti-arm-clang.debug.lib : ClockP_nortos.obj (.text.ClockP_sleepTicks)
                  7009b6da    00000006     --HOLE-- [fill = 0]
                  7009b6e0    0000002a     drivers.am263x.r5f.ti-arm-clang.debug.lib : mcspi_v0.obj (.text.MCSPI_intrStatusClear)
                  7009b70a    00000006     --HOLE-- [fill = 0]
                  7009b710    0000002a                                               : uart_v0.obj (.text.UART_intr2Disable)
                  7009b73a    00000006     --HOLE-- [fill = 0]
                  7009b740    0000002a                                               : uart_v0.obj (.text.UART_operatingModeSelect)
                  7009b76a    00000006     --HOLE-- [fill = 0]
                  7009b770    00000028     FOC_loop.o (.text.ADC_readResult)
                  7009b798    00000008     --HOLE-- [fill = 0]
                  7009b7a0    00000028     nortos.am263x.r5f.ti-arm-clang.debug.lib : CpuId_armv7r.obj (.text.CSL_armR5GetCpuID)
                  7009b7c8    00000008     --HOLE-- [fill = 0]
                  7009b7d0    00000028     ti_drivers_open_close.o (.text.EPWM_setTimeBaseCounter)
                  7009b7f8    00000008     --HOLE-- [fill = 0]
                  7009b800    00000028     ti_drivers_open_close.o (.text.EPWM_setTimeBasePeriod)
                  7009b828    00000008     --HOLE-- [fill = 0]
                  7009b830    00000028     ti_drivers_open_close.o (.text.EPWM_setValleySWDelayValue)
                  7009b858    00000008     --HOLE-- [fill = 0]
                  7009b860    00000028     drivers.am263x.r5f.ti-arm-clang.debug.lib : uart_v0.obj (.text.UART_getBaseAddr)
                  7009b888    00000028     libc.a : _printfi.c.obj (.text.strchr)
                  7009b8b0    00000028     nortos.am263x.r5f.ti-arm-clang.debug.lib : printf.obj (.text.vprintf_)
                  7009b8d8    00000008     --HOLE-- [fill = 0]
                  7009b8e0    00000026     drivers.am263x.r5f.ti-arm-clang.debug.lib : edma.obj (.text.EDMA_disableQdmaEvtRegion)
                  7009b906    0000000a     --HOLE-- [fill = 0]
                  7009b910    00000026                                               : edma.obj (.text.EDMA_enableQdmaEvtRegion)
                  7009b936    0000000a     --HOLE-- [fill = 0]
                  7009b940    00000026                                               : edma.obj (.text.EDMA_getIntrStatusRegion)
                  7009b966    0000000a     --HOLE-- [fill = 0]
                  7009b970    00000026                                               : edma.obj (.text.EDMA_intrStatusHighGetRegion)
                  7009b996    0000000a     --HOLE-- [fill = 0]
                  7009b9a0    00000026                                               : mcspi_v0.obj (.text.MCSPI_OpenParams_init)
                  7009b9c6    0000000a     --HOLE-- [fill = 0]
                  7009b9d0    00000024     nortos.am263x.r5f.ti-arm-clang.debug.lib : SemaphoreP_nortos.obj (.text.SemaphoreP_constructMutex)
                  7009b9f4    0000000c     --HOLE-- [fill = 0]
                  7009ba00    00000024     Serial_Cmd_HAL.o (.text.UART_putChar)
                  7009ba24    0000000c     --HOLE-- [fill = 0]
                  7009ba30    00000024     nortos.am263x.r5f.ti-arm-clang.debug.lib : printf.obj (.text._out_char)
                  7009ba54    0000000c     --HOLE-- [fill = 0]
                  7009ba60    00000024                                              : boot_armv7r.obj (.text._system_pre_init)
                  7009ba84    00000024     libc.a : strcmp.c.obj (.text.strcmp)
                  7009baa8    00000024     libclang_rt.builtins.a : aeabi_uldivmod.S.obj (.text)
                  7009bacc    00000004     --HOLE-- [fill = 0]
                  7009bad0    00000022     drivers.am263x.r5f.ti-arm-clang.debug.lib : edma.obj (.text.EDMA_channelToParamMap)
                  7009baf2    0000000e     --HOLE-- [fill = 0]
                  7009bb00    00000022                                               : uart_v0.obj (.text.UART_writeInterrupt)
                  7009bb22    0000000e     --HOLE-- [fill = 0]
                  7009bb30    00000020     FOC_loop.o (.text.CSL_REG32_WR_RAW)
                  7009bb50    00000020     trinv_main.o (.text.CSL_REG32_WR_RAW)
                  7009bb70    00000020     drivers.am263x.r5f.ti-arm-clang.debug.lib : uart_v0.obj (.text.HW_RD_FIELD32_RAW)
                  7009bb90    00000020     FOC_loop.o (.text.HW_RD_REG16_RAW)
                  7009bbb0    00000020     ti_drivers_open_close.o (.text.HW_RD_REG16_RAW)
                  7009bbd0    00000020     FOC_loop.o (.text.HW_RD_REG32_RAW)
                  7009bbf0    00000020     Serial_Cmd_HAL.o (.text.HW_RD_REG32_RAW)
                  7009bc10    00000020     ti_drivers_open_close.o (.text.HW_RD_REG32_RAW)
                  7009bc30    00000020     FOC_loop.o (.text.HW_WR_REG16_RAW)
                  7009bc50    00000020     ti_drivers_open_close.o (.text.HW_WR_REG16_RAW)
                  7009bc70    00000020     Serial_Cmd_HAL.o (.text.HW_WR_REG32_RAW)
                  7009bc90    00000020     ti_drivers_open_close.o (.text.HW_WR_REG32_RAW)
                  7009bcb0    00000020     drivers.am263x.r5f.ti-arm-clang.debug.lib : mcspi_v0.obj (.text.MCSPI_readRxDataReg)
                  7009bcd0    00000020     libc.a : wcslen.c.obj (.text.wcslen)
                  7009bcf0    0000001e     nortos.am263x.r5f.ti-arm-clang.debug.lib : ClockP_nortos.obj (.text.ClockP_Params_init)
                  7009bd0e    00000002     --HOLE-- [fill = 0]
                  7009bd10    0000001e     drivers.am263x.r5f.ti-arm-clang.debug.lib : soc.obj (.text.SOC_moduleClockEnable)
                  7009bd2e    00000002     --HOLE-- [fill = 0]
                  7009bd30    0000001e                                               : uart_v0.obj (.text.UART_breakCtl)
                  7009bd4e    00000002     --HOLE-- [fill = 0]
[...]
00002390  __ABORT_STACK_END                 
00002390  __UNDEFINED_STACK_START           
00002490  __UNDEFINED_STACK_END             
00004000  __STACK_SIZE                      
00008000  __SYSMEM_SIZE                     
00080000  FOCrun_ISR                        
00084000  gLogTicker                        
00084004  gLogSkiper                        
00084008  gLog_CH_ptr                       
00084048  gLog_ptr                          
00084088  gLog_CH                           
00087288  gIsrCnt                           
0008728c  gFlag_RDCexcUpdate                
0008728e  gFlag_RDCexcRight                 
00087290  gFlag_RDCexcLeft                  
00087294  gRDCtable_ptr                     
00087298  rg1                               
000872b0  rc1                               
000872d0  motor1                            
00087408  pwm1                              
00087450  aci1                              
00087460  resolver1                         
000874e4  resolver_theta                    
000874e8  resolver_omega                    
000874ec  filterVdc                         
00087500  gDemoRPM                          
00087504  gTgpioBaseAddr                    
00087508  gTpinNum                          
0008750c  resolver_bias                     
00087514  LogChCnt                          
00087518  resolver_motor_ratio              
70080000  Drivers_epwmOpen                  
70085414  __aeabi_errno_addr                
70085420  Drivers_adcOpen                   
70087230  __TI_printfi                      
70088b34  malloc                            
700890b4  CSL_armR5ReadMpidrReg             
700890c1  SOC_rcmEnablePeripheralClock      
70089608  atof                              
70089b38  strtod                            
70089b38  strtold                           
70089ffc  _nop                              
7008a000  RDCexc_start                      
7008a498  fseek                             
7008a49c  remove                            
7008a918  __aeabi_memcpy                    
7008a918  __aeabi_memcpy4                   
7008a918  __aeabi_memcpy8                   
7008a920  FOCcal_ISR                        
7008ad80  FOC_init                          
7008b781  UART_open                         
7008bc81  MCSPI_open                        
7008c5e1  SOC_virtToPhy                     
7008ceb0  handler__set_test_voltage         
7008d2d0  RDCexc_update                     
7008d4d1  TimerP_setup                      
7008d6d1  UART_write                        
7008daa8  __aeabi_uidiv                     
7008daa8  __udivsi3                         
7008dc80  cli_process                       
7008de44  free                              
7008e1c0  Drivers_mcspiOpen                 
7008e541  UART_close                        
7008e6f0  aligned_alloc                     
7008e6f0  memalign                          
7008ea51  EDMA_open                         
7008ed80  cli_put                           
7008ef10  motor_init                        
7008f531  ClockP_init                       
7008f821  SOC_controlModuleUnlockMMR        
7008fad8  floor                             
7008fad8  floorl                            
70090160  setvbuf                           
700902b0  handler__set_speed                
700903f0  ldexp                             
700903f0  ldexpl                            
700903f0  scalbn                            
700903f0  scalbnl                           
70090671  SOC_rcmGetPeripheralClockFrequency
700908d1  MCSPI_close                       
70090b31  SOC_controlModuleLockMMR          
70090d80  Drivers_uartOpen                  
70090fc0  Drivers_edmaOpen                  
700911f8  __udivmoddi4                      
70091870  trinv_main                        
70091970  FOC_run                           
70091a71  ADC_setPPBTripLimits              
70091d61  SemaphoreP_pend                   
70092210  SerialCmd_send                    
700922f8  fputc                             
70092680  handler__set_motor_state          
70092840  FOC_cal                           
70092a01  EDMA_enableChInShadowRegRegion    
70092ad1  UART_flushTxFifo                  
70092b9c  getdevice                         
70092c71  MCSPI_chConfig                    
70092e11  EDMA_mapChToEvtQ                  
70093210  System_init                       
70093451  ClockP_stop                       
70093511  UART_init                         
700935d1  ClockP_timerTickIsr               
70093691  EDMA_close                        
70093751  EDMA_configureChannelRegion       
700938c4  __TI_closefile                    
70093a31  SOC_rcmSetPeripheralClock         
70093c3c  fseeko                            
70093e51  ClockP_destruct                   
700947b0  HOSTrename                        
700948ec  HOSTlseek                         
70094991  MCSPI_init                        
70094a28  __TI_wrt_ok                       
70094ac1  SOC_enableAdcReference            
70094c01  EDMA_deinit                       
70094ca1  EDMA_init                         
70094d34  HOSTopen                          
70095031  EDMA_enableTransferRegion         
700954b1  ClockP_getTimeUsec                
70095540  Drivers_edmaClose                 
700955d0  Drivers_mcspiClose                
70095660  Drivers_uartClose                 
70095930  SerialCmd_read                    
70095a48  __TI_ltoa                         
70095f44  HOSTread                          
70095fc8  HOSTwrite                         
700960e0  Module_clockSetFrequency          
70096171  UART_dmaDisableChannel            
700961f4  close                             
70096411  UART_dmaClose                     
70096510  __TI_doflush                      
7009670c  fminf                             
70096788  frexp                             
70096788  frexpl                            
70096891  _DebugP_assert                    
70096911  EDMA_linkChannel                  
70096a10  FILTER_FO_init                    
70096a88  fmaxf                             
70096b81  ClockP_construct                  
70096e80  Module_clockDisable               
70096f00  Module_clockEnable                
70097068  strtok                            
700970e1  ClockP_usleep                     
70097161  EDMA_clrMissEvtRegion             
700973a1  UART_dmaOpen                      
70097411  EDMA_getBaseAddr                  
700974ec  HOSTunlink                        
70097561  MCSPI_dmaOpen                     
700975cc  atoi                              
70097638  finddevice                        
700976b1  SOC_setEpwmTbClk                  
70097b11  SOC_rcmIsR5FInLockStepMode        
70097cc0  HOSTclose                         
70097d80  cli_init                          
70098080  serial_cli_consumeChar            
700980dc  __TI_auto_init_nobinit_nopinit    
70098141  SemaphoreP_post                   
70098260  Dpl_init                          
70098321  SOC_setEpwmGroup                  
70098380  System_deinit                     
700983d8  __TI_readmsg                      
70098430  __TI_writemsg                     
7009847c  C$$IO$$                           
700985a0  serial_cli_init                   
700985f8  sprintf                           
70098651  SemaphoreP_construct              
70098711  EDMA_setPaRAM                     
700989b1  UART_writeInterruptDma            
70098a04  __TI_cleanup                      
70098a58  exit                              
70098ab0  Drivers_dacOpen                   
70098c41  Pinmux_config                     
70098c91  EDMA_clrEvtRegion                 
70098ce1  EDMA_clrIntrRegion                
70098d31  EDMA_disableDmaEvtRegion          
70098d81  EDMA_disableEvtIntrRegion         
70098dd1  EDMA_enableDmaEvtRegion           
70098e21  EDMA_setEvtRegion                 
70098e71  GPIO_setDirMode                   
70098f61  EDMA_mapQdmaChToPaRAM             
700992d0  SerialCmd_init                    
70099461  EDMA_ccPaRAMEntry_init            
70099690  FOC_setMotorRunState              
70099868  memccpy                           
700998b0  serial_cli_println                
700998f8  strcspn                           
70099940  trinv_init                        
70099988  unlink                            
70099a20  Drivers_intXbarOpen               
70099cf1  _DebugP_logZone                   
70099d84  strspn                            
70099dd1  ClockP_start                      
70099ff0  Drivers_dmaXbarOpen               
7009a7b1  SOC_moduleSetClockFrequency       
7009a831  ADC_setMode                       
7009a8b1  EDMA_qdmaClrMissEvtRegion         
7009aaf0  FOC_setSpeedRef                   
7009ab30  FOC_setVd                         
7009ab70  FOC_setVq                         
7009ac30  main                              
7009ac71  EDMA_getRegionId                  
7009b131  TimerP_Params_init                
7009b170  handler__print_help               
7009b1a4  lseek                             
7009b1d8  write                             
7009b291  TimerP_getCount                   
7009b441  MCSPI_deinit                      
7009b471  UART_deinit                       
7009b501  DebugP_logZoneEnable              
7009b530  Drivers_open                      
7009b5c1  EPWM_setEmulationMode             
7009b5f1  SemaphoreP_constructBinary        
7009b678  __aeabi_idiv                      
7009b678  __divsi3                          
7009b7a1  CSL_armR5GetCpuID                 
7009b861  UART_getBaseAddr                  
7009b8b1  vprintf_                          
7009b8e1  EDMA_disableQdmaEvtRegion         
7009b911  EDMA_enableQdmaEvtRegion          
7009b941  EDMA_getIntrStatusRegion          
7009b971  EDMA_intrStatusHighGetRegion      
7009b9d1  SemaphoreP_constructMutex         
7009ba61  _system_pre_init                  
7009ba84  strcmp                            
7009baa8  __aeabi_uldivmod                  
7009bad1  EDMA_channelToParamMap            
7009bcd0  wcslen                            
7009bcf1  ClockP_Params_init                
7009bd11  SOC_moduleClockEnable             
7009bd50  Drivers_dmaTrigXbarOpen           
7009bd70  putchar_                          
7009bd8c  strcpy                            
7009bdc4  strlen                            
7009bdfc  TI_memcpy_small                   
7009be18  __aeabi_memset                    
7009be18  __aeabi_memset4                   
7009be18  __aeabi_memset8                   
7009be28  __aeabi_memclr                    
7009be28  __aeabi_memclr4                   
7009be28  __aeabi_memclr8                   
7009be60  Board_driversOpen                 
7009be81  EDMA_clrCCErr                     
7009bea0  Pinmux_init                       
7009bec1  SemaphoreP_Params_init            
7009bee1  TimerP_getReloadCount             
7009bf58  TI_memset_small                   
7009bf71  ClockP_isActive                   
7009bf91  EDMA_allocDmaChannel              
7009bfb1  EDMA_allocParam                   
7009bfd1  EDMA_allocTcc                     
7009bff1  TimerP_start                      
7009c011  TimerP_stop                       
7009c090  Drivers_close                     
7009c151  TimerP_clearOverflowInt           
7009c180  serial_cli_service                
7009c1b1  AddrTranslateP_getLocalAddr       
7009c1f1  ClockP_getTimerCount              
7009c201  ClockP_timerClearOverflowInt      
7009c210  FOC_getSpeedRef                   
7009c220  FOC_getVd                         
7009c230  FOC_getVq                         
7009c2a0  PowerClock_init                   
7009c2c0  putchar                           
7009c301  ClockP_getTicks                   
7009c310  Drivers_uartInit                  
7009c320  PowerClock_deinit                 
7009c361  SemaphoreP_destruct               
7009c370  Board_deinit                      
7009c380  Board_driversClose                
7009c390  Board_init                        
7009c3a0  Dpl_deinit                        
7009c3b0  __aeabi_idiv0                     
7009c3c0  __aeabi_ldiv0                     
7009c3d1  TaskP_yield                       
7009d8eb  cli_prompt                        
7009d8f0  __aeabi_ctype_table_              
7009d8f0  __aeabi_ctype_table_C             
7009df14  gADPLLJConfigTbl                  
7009df93  cli_unrecog                       
7009dfac  gPeripheralClkSrcInfoMap          
7009dfe8  gXTALInfo                         
7009dff0  __BSS_START                       
7009dff0  gHwiCtrl                          
7009f640  __CIOBUF_                         
7009f760  __TI_tmpnams                      
7009f968  gClockCtrl                        
7009f9c0  UART_TRANSACTION                  
7009f9d4  cli                               
7009f9e0  parmbuf                           
7009f9f4  UART_HANDLE                       
7009f9f8  gEdmaHandle                       
7009f9fc  gMcspiHandle                      
7009fa00  gRDC_dmaCh                        
7009fa04  gRDC_dmabaseAddr                  
7009fa08  gRDC_dmaregionId                  
7009fa0c  gRDC_param0                       
7009fa10  gRDC_param1                       
7009fa14  gRDC_tcc                          
7009fa18  gSerialCmdBaseAddr                
7009fa1c  gSerialCmdTxChar                  
7009fa20  gUartHandle                       
7009fa24  gSerialCmdCnt                     
7009fa27  gSerialCmdRxChar                  
7009fa28  __BSS_END                         
7009fa28  _sys_memory                       
700a7a28  __stack                           
700aba28  __STACK_END                       
700aba31  HwiP_enableInt                    
700aba71  HwiP_disableInt                   
700abad1  HwiP_restoreInt                   
700abb01  HwiP_clearInt                     
700abb41  HwiP_post                         
700abb81  HwiP_Params_init                  
700abbb1  HwiP_construct                    
700abdb1  HwiP_destruct                     
700abe21  HwiP_init                         
700abf91  HwiP_inISR                        
700abff1  HwiP_irq_handler_c                
700ac131  HwiP_fiq_handler                  
700ac271  HwiP_reserved_handler             
700ac2b1  HwiP_undefined_handler            
700ac2f1  HwiP_svc_handler                  
700ac331  HwiP_prefetch_abort_handler       
700ac371  HwiP_data_abort_handler           
700ac3c8  HwiP_irq_handler                  
700ac440  HwiP_disable                      
700ac450  HwiP_disableFIQ                   
700ac460  HwiP_enable                       
700ac470  HwiP_enableFIQ                    
700ac480  HwiP_restore                      
700ac488  HwiP_enableVIC                    
700ac498  HwiP_disableVIC                   
700ac4a8  HwiP_getCPSR                      
700ac4b0  CacheP_disableL1d                 
700ac4d8  CacheP_disableL1p                 
700ac4f0  CacheP_enableL1d                  
700ac508  CacheP_enableL1p                  
700ac520  CacheP_invL1d                     
700ac558  CacheP_invL1p                     
700ac594  CacheP_invL1dAll                  
700ac59c  CacheP_invL1pAll                  
700ac5a4  CacheP_wb                         
700ac5e0  CacheP_wbInv                      
700ac61c  CacheP_wbAll                      
700ac6c4  CacheP_wbInvAll                   
700ac6dc  CacheP_wbInvAllAsm                
700ac77c  CacheP_getEnabled                 
700ac7b4  CacheP_getCacheLevelInfo          
700ac7c0  CacheP_configForceWrThru          
700ac7e0  CacheP_setDLFO                    
700ac7f1  CacheP_init                       
700ac871  CacheP_disable                    
700ac8c1  CacheP_enable                     
700ac901  CacheP_inv                        
700ac941  MpuP_RegionAttrs_init             
700ac971  MpuP_setRegion                    
700aca61  MpuP_enable                       
700acab1  MpuP_disable                      
700acaf1  MpuP_isEnable                     
700acb01  MpuP_init                         
700acb98  MpuP_disableAsm                   
700acbb0  MpuP_disableBRAsm                 
700acbc0  MpuP_enableAsm                    
700acbd8  MpuP_enableBRAsm                  
700acbe8  MpuP_isEnableAsm                  
700acbfc  MpuP_setRegionAsm                 
700acc10  _c_int00_sbl                      
700acc34  _c_int00                          
700acd11  _DebugP_assertNoLog               
700acd40  __mpu_init                        
700acd50  C$$EXIT                           
700acd50  abort                             
700acd58  gUartDmaConfig                    
700acf98  _device                           
700ad010  resolverExecTable                 
700ad088  gMpuRegionConfig                  
700ad158  gUartParams                       
700ad1ac  _stream                           
700ad1fc  gConfigMcspiUccChCfg              
700ad230  gSocModulesClockFrequency         
700ad254  cmd_tbl                           
700ad3b4  gClockConfig                      
700ad3c8  gMcspiOpenParams                  
700ad3dc  gMpuConfig                        
700ad3e8  gSocModules                       
700ad3f4  __TI_cleanup_ptr                  
700ad3f8  __TI_dtors_ptr                    
700ad3fc  gCacheConfig                      
700ad404  gEdmaConfig                       
700ad40c  gMcspiConfig                      
700ad414  gMcspiDmaConfig                   
700ad424  gUartConfig                       
700ad42c  IdRef                             
700ad430  IqRef                             
700ad434  K1                                
700ad438  K2                                
700ad43c  SpdRef                            
700ad440  T                                 
700ad444  VdTesting                         
700ad448  VqTesting                         
700ad44c  __aeabi_errno                     
700ad450  _lock                             
700ad454  _unlock                           
700ad458  gCacheL1dCacheLineSize            
700ad45c  gCacheL1pCacheLineSize            
700ad460  gDebugLogZone                     
700ad464  gDemoCnt                          
700ad468  gDemoMax                          
700ad46c  gDemoNeg                          
700ad470  gDemoPos                          
700ad474  gDemoSpd                          
700ad478  gEdmaConfigNum                    
700ad47c  gEdmaParams                       
700ad480  gFlag_AdcCal                      
700ad484  gHwiConfig                        
700ad488  gLogScaler                        
700ad48c  gLogSize                          
700ad490  gMcspiConfigNum                   
700ad494  gMcspiDmaConfigNum                
700ad498  gSpeedRef                         
700ad49c  gTFlag_MockId                     
700ad4a0  gTFlag_MockIq                     
700ad4a4  gTFlag_MockTheta                  
700ad4a8  gTFlag_MockVdq                    
700ad4ac  gTFlag_SpdDemo                    
700ad4b0  gUartConfigNum                    
700ad4b4  gUartDmaConfigNum                 
700ad4bc  offsetCalCounter                  
700ad4c0  offset_Rcos                       
700ad4c4  offset_Rsin                       
700ad4c8  offset_curU                       
700ad4cc  offset_curV                       
700ad4d0  offset_curW                       
700ad4d4  gFlag                             
700ad4d6  gLoopTicker                       
700ad4d9  runMotor                          
ffffffff  __TI_pprof_out_hndl               
ffffffff  __TI_prof_data_size               
ffffffff  __TI_prof_data_start              
ffffffff  __binit__                         
ffffffff  binit                             
UNDEFED   __TI_CINIT_Base                   
UNDEFED   __TI_CINIT_Limit                  
UNDEFED   __TI_Handler_Table_Base           
UNDEFED   __TI_Handler_Table_Limit          
UNDEFED   _system_post_cinit                

[464 symbols]
