******************************************************************************
            TI ARM Clang Linker PC v1.3.1                      
******************************************************************************
>> Linked Thu May 11 12:54:17 2023

OUTPUT FILE NAME:   <TractionDemo_am263x-cc_r5fss0-0_nortos_ti-arm-clang.out>
ENTRY POINT SYMBOL: "_vectors"  address: 00000000


MEMORY CONFIGURATION

         name            origin    length      used     unused   attr    fill
----------------------  --------  ---------  --------  --------  ----  --------
  R5F_VECS              00000000   00000040  00000040  00000000  RWIX
  R5F_TCMA0             00000040   00003fc0  0000244c  00001b74  RWIX
  R5F_TCMA1             00004000   00002000  00000000  00002000  RWIX
  R5F_TCMA2             00006000   00002000  00000000  00002000  RWIX
  R5F_TCMB1             00080000   00004000  00000cec  00003314  RWIX
  R5F_TCMB2             00084000   00004000  00003560  00000aa0  RWIX
  FLASH                 60100000   00080000  00000000  00080000  RWIX
  OCRAM                 70080000   00040000  0002d760  000128a0  RWIX
  USER_SHM_MEM          701d0000   00004000  00000000  00004000  RWIX
  LOG_SHM_MEM           701d4000   00004000  00000000  00004000  RWIX
  RTOS_NORTOS_IPC_SHM_M 72000000   00003e80  00000000  00003e80  RWIX


SEGMENT ALLOCATION MAP

run origin  load origin   length   init length attrs members
----------  ----------- ---------- ----------- ----- -------
00000000    00000000    00000f98   00000f98    r-x
  00000000    00000000    00000040   00000040    r-x .vectors
  00000040    00000040    000000e8   000000e8    r-x .text.sqrtf
  00000128    00000128    00000250   00000250    r-x .text.sinf
  00000378    00000378    000000b0   000000b0    r-x .text.__kernel_sindf
  00000428    00000428    00000230   00000230    r-x .text.cosf
  00000658    00000658    000000b0   000000b0    r-x .text.__kernel_cosdf
  00000708    00000708    00000738   00000738    r-x .text.__kernel_rem_pio2
  00000e40    00000e40    00000108   00000108    r-- .rodata.ipio2
  00000f48    00000f48    00000040   00000040    r-- .rodata.PIo2
  00000f88    00000f88    00000010   00000010    r-- .rodata.cst16
00000f98    00000f98    000000f4   000000f4    rw-
  00000f98    00000f98    000000f0   000000f0    rw- .data._ftable
  00001088    00001088    00000004   00000004    rw- .data.__TI_ft_end
00001090    00001090    00001400   00000000    r--
  00001090    00001090    00000100   00000000    r-- .irqstack
  00001190    00001190    00000100   00000000    r-- .fiqstack
  00001290    00001290    00001000   00000000    r-- .svcstack
  00002290    00002290    00000100   00000000    r-- .abortstack
  00002390    00002390    00000100   00000000    r-- .undefinedstack
00080000    00080000    00000cec   00000cec    r-x
  00080000    00080000    00000cec   00000cec    r-x .tcmb_code
00084000    00084000    00003560   00003560    rw-
  00084000    00084000    00003560   00003560    rw- .tcmb_data
70080000    70080000    0001e260   0001e260    r-x
  70080000    70080000    0001c450   0001c450    r-x .text
  7009c450    7009c450    00001e10   00001e10    r-- .rodata
7009e260    7009e260    0000da28   00000000    rw-
  7009e260    7009e260    00001a28   00000000    rw- .bss
  7009fc88    7009fc88    00008000   00000000    rw- .sysmem
  700a7c88    700a7c88    00004000   00000000    rw- .stack
700abc90    700abc90    00001328   00001328    r-x
  700abc90    700abc90    00000a80   00000a80    r-x .text.hwi
  700ac710    700ac710    00000490   00000490    r-x .text.cache
  700acba0    700acba0    000002d0   000002d0    r-x .text.mpu
  700ace70    700ace70    00000140   00000140    r-x .text.boot
  700acfb0    700acfb0    00000008   00000008    r-x .text:abort
700acfb8    700acfb8    000007b0   000007b0    rw-
  700acfb8    700acfb8    000007b0   000007b0    rw- .data


SECTION ALLOCATION MAP

 output                                  attributes/
section   page    origin      length       input sections
--------  ----  ----------  ----------   ----------------
.vectors   0    00000000    00000040     
                  00000000    00000040     nortos.am263x.r5f.ti-arm-clang.debug.lib : HwiP_armv7r_vectors_nortos_asm.obj (.vectors)

.text.sqrtf 
*          0    00000040    000000e8     
                  00000040    000000dc     libc.a : e_sqrtf.c.obj (.text.sqrtf)
                  0000011c    00000008            : aeabi_portable.c.obj (.tramp.__aeabi_errno_addr.1)
                  00000124    00000004     --HOLE-- [fill = 0]

.text.sinf 
*          0    00000128    00000250     
                  00000128    00000250     libc.a : s_sinf.c.obj (.text.sinf)

.text.__kernel_sindf 
*          0    00000378    000000b0     
                  00000378    00000058     libc.a : s_cosf.c.obj (.text.__kernel_sindf)
                  000003d0    00000058            : s_sinf.c.obj (.text.__kernel_sindf)

.text.cosf 
*          0    00000428    00000230     
                  00000428    00000230     libc.a : s_cosf.c.obj (.text.cosf)

.text.__kernel_cosdf 
*          0    00000658    000000b0     
                  00000658    00000058     libc.a : s_cosf.c.obj (.text.__kernel_cosdf)
                  000006b0    00000058            : s_sinf.c.obj (.text.__kernel_cosdf)

.text.__kernel_rem_pio2 
*          0    00000708    00000738     
                  00000708    00000720     libc.a : k_rem_pio2.c.obj (.text.__kernel_rem_pio2)
                  00000e28    00000008     libclang_rt.builtins.a : divsi3.S.obj (.tramp.__aeabi_idiv.1)
                  00000e30    00000008     libc.a : s_scalbn.c.obj (.tramp.scalbnl.1)
                  00000e38    00000008            : s_floor.c.obj (.tramp.floor.1)

.rodata.ipio2 
*          0    00000e40    00000108     
                  00000e40    00000108     libc.a : k_rem_pio2.c.obj (.rodata.ipio2)

.rodata.PIo2 
*          0    00000f48    00000040     
                  00000f48    00000040     libc.a : k_rem_pio2.c.obj (.rodata.PIo2)

.rodata.cst16 
*          0    00000f88    00000010     
                  00000f88    00000010     libc.a : k_rem_pio2.c.obj (.rodata.cst16)

.data._ftable 
*          0    00000f98    000000f0     
                  00000f98    000000f0     libc.a : defs.c.obj (.data._ftable)

.data.__TI_ft_end 
*          0    00001088    00000004     
                  00001088    00000004     libc.a : defs.c.obj (.data.__TI_ft_end)

.irqstack 
*          0    00001090    00000100     UNINITIALIZED
                  00001090    00000100     --HOLE--

.fiqstack 
*          0    00001190    00000100     UNINITIALIZED
                  00001190    00000100     --HOLE--

.svcstack 
*          0    00001290    00001000     UNINITIALIZED
                  00001290    00001000     --HOLE--

.abortstack 
*          0    00002290    00000100     UNINITIALIZED
                  00002290    00000100     --HOLE--

.undefinedstack 
*          0    00002390    00000100     UNINITIALIZED
                  00002390    00000100     --HOLE--

.text      0    70080000    0001c450     
                  70080000    00005414     ti_drivers_open_close.o (.text.Drivers_epwmOpen)
                  70085414    0000000c     libc.a : aeabi_portable.c.obj (.text.__aeabi_errno_addr)
                  70085420    00001e10     ti_drivers_open_close.o (.text.Drivers_adcOpen)
                  70087230    00000ed0     libc.a : _printfi.c.obj (.text:__TI_printfi)
                  70088100    00000a34     nortos.am263x.r5f.ti-arm-clang.debug.lib : printf.obj (.text._vsnprintf)
                  70088b34    0000000c     libc.a : memory.c.obj (.text.malloc)
                  70088b40    00000574     drivers.am263x.r5f.ti-arm-clang.debug.lib : soc_rcm.obj (.text.SOC_rcmGetClkSrcAndDivReg)
                  700890b4    00000008     libc.a : atof.c.obj (.text.atof)
                  700890bc    00000004            : _lock.c.obj (.text._nop)
                  700890c0    00000546     drivers.am263x.r5f.ti-arm-clang.debug.lib : soc_rcm.obj (.text.SOC_rcmEnablePeripheralClock)
                  70089606    00000002     --HOLE-- [fill = 0]
                  70089608    00000004     libc.a : fseek.c.obj (.text.fseek)
                  7008960c    00000004     libsysbm.a : remove.c.obj (.text.remove)
                  70089610    00000526     nortos.am263x.r5f.ti-arm-clang.debug.lib : printf.obj (.text._ftoa)
                  70089b36    00000002     --HOLE-- [fill = 0]
                  70089b38    000004c4     libc.a : strtod.c.obj (.text.strtod)
                  70089ffc    00000004     libclang_rt.builtins.a : aeabi_memcpy.S.obj (.text)
                  7008a000    00000478     nortos.am263x.r5f.ti-arm-clang.debug.lib : printf.obj (.text._etoa)
                  7008a478    00000008     libc.a : e_sqrtf.c.obj (.tramp.sqrtf.1)
                  7008a480    00000434     Serial_CLI.o (.text.handler__print_adc)
                  7008a8b4    0000000c     --HOLE-- [fill = 0]
                  7008a8c0    00000400     FOC_loop.o (.text.FOCcal_ISR)
                  7008acc0    000003e4     FOC_loop.o (.text.FOC_init)
                  7008b0a4    0000000c     --HOLE-- [fill = 0]
                  7008b0b0    00000344     drivers.am263x.r5f.ti-arm-clang.debug.lib : edma.obj (.text.EDMA_initialize)
                  7008b3f4    0000000c     --HOLE-- [fill = 0]
                  7008b400    000002e4     ti_drivers_open_close.o (.text.EPWM_setADCTriggerSource)
                  7008b6e4    0000000c     --HOLE-- [fill = 0]
                  7008b6f0    00000286     drivers.am263x.r5f.ti-arm-clang.debug.lib : uart_v0.obj (.text.UART_open)
                  7008b976    00000002     --HOLE-- [fill = 0]
                  7008b978    00000278     libc.a : _printfi.c.obj (.text._pconv_a)
                  7008bbf0    0000026a     drivers.am263x.r5f.ti-arm-clang.debug.lib : mcspi_v0.obj (.text.MCSPI_open)
                  7008be5a    00000006     --HOLE-- [fill = 0]
                  7008be60    00000260                                               : mcspi_v0.obj (.text.MCSPI_setChConfig)
                  7008c0c0    00000242                                               : uart_v0.obj (.text.UART_fifoConfig)
                  7008c302    0000000e     --HOLE-- [fill = 0]
                  7008c310    0000023e     nortos.am263x.r5f.ti-arm-clang.debug.lib : printf.obj (.text._ntoa_format)
                  7008c54e    00000002     --HOLE-- [fill = 0]
                  7008c550    00000230     libc.a : _printfi.c.obj (.text._pconv_g)
                  7008c780    00000228     Encoder.o (.text.PosSpeed_calculate)
                  7008c9a8    00000008     --HOLE-- [fill = 0]
                  7008c9b0    00000228     drivers.am263x.r5f.ti-arm-clang.debug.lib : uart_v0.obj (.text.UART_masterIsr)
                  7008cbd8    00000008     --HOLE-- [fill = 0]
                  7008cbe0    00000210     Serial_CLI.o (.text.handler__set_ref_current)
                  7008cdf0    00000210     Serial_CLI.o (.text.handler__set_test_voltage)
                  7008d000    00000208     ti_drivers_open_close.o (.text.EPWM_setInterruptSource)
                  7008d208    00000008     --HOLE-- [fill = 0]
                  7008d210    000001fa     nortos.am263x.r5f.ti-arm-clang.debug.lib : TimerP_rti.obj (.text.TimerP_setup)
                  7008d40a    00000006     --HOLE-- [fill = 0]
                  7008d410    000001ee     drivers.am263x.r5f.ti-arm-clang.debug.lib : uart_v0.obj (.text.UART_write)
                  7008d5fe    00000002     --HOLE-- [fill = 0]
                  7008d600    000001e6                                               : edma.obj (.text.EDMA_deinitialize)
                  7008d7e6    0000000a     --HOLE-- [fill = 0]
                  7008d7f0    000001dc     Serial_CLI.o (.text.handler__set_speed)
                  7008d9cc    000001d0     libclang_rt.builtins.a : udivsi3.S.obj (.text)
                  7008db9c    00000004     --HOLE-- [fill = 0]
                  7008dba0    000001c4     cli.o (.text.cli_process)
                  7008dd64    000001bc     libc.a : memory.c.obj (.text.free)
                  7008df20    000001ba     drivers.am263x.r5f.ti-arm-clang.debug.lib : mcspi_v0.obj (.text.MCSPI_continueTxRx)
                  7008e0da    00000006     --HOLE-- [fill = 0]
                  7008e0e0    000001b8     ti_drivers_open_close.o (.text.Drivers_mcspiOpen)
                  7008e298    00000008     --HOLE-- [fill = 0]
                  7008e2a0    000001b2     drivers.am263x.r5f.ti-arm-clang.debug.lib : edma.obj (.text.EDMA_transferCompletionMasterIsrFxn)
                  7008e452    0000000e     --HOLE-- [fill = 0]
                  7008e460    000001b0                                               : uart_v0.obj (.text.UART_close)
                  7008e610    000001b0     libc.a : memory.c.obj (.text.aligned_alloc)
                  7008e7c0    000001a8     ti_drivers_open_close.o (.text.EPWM_setXCMPActionQualifierAction)
                  7008e968    00000008     --HOLE-- [fill = 0]
                  7008e970    0000019e     drivers.am263x.r5f.ti-arm-clang.debug.lib : edma.obj (.text.EDMA_open)
                  7008eb0e    00000002     --HOLE-- [fill = 0]
                  7008eb10    0000018c                                               : mcspi_v0.obj (.text.MCSPI_slaveIsr)
                  7008ec9c    00000004     --HOLE-- [fill = 0]
                  7008eca0    0000018c     cli.o (.text.cli_put)
                  7008ee2c    00000004     --HOLE-- [fill = 0]
                  7008ee30    00000188     foc.o (.text.motor_init)
                  7008efb8    00000008     --HOLE-- [fill = 0]
                  7008efc0    00000184     FOC_loop.o (.text.LoopLog_run)
                  7008f144    0000000c     --HOLE-- [fill = 0]
                  7008f150    0000017e     drivers.am263x.r5f.ti-arm-clang.debug.lib : mcspi_v0.obj (.text.MCSPI_continueSlaveTxRx)
                  7008f2ce    00000002     --HOLE-- [fill = 0]
                  7008f2d0    00000178                                               : uart_v0.obj (.text.UART_configInstance)
                  7008f448    00000008     --HOLE-- [fill = 0]
                  7008f450    00000172     nortos.am263x.r5f.ti-arm-clang.debug.lib : ClockP_nortos_r5.obj (.text.ClockP_init)
                  7008f5c2    0000000e     --HOLE-- [fill = 0]
                  7008f5d0    00000158     drivers.am263x.r5f.ti-arm-clang.debug.lib : soc.obj (.text.SOC_controlModuleUnlockMMR)
                  7008f728    00000008     --HOLE-- [fill = 0]
                  7008f730    00000154     FOC_loop.o (.text.SVGEN_run)
                  7008f884    00000004     --HOLE-- [fill = 0]
                  7008f888    00000154     libc.a : s_floor.c.obj (.text.floor)
                  7008f9dc    00000004     --HOLE-- [fill = 0]
                  7008f9e0    00000150     drivers.am263x.r5f.ti-arm-clang.debug.lib : uart_v0.obj (.text.UART_procLineStatusErr)
                  7008fb30    0000014c                                               : mcspi_v0.obj (.text.MCSPI_masterIsr)
                  7008fc7c    00000004     --HOLE-- [fill = 0]
                  7008fc80    00000148     libc.a : _printfi.c.obj (.text.fcvt)
                  7008fdc8    00000148            : setvbuf.c.obj (.text.setvbuf)
                  7008ff10    00000140            : s_scalbn.c.obj (.text.scalbn)
                  70090050    00000138     nortos.am263x.r5f.ti-arm-clang.debug.lib : printf.obj (.text._ntoa_long_long)
                  70090188    00000008     --HOLE-- [fill = 0]
                  70090190    00000130     drivers.am263x.r5f.ti-arm-clang.debug.lib : soc_rcm.obj (.text.SOC_rcmGetPeripheralClockFrequency)
                  700902c0    00000130     libc.a : _printfi.c.obj (.text._pconv_e)
                  700903f0    0000012c     drivers.am263x.r5f.ti-arm-clang.debug.lib : mcspi_v0.obj (.text.MCSPI_close)
                  7009051c    00000004     --HOLE-- [fill = 0]
                  70090520    00000128     Serial_Cmd_HAL.o (.text.UART_getCharFifo)
                  70090648    00000008     --HOLE-- [fill = 0]
                  70090650    00000126     drivers.am263x.r5f.ti-arm-clang.debug.lib : soc.obj (.text.SOC_controlModuleLockMMR)
                  70090776    0000000a     --HOLE-- [fill = 0]
                  70090780    00000124     ti_drivers_open_close.o (.text.Drivers_eqepOpen)
                  700908a4    0000000c     --HOLE-- [fill = 0]
                  700908b0    00000120     ti_drivers_open_close.o (.text.EPWM_setFallingEdgeDeadBandDelayInput)
                  700909d0    0000011c     ti_drivers_open_close.o (.text.Drivers_uartOpen)
                  70090aec    00000004     --HOLE-- [fill = 0]
                  70090af0    0000011c     ti_drivers_open_close.o (.text.SOC_xbarSelectDMAXBarInputSource)
                  70090c0c    00000004     --HOLE-- [fill = 0]
                  70090c10    00000118     ti_drivers_open_close.o (.text.Drivers_edmaOpen)
                  70090d28    00000008     --HOLE-- [fill = 0]
                  70090d30    00000118     FOC_loop.o (.text.rampControl)
                  70090e48    00000118     libclang_rt.builtins.a : udivmoddi4.S.obj (.text)
                  70090f60    00000116     drivers.am263x.r5f.ti-arm-clang.debug.lib : uart_v0.obj (.text.UART_divisorLatchWrite)
                  70091076    0000000a     --HOLE-- [fill = 0]
                  70091080    00000114     nortos.am263x.r5f.ti-arm-clang.debug.lib : printf.obj (.text._ntoa_long)
                  70091194    0000000c     --HOLE-- [fill = 0]
                  700911a0    0000010e     drivers.am263x.r5f.ti-arm-clang.debug.lib : soc_rcm.obj (.text.SOC_rcmADPLLJGetFOut)
                  700912ae    00000002     --HOLE-- [fill = 0]
                  700912b0    0000010c     ti_drivers_open_close.o (.text.EPWM_setCounterCompareShadowLoadMode)
                  700913bc    00000004     --HOLE-- [fill = 0]
                  700913c0    00000108     drivers.am263x.r5f.ti-arm-clang.debug.lib : eqep.obj (.text.EQEP_setInputPolarity)
                  700914c8    00000008     --HOLE-- [fill = 0]
                  700914d0    00000100     ti_drivers_open_close.o (.text.ADC_setBurstModeConfig)
                  700915d0    000000fc     trinv_main.o (.text.trinv_main)
                  700916cc    00000004     --HOLE-- [fill = 0]
                  700916d0    000000f8     FOC_loop.o (.text.FOC_run)
                  700917c8    00000008     --HOLE-- [fill = 0]
                  700917d0    000000f4     Serial_CLI.o (.text.handler__pi_spd_params)
                  700918c4    0000000c     --HOLE-- [fill = 0]
                  700918d0    000000f2     drivers.am263x.r5f.ti-arm-clang.debug.lib : adc.obj (.text.ADC_setPPBTripLimits)
                  700919c2    0000000e     --HOLE-- [fill = 0]
                  700919d0    000000f2                                               : mcspi_v0.obj (.text.MCSPI_configInstance)
                  70091ac2    0000000e     --HOLE-- [fill = 0]
                  70091ad0    000000f0                                               : mcspi_v0.obj (.text.MCSPI_initiateLastChunkTransfer)
                  70091bc0    000000f0     nortos.am263x.r5f.ti-arm-clang.debug.lib : SemaphoreP_nortos.obj (.text.SemaphoreP_pend)
                  70091cb0    000000ec     ti_drivers_open_close.o (.text.EPWM_setADCTriggerEventPrescale)
                  70091d9c    00000004     --HOLE-- [fill = 0]
                  70091da0    000000ec     ti_drivers_open_close.o (.text.SOC_xbarSelectInterruptXBarInputSource)
                  70091e8c    00000004     --HOLE-- [fill = 0]
                  70091e90    000000ea     drivers.am263x.r5f.ti-arm-clang.debug.lib : soc_rcm.obj (.text.SOC_rcmGetCoreFout)
                  70091f7a    00000006     --HOLE-- [fill = 0]
                  70091f80    000000ea                                               : soc_rcm.obj (.text.SOC_rcmGetPerFout)
                  7009206a    00000006     --HOLE-- [fill = 0]
                  70092070    000000e8     Serial_Cmd_HAL.o (.text.SerialCmd_send)
                  70092158    000000e8     libc.a : fputc.c.obj (.text.fputc)
                  70092240    000000de     drivers.am263x.r5f.ti-arm-clang.debug.lib : uart_v0.obj (.text.UART_intrEnable)
                  7009231e    00000002     --HOLE-- [fill = 0]
                  70092320    000000dc                                               : mcspi_v0.obj (.text.MCSPI_setClkConfig)
                  700923fc    00000004     --HOLE-- [fill = 0]
                  70092400    000000da                                               : uart_v0.obj (.text.UART_intrDisable)
                  700924da    00000006     --HOLE-- [fill = 0]
                  700924e0    000000d8     Serial_CLI.o (.text.handler__set_motor_state)
                  700925b8    00000008     --HOLE-- [fill = 0]
                  700925c0    000000d4     ti_drivers_open_close.o (.text.EPWM_setADCTriggerEventCountInitValue)
                  70092694    0000000c     --HOLE-- [fill = 0]
                  700926a0    000000d4     FOC_loop.o (.text.FOC_cal)
                  70092774    0000000c     --HOLE-- [fill = 0]
                  70092780    000000d4     drivers.am263x.r5f.ti-arm-clang.debug.lib : mcspi_v0.obj (.text.MCSPI_stop)
                  70092854    0000000c     --HOLE-- [fill = 0]
                  70092860    000000cc                                               : uart_v0.obj (.text.UART_flushTxFifo)
                  7009292c    000000cc     libc.a : getdevice.c.obj (.text.getdevice)
                  700929f8    00000008     --HOLE-- [fill = 0]
                  70092a00    000000ca     drivers.am263x.r5f.ti-arm-clang.debug.lib : mcspi_v0.obj (.text.MCSPI_chConfig)
                  70092aca    00000006     --HOLE-- [fill = 0]
                  70092ad0    000000c4     ti_drivers_open_close.o (.text.ADC_setupSOC)
                  70092b94    0000000c     --HOLE-- [fill = 0]
                  70092ba0    000000c4     ti_drivers_open_close.o (.text.EPWM_setActionQualifierAction)
                  70092c64    0000000c     --HOLE-- [fill = 0]
                  70092c70    000000c4     drivers.am263x.r5f.ti-arm-clang.debug.lib : soc_rcm.obj (.text.SOC_rcmGetPerHSDivOut)
                  70092d34    0000000c     --HOLE-- [fill = 0]
                  70092d40    000000c2                                               : uart_v0.obj (.text.UART_writePolling)
                  70092e02    0000000e     --HOLE-- [fill = 0]
                  70092e10    000000c0     ti_drivers_open_close.o (.text.EPWM_setValleyTriggerEdgeCounts)
                  70092ed0    000000c0     ti_drivers_config.o (.text.System_init)
                  70092f90    000000c0     nortos.am263x.r5f.ti-arm-clang.debug.lib : printf.obj (.text._out_rev)
                  70093050    000000bc     libc.a : _printfi.c.obj (.text._mcpy)
                  7009310c    00000004     --HOLE-- [fill = 0]
                  70093110    000000ba     nortos.am263x.r5f.ti-arm-clang.debug.lib : ClockP_nortos.obj (.text.ClockP_stop)
                  700931ca    00000006     --HOLE-- [fill = 0]
                  700931d0    000000ba     drivers.am263x.r5f.ti-arm-clang.debug.lib : uart_v0.obj (.text.UART_init)
                  7009328a    00000006     --HOLE-- [fill = 0]
                  70093290    000000b8     nortos.am263x.r5f.ti-arm-clang.debug.lib : ClockP_nortos.obj (.text.ClockP_timerTickIsr)
                  70093348    00000008     --HOLE-- [fill = 0]
                  70093350    000000b8     drivers.am263x.r5f.ti-arm-clang.debug.lib : edma.obj (.text.EDMA_close)
                  70093408    00000008     --HOLE-- [fill = 0]
                  70093410    000000b4                                               : mcspi_v0.obj (.text.MCSPI_fifoRead)
                  700934c4    000000b4     libc.a : fclose.c.obj (.text.__TI_closefile)
                  70093578    00000008     --HOLE-- [fill = 0]
                  70093580    000000b0     ti_drivers_open_close.o (.text.HRPWM_setHiResCounterCompareValue)
                  70093630    000000b0     drivers.am263x.r5f.ti-arm-clang.debug.lib : soc_rcm.obj (.text.SOC_rcmSetPeripheralClock)
                  700936e0    000000b0     FOC_loop.o (.text.TRINV_HAL_setPwmOutput)
                  70093790    000000ac     ti_drivers_open_close.o (.text.EPWM_setRisingEdgeDeadBandDelayInput)
                  7009383c    000000ac     libc.a : fseek.c.obj (.text.fseeko)
                  700938e8    00000008     --HOLE-- [fill = 0]
                  700938f0    000000aa     drivers.am263x.r5f.ti-arm-clang.debug.lib : uart_v0.obj (.text.UART_fifoWrite)
                  7009399a    00000006     --HOLE-- [fill = 0]
                  700939a0    000000a8     nortos.am263x.r5f.ti-arm-clang.debug.lib : ClockP_nortos.obj (.text.ClockP_addToList)
                  70093a48    00000008     --HOLE-- [fill = 0]
                  70093a50    000000a8                                              : ClockP_nortos.obj (.text.ClockP_destruct)
                  70093af8    00000008     --HOLE-- [fill = 0]
                  70093b00    000000a8     ti_drivers_open_close.o (.text.EPWM_enableTripZoneInterrupt)
                  70093ba8    00000008     --HOLE-- [fill = 0]
                  70093bb0    000000a8     ti_drivers_open_close.o (.text.EPWM_selectDigitalCompareCBCLatchClearEvent)
                  70093c58    00000008     --HOLE-- [fill = 0]
                  70093c60    000000a8     ti_drivers_open_close.o (.text.EPWM_setDigitalCompareCBCLatchMode)
                  70093d08    00000008     --HOLE-- [fill = 0]
                  70093d10    000000a8     ti_drivers_open_close.o (.text.EPWM_setDigitalCompareEventSyncMode)
                  70093db8    00000008     --HOLE-- [fill = 0]
                  70093dc0    000000a4     ti_drivers_open_close.o (.text.EPWM_disableGlobalLoadRegisters)
                  70093e64    0000000c     --HOLE-- [fill = 0]
                  70093e70    000000a4     ti_drivers_open_close.o (.text.EPWM_setDigitalCompareEventSource)
                  70093f14    0000000c     --HOLE-- [fill = 0]
                  70093f20    000000a4     FOC_loop.o (.text.rampGen)
                  70093fc4    000000a4     libc.a : memory.c.obj (.text.split)
                  70094068    00000008     --HOLE-- [fill = 0]
                  70094070    000000a2     drivers.am263x.r5f.ti-arm-clang.debug.lib : soc_rcm.obj (.text.SOC_rcmGetCoreHSDivOut)
                  70094112    0000000e     --HOLE-- [fill = 0]
                  70094120    000000a0     ti_drivers_open_close.o (.text.EPWM_configureDiodeEmulationTripSources)
                  700941c0    000000a0     ti_drivers_open_close.o (.text.EPWM_setDiodeEmulationMonitorModeStep)
                  70094260    000000a0     ti_drivers_open_close.o (.text.EPWM_setInterruptEventCount)
                  70094300    000000a0     libsysbm.a : hostrename.c.obj (.text.HOSTrename)
                  700943a0    0000009c     ti_drivers_open_close.o (.text.EPWM_setXCMPShadowRepeatBufxCount)
                  7009443c    00000098     libsysbm.a : hostlseek.c.obj (.text.HOSTlseek)
                  700944d4    0000000c     --HOLE-- [fill = 0]
                  700944e0    00000098     drivers.am263x.r5f.ti-arm-clang.debug.lib : mcspi_v0.obj (.text.MCSPI_init)
                  70094578    00000098     libc.a : _io_perm.c.obj (.text.__TI_wrt_ok)
                  70094610    00000096     drivers.am263x.r5f.ti-arm-clang.debug.lib : soc.obj (.text.SOC_enableAdcReference)
                  700946a6    0000000a     --HOLE-- [fill = 0]
                  700946b0    00000096                                               : uart_v0.obj (.text.UART_subConfigTCRTLRModeEn)
                  70094746    0000000a     --HOLE-- [fill = 0]
                  70094750    00000094                                               : edma.obj (.text.EDMA_deinit)
                  700947e4    0000000c     --HOLE-- [fill = 0]
                  700947f0    00000094                                               : edma.obj (.text.EDMA_init)
                  70094884    00000094     libsysbm.a : hostopen.c.obj (.text.HOSTopen)
                  70094918    00000008     --HOLE-- [fill = 0]
                  70094920    00000094     FOC_loop.o (.text.dq_limiter_run)
                  700949b4    0000000c     --HOLE-- [fill = 0]
                  700949c0    00000092     drivers.am263x.r5f.ti-arm-clang.debug.lib : uart_v0.obj (.text.UART_writeCancelNoCB)
                  70094a52    0000000e     --HOLE-- [fill = 0]
                  70094a60    00000090     ti_drivers_open_close.o (.text.EPWM_setActionQualifierShadowLoadMode)
                  70094af0    00000090     ti_drivers_open_close.o (.text.EPWM_setDeadBandOutputSwapMode)
                  70094b80    0000008c     ti_drivers_open_close.o (.text.EPWM_selectDiodeEmulationPWMsignal)
                  70094c0c    00000004     --HOLE-- [fill = 0]
                  70094c10    0000008c     ti_drivers_open_close.o (.text.EPWM_selectDiodeEmulationTripSignal)
                  70094c9c    00000004     --HOLE-- [fill = 0]
                  70094ca0    0000008c     ti_drivers_open_close.o (.text.EPWM_setDeadBandDelayMode)
                  70094d2c    00000004     --HOLE-- [fill = 0]
                  70094d30    0000008c     drivers.am263x.r5f.ti-arm-clang.debug.lib : mcspi_v0.obj (.text.MCSPI_fifoWrite)
                  70094dbc    00000004     --HOLE-- [fill = 0]
                  70094dc0    0000008c     FOC_loop.o (.text.PWM_clamp)
                  70094e4c    00000004     --HOLE-- [fill = 0]
                  70094e50    00000088     ti_drivers_open_close.o (.text.ADC_disablePPBEvent)
                  70094ed8    00000008     --HOLE-- [fill = 0]
                  70094ee0    00000088     ti_drivers_open_close.o (.text.ADC_disablePPBEventInterrupt)
                  70094f68    00000008     --HOLE-- [fill = 0]
                  70094f70    00000088     nortos.am263x.r5f.ti-arm-clang.debug.lib : ClockP_nortos.obj (.text.ClockP_getTimeUsec)
                  70094ff8    00000008     --HOLE-- [fill = 0]
                  70095000    00000088     ti_drivers_open_close.o (.text.Drivers_edmaClose)
                  70095088    00000008     --HOLE-- [fill = 0]
                  70095090    00000088     ti_drivers_open_close.o (.text.Drivers_mcspiClose)
                  70095118    00000008     --HOLE-- [fill = 0]
                  70095120    00000088     ti_drivers_open_close.o (.text.Drivers_uartClose)
                  700951a8    00000008     --HOLE-- [fill = 0]
                  700951b0    00000088     ti_drivers_open_close.o (.text.EPWM_setChopperDutyCycle)
                  70095238    00000008     --HOLE-- [fill = 0]
                  70095240    00000088     ti_drivers_open_close.o (.text.EPWM_setDiodeEmulationMode)
                  700952c8    00000008     --HOLE-- [fill = 0]
                  700952d0    00000088     ti_drivers_open_close.o (.text.EPWM_setGlobalLoadEventPrescale)
                  70095358    00000008     --HOLE-- [fill = 0]
                  70095360    00000088     ti_drivers_open_close.o (.text.EPWM_setXCMPLoadMode)
                  700953e8    00000008     --HOLE-- [fill = 0]
                  700953f0    00000088     Serial_Cmd_HAL.o (.text.SerialCmd_read)
                  70095478    00000008     --HOLE-- [fill = 0]
                  70095480    00000088     Serial_Cmd_HAL.o (.text.UART_checkCharsAvailInFifo)
                  70095508    00000088     libc.a : _ltoa.c.obj (.text.__TI_ltoa)
                  70095590    00000088            : _printfi.c.obj (.text._ecpy)
                  70095618    00000008     --HOLE-- [fill = 0]
                  70095620    00000086     drivers.am263x.r5f.ti-arm-clang.debug.lib : uart_v0.obj (.text.UART_tcrTlrBitValRestore)
                  700956a6    0000000a     --HOLE-- [fill = 0]
                  700956b0    00000084     FOC_loop.o (.text.DAC_setShadowValue)
                  70095734    0000000c     --HOLE-- [fill = 0]
                  70095740    00000084     ti_drivers_open_close.o (.text.DAC_setShadowValue)
                  700957c4    0000000c     --HOLE-- [fill = 0]
                  700957d0    00000084     ti_drivers_open_close.o (.text.EPWM_enableDigitalCompareTripCombinationInput)
                  70095854    0000000c     --HOLE-- [fill = 0]
                  70095860    00000084     ti_drivers_open_close.o (.text.EPWM_setActionQualifierContSWForceAction)
                  700958e4    0000000c     --HOLE-- [fill = 0]
                  700958f0    00000084     ti_drivers_open_close.o (.text.EPWM_setActionQualifierSWAction)
                  70095974    0000000c     --HOLE-- [fill = 0]
                  70095980    00000084     ti_drivers_open_close.o (.text.EPWM_setChopperFirstPulseWidth)
                  70095a04    0000000c     --HOLE-- [fill = 0]
                  70095a10    00000084     ti_drivers_open_close.o (.text.EPWM_setChopperFreq)
                  70095a94    00000084     libsysbm.a : hostread.c.obj (.text.HOSTread)
                  70095b18    00000084                : hostwrite.c.obj (.text.HOSTwrite)
                  70095b9c    00000004     --HOLE-- [fill = 0]
                  70095ba0    00000084     ti_drivers_open_close.o (.text.HRPWM_setHiResFallingEdgeDelayOnly)
                  70095c24    0000000c     --HOLE-- [fill = 0]
                  70095c30    00000084     ti_power_clock_config.o (.text.Module_clockSetFrequency)
                  70095cb4    0000000c     --HOLE-- [fill = 0]
                  70095cc0    00000084     drivers.am263x.r5f.ti-arm-clang.debug.lib : uart_dma.obj (.text.UART_dmaDisableChannel)
                  70095d44    00000084     libsysbm.a : close.c.obj (.text.close)
                  70095dc8    00000008     --HOLE-- [fill = 0]
                  70095dd0    00000084     FOC_loop.o (.text.theta_limiter)
                  70095e54    0000000c     --HOLE-- [fill = 0]
                  70095e60    00000080     ti_drivers_open_close.o (.text.HRPWM_setHiResRisingEdgeDelay)
                  70095ee0    00000080     ti_drivers_open_close.o (.text.HRPWM_setSyncPulseSource)
                  70095f60    00000080     drivers.am263x.r5f.ti-arm-clang.debug.lib : uart_dma.obj (.text.UART_dmaClose)
                  70095fe0    00000080                                               : uart_v0.obj (.text.UART_readData)
                  70096060    00000080     libc.a : fflush.c.obj (.text.__TI_doflush)
                  700960e0    0000007c     ti_drivers_open_close.o (.text.EPWM_enableSyncOutPulseSource)
                  7009615c    00000004     --HOLE-- [fill = 0]
                  70096160    0000007c     ti_drivers_open_close.o (.text.EPWM_setInterruptEventCountInitValue)
                  700961dc    00000004     --HOLE-- [fill = 0]
                  700961e0    0000007c     ti_drivers_open_close.o (.text.EPWM_setTripZoneAdvAction)
                  7009625c    0000007c     libc.a : ti_fmax.c.obj (.text.fmin)
                  700962d8    0000007c            : ti_fmax.c.obj (.text.fminf)
                  70096354    00000004     --HOLE-- [fill = 0]
                  70096358    0000007c            : s_frexp.c.obj (.text.frexp)
                  700963d4    0000000c     --HOLE-- [fill = 0]
                  700963e0    0000007a     drivers.am263x.r5f.ti-arm-clang.debug.lib : uart_v0.obj (.text.UART_Params_init)
                  7009645a    00000006     --HOLE-- [fill = 0]
                  70096460    0000007a     nortos.am263x.r5f.ti-arm-clang.debug.lib : DebugP_log.obj (.text._DebugP_assert)
                  700964da    00000006     --HOLE-- [fill = 0]
                  700964e0    00000078     ti_drivers_open_close.o (.text.EPWM_setTripZoneAdvDigitalCompareActionB)
                  70096558    00000008     --HOLE-- [fill = 0]
                  70096560    00000078     filter.o (.text.FILTER_FO_init)
                  700965d8    00000078     libc.a : ti_fmax.c.obj (.text.fmax)
                  70096650    00000078            : ti_fmax.c.obj (.text.fmaxf)
                  700966c8    00000008     --HOLE-- [fill = 0]
                  700966d0    00000074     ti_drivers_open_close.o (.text.ADC_setInterruptSource)
                  70096744    0000000c     --HOLE-- [fill = 0]
                  70096750    00000074     nortos.am263x.r5f.ti-arm-clang.debug.lib : ClockP_nortos.obj (.text.ClockP_construct)
                  700967c4    0000000c     --HOLE-- [fill = 0]
                  700967d0    00000074     ti_drivers_open_close.o (.text.EPWM_disableADCTrigger)
                  70096844    0000000c     --HOLE-- [fill = 0]
                  70096850    00000074     FOC_loop.o (.text.EPWM_setCounterCompareValue)
                  700968c4    0000000c     --HOLE-- [fill = 0]
                  700968d0    00000074     ti_drivers_open_close.o (.text.EPWM_setCounterCompareValue)
                  70096944    0000000c     --HOLE-- [fill = 0]
                  70096950    00000074     ti_drivers_open_close.o (.text.EPWM_setTripZoneAdvDigitalCompareActionA)
                  700969c4    0000000c     --HOLE-- [fill = 0]
                  700969d0    00000074     FOC_loop.o (.text.LoopLog_init)
                  70096a44    0000000c     --HOLE-- [fill = 0]
                  70096a50    00000074     ti_power_clock_config.o (.text.Module_clockDisable)
                  70096ac4    0000000c     --HOLE-- [fill = 0]
                  70096ad0    00000074     ti_power_clock_config.o (.text.Module_clockEnable)
                  70096b44    0000000c     --HOLE-- [fill = 0]
                  70096b50    00000074     Serial_Cmd_HAL.o (.text.UART_readLineStatus)
                  70096bc4    00000074     libc.a : _printfi.c.obj (.text._pconv_f)
                  70096c38    00000074            : strtok.c.obj (.text.strtok)
                  70096cac    00000004     --HOLE-- [fill = 0]
                  70096cb0    00000072     nortos.am263x.r5f.ti-arm-clang.debug.lib : ClockP_nortos.obj (.text.ClockP_usleep)
                  70096d22    0000000e     --HOLE-- [fill = 0]
                  70096d30    00000072     drivers.am263x.r5f.ti-arm-clang.debug.lib : edma.obj (.text.EDMA_clrMissEvtRegion)
                  70096da2    0000000e     --HOLE-- [fill = 0]
                  70096db0    00000070     ti_drivers_open_close.o (.text.EPWM_enableADCTrigger)
                  70096e20    00000070     ti_drivers_open_close.o (.text.EPWM_setDigitalCompareBlankingEvent)
                  70096e90    00000070     ti_drivers_open_close.o (.text.EPWM_setDigitalCompareCounterShadowMode)
                  70096f00    00000070     ti_drivers_open_close.o (.text.EQEP_setSWPositionInit)
                  70096f70    00000070     ti_drivers_open_close.o (.text.HRPWM_setOutputSwapMode)
                  70096fe0    00000070     drivers.am263x.r5f.ti-arm-clang.debug.lib : uart_dma.obj (.text.UART_dmaOpen)
                  70097050    0000006c     ti_drivers_open_close.o (.text.EPWM_setCountModeAfterSync)
                  700970bc    0000006c     libsysbm.a : hostunlink.c.obj (.text.HOSTunlink)
                  70097128    00000008     --HOLE-- [fill = 0]
                  70097130    0000006c     drivers.am263x.r5f.ti-arm-clang.debug.lib : mcspi_dma.obj (.text.MCSPI_dmaOpen)
                  7009719c    0000006c     libc.a : atoi.c.obj (.text.atoi)
                  70097208    0000006c            : getdevice.c.obj (.text.finddevice)
                  70097274    0000000c     --HOLE-- [fill = 0]
                  70097280    0000006a     drivers.am263x.r5f.ti-arm-clang.debug.lib : soc.obj (.text.SOC_setEpwmTbClk)
                  700972ea    00000006     --HOLE-- [fill = 0]
                  700972f0    00000068     ti_drivers_open_close.o (.text.ADC_enableInterrupt)
                  70097358    00000008     --HOLE-- [fill = 0]
                  70097360    00000068     ti_drivers_open_close.o (.text.EPWM_setFallingEdgeDelayCount)
                  700973c8    00000008     --HOLE-- [fill = 0]
                  700973d0    00000068     ti_drivers_open_close.o (.text.EPWM_setPeriodLoadMode)
                  70097438    00000008     --HOLE-- [fill = 0]
                  70097440    00000068     ti_drivers_open_close.o (.text.EPWM_setRisingEdgeDelayCount)
                  700974a8    00000008     --HOLE-- [fill = 0]
                  700974b0    00000068     ti_drivers_open_close.o (.text.HRPWM_setHiResPhaseShift)
                  70097518    00000008     --HOLE-- [fill = 0]
                  70097520    00000068     drivers.am263x.r5f.ti-arm-clang.debug.lib : uart_v0.obj (.text.UART_divisorValCompute)
                  70097588    00000008     --HOLE-- [fill = 0]
                  70097590    00000064     ti_drivers_open_close.o (.text.ADC_disableContinuousMode)
                  700975f4    0000000c     --HOLE-- [fill = 0]
                  70097600    00000064     ti_drivers_open_close.o (.text.ADC_disableInterrupt)
                  70097664    0000000c     --HOLE-- [fill = 0]
                  70097670    00000064     ti_drivers_open_close.o (.text.HRPWM_setHiResTimeBasePeriod)
                  700976d4    0000000c     --HOLE-- [fill = 0]
                  700976e0    00000064     FOC_loop.o (.text.initRampControl)
                  70097744    0000000c     --HOLE-- [fill = 0]
                  70097750    00000062     drivers.am263x.r5f.ti-arm-clang.debug.lib : soc_rcm.obj (.text.SOC_rcmInsert16)
                  700977b2    0000000e     --HOLE-- [fill = 0]
                  700977c0    00000060     ti_drivers_open_close.o (.text.EPWM_setDeadBandDelayPolarity)
                  70097820    00000060     ti_drivers_open_close.o (.text.EQEP_selectSource)
                  70097880    00000060     libsysbm.a : hostclose.c.obj (.text.HOSTclose)
                  700978e0    00000060     drivers.am263x.r5f.ti-arm-clang.debug.lib : uart_v0.obj (.text.UART_getChar)
                  70097940    00000060     cli.o (.text.cli_init)
                  700979a0    0000005e     drivers.am263x.r5f.ti-arm-clang.debug.lib : uart_v0.obj (.text.UART_writeData)
                  700979fe    00000002     --HOLE-- [fill = 0]
                  70097a00    0000005c     ti_drivers_open_close.o (.text.ADC_setPPBCalibrationOffset)
                  70097a5c    00000004     --HOLE-- [fill = 0]
                  70097a60    0000005c     FOC_loop.o (.text.FILTER_FO_run)
                  70097abc    00000004     --HOLE-- [fill = 0]
                  70097ac0    0000005c     FOC_loop.o (.text.GPIO_pinWriteHigh)
                  70097b1c    00000004     --HOLE-- [fill = 0]
                  70097b20    0000005c     trinv_main.o (.text.GPIO_pinWriteHigh)
                  70097b7c    00000004     --HOLE-- [fill = 0]
                  70097b80    0000005c     FOC_loop.o (.text.GPIO_pinWriteLow)
                  70097bdc    00000004     --HOLE-- [fill = 0]
                  70097be0    0000005c     FOC_loop.o (.text.clarke_run)
                  70097c3c    00000004     --HOLE-- [fill = 0]
                  70097c40    0000005c     Serial_CLI.o (.text.serial_cli_consumeChar)
                  70097c9c    0000005c     libc.a : autoinit.c.obj (.text:__TI_auto_init_nobinit_nopinit)
                  70097cf8    00000008     --HOLE-- [fill = 0]
                  70097d00    0000005a     nortos.am263x.r5f.ti-arm-clang.debug.lib : SemaphoreP_nortos.obj (.text.SemaphoreP_post)
                  70097d5a    00000006     --HOLE-- [fill = 0]
                  70097d60    0000005a     drivers.am263x.r5f.ti-arm-clang.debug.lib : uart_v0.obj (.text.UART_regConfigModeEnable)
                  70097dba    00000006     --HOLE-- [fill = 0]
                  70097dc0    00000058     ti_drivers_open_close.o (.text.ADC_setInterruptSOCTrigger)
                  70097e18    00000008     --HOLE-- [fill = 0]
                  70097e20    00000058     ti_dpl_config.o (.text.Dpl_init)
                  70097e78    00000008     --HOLE-- [fill = 0]
                  70097e80    00000058     ti_drivers_open_close.o (.text.EQEP_setPositionCounterConfig)
                  70097ed8    00000008     --HOLE-- [fill = 0]
                  70097ee0    00000058     drivers.am263x.r5f.ti-arm-clang.debug.lib : soc_rcm.obj (.text.SOC_rcmGetModuleClkDivVal)
                  70097f38    00000008     --HOLE-- [fill = 0]
                  70097f40    00000058                                               : soc.obj (.text.SOC_setEpwmGroup)
                  70097f98    00000008     --HOLE-- [fill = 0]
                  70097fa0    00000058     ti_drivers_config.o (.text.System_deinit)
                  70097ff8    00000058     libsysbm.a : trgmsg.c.obj (.text.__TI_readmsg)
                  70098050    00000058                : trgmsg.c.obj (.text.__TI_writemsg)
                  700980a8    00000058     libc.a : _printfi.c.obj (.text._fcpy)
                  70098100    00000058     FOC_loop.o (.text.ipark_run)
                  70098158    00000008     --HOLE-- [fill = 0]
                  70098160    00000058     FOC_loop.o (.text.park_run)
                  700981b8    00000008     --HOLE-- [fill = 0]
                  700981c0    00000058     Serial_CLI.o (.text.serial_cli_init)
                  70098218    00000058     libc.a : sprintf.c.obj (.text.sprintf)
                  70098270    00000056     nortos.am263x.r5f.ti-arm-clang.debug.lib : SemaphoreP_nortos.obj (.text.SemaphoreP_construct)
                  700982c6    0000000a     --HOLE-- [fill = 0]
                  700982d0    00000054     ti_drivers_open_close.o (.text.ADC_setupPPB)
                  70098324    0000000c     --HOLE-- [fill = 0]
                  70098330    00000054     drivers.am263x.r5f.ti-arm-clang.debug.lib : edma.obj (.text.EDMA_setPaRAM)
                  70098384    0000000c     --HOLE-- [fill = 0]
                  70098390    00000054     ti_drivers_open_close.o (.text.EPWM_allocAXCMP)
                  700983e4    0000000c     --HOLE-- [fill = 0]
                  700983f0    00000054     ti_drivers_open_close.o (.text.EPWM_selectDigitalCompareTripInput)
                  70098444    0000000c     --HOLE-- [fill = 0]
                  70098450    00000054     ti_drivers_open_close.o (.text.EPWM_setClockPrescaler)
                  700984a4    0000000c     --HOLE-- [fill = 0]
                  700984b0    00000054     ti_drivers_open_close.o (.text.HRPWM_setCounterCompareShadowLoadEvent)
                  70098504    0000000c     --HOLE-- [fill = 0]
                  70098510    00000054     ti_drivers_open_close.o (.text.HRPWM_setMEPControlMode)
                  70098564    0000000c     --HOLE-- [fill = 0]
                  70098570    00000054     Serial_CLI.o (.text.UART_Transaction_init)
                  700985c4    0000000c     --HOLE-- [fill = 0]
                  700985d0    00000054     drivers.am263x.r5f.ti-arm-clang.debug.lib : uart_dma.obj (.text.UART_writeInterruptDma)
                  70098624    00000054     libc.a : fopen.c.obj (.text.__TI_cleanup)
                  70098678    00000054            : exit.c.obj (.text.exit)
                  700986cc    00000004     --HOLE-- [fill = 0]
                  700986d0    00000050     ti_drivers_open_close.o (.text.Drivers_dacOpen)
                  70098720    00000050     ti_drivers_open_close.o (.text.EPWM_disableSplitXCMP)
                  70098770    00000050     ti_drivers_open_close.o (.text.EPWM_setTripZoneAction)
                  700987c0    00000050     ti_drivers_open_close.o (.text.EPWM_setTripZoneDigitalCompareEventCondition)
                  70098810    00000050     ti_drivers_open_close.o (.text.HRPWM_setMEPEdgeSelect)
                  70098860    00000050     drivers.am263x.r5f.ti-arm-clang.debug.lib : pinmux.obj (.text.Pinmux_config)
                  700988b0    0000004e                                               : edma.obj (.text.EDMA_clrEvtRegion)
                  700988fe    00000002     --HOLE-- [fill = 0]
                  70098900    0000004e                                               : edma.obj (.text.EDMA_clrIntrRegion)
                  7009894e    00000002     --HOLE-- [fill = 0]
                  70098950    0000004e                                               : edma.obj (.text.EDMA_disableDmaEvtRegion)
                  7009899e    00000002     --HOLE-- [fill = 0]
                  700989a0    0000004e                                               : edma.obj (.text.EDMA_disableEvtIntrRegion)
                  700989ee    00000002     --HOLE-- [fill = 0]
                  700989f0    0000004e                                               : gpio.obj (.text.GPIO_setDirMode)
                  70098a3e    00000002     --HOLE-- [fill = 0]
                  70098a40    0000004c     ti_drivers_open_close.o (.text.ADC_disablePPBEventCBCClear)
                  70098a8c    00000004     --HOLE-- [fill = 0]
                  70098a90    0000004c     ti_drivers_open_close.o (.text.ADC_disablePPBTwosComplement)
                  70098adc    00000004     --HOLE-- [fill = 0]
                  70098ae0    0000004c     ti_drivers_open_close.o (.text.EPWM_disableActionQualifierShadowLoadMode)
                  70098b2c    00000004     --HOLE-- [fill = 0]
                  70098b30    0000004c     ti_drivers_open_close.o (.text.EPWM_disableDigitalCompareADCTrigger)
                  70098b7c    00000004     --HOLE-- [fill = 0]
                  70098b80    0000004c     ti_drivers_open_close.o (.text.EPWM_setDigitalCompareEdgeFilterEdgeCount)
                  70098bcc    00000004     --HOLE-- [fill = 0]
                  70098bd0    0000004c     ti_drivers_open_close.o (.text.EPWM_setDiodeEmulationMonitorCounterThreshold)
                  70098c1c    00000004     --HOLE-- [fill = 0]
                  70098c20    0000004c     ti_drivers_open_close.o (.text.EQEP_setCaptureConfig)
                  70098c6c    00000004     --HOLE-- [fill = 0]
                  70098c70    0000004c     drivers.am263x.r5f.ti-arm-clang.debug.lib : mcspi_v0.obj (.text.MCSPI_fifoRead16)
                  70098cbc    00000004     --HOLE-- [fill = 0]
                  70098cc0    0000004c                                               : mcspi_v0.obj (.text.MCSPI_fifoRead32)
                  70098d0c    00000004     --HOLE-- [fill = 0]
                  70098d10    0000004c                                               : mcspi_v0.obj (.text.MCSPI_fifoRead8)
                  70098d5c    00000004     --HOLE-- [fill = 0]
                  70098d60    0000004c                                               : mcspi_v0.obj (.text.MCSPI_fifoWrite16)
                  70098dac    00000004     --HOLE-- [fill = 0]
                  70098db0    0000004c                                               : mcspi_v0.obj (.text.MCSPI_fifoWrite32)
                  70098dfc    00000004     --HOLE-- [fill = 0]
                  70098e00    0000004c                                               : mcspi_v0.obj (.text.MCSPI_fifoWrite8)
                  70098e4c    00000004     --HOLE-- [fill = 0]
                  70098e50    0000004c     Serial_Cmd_HAL.o (.text.SerialCmd_init)
                  70098e9c    00000004     --HOLE-- [fill = 0]
                  70098ea0    0000004c     drivers.am263x.r5f.ti-arm-clang.debug.lib : uart_v0.obj (.text.UART_fifoRegisterWrite)
                  70098eec    00000004     --HOLE-- [fill = 0]
                  70098ef0    0000004a                                               : mcspi_v0.obj (.text.MCSPI_checkChConfig)
                  70098f3a    00000006     --HOLE-- [fill = 0]
                  70098f40    0000004a                                               : uart_v0.obj (.text.UART_getIntrIdentityStatus)
                  70098f8a    00000006     --HOLE-- [fill = 0]
                  70098f90    0000004a                                               : uart_v0.obj (.text.UART_lineCharConfig)
                  70098fda    00000006     --HOLE-- [fill = 0]
                  70098fe0    00000048                                               : edma.obj (.text.EDMA_ccPaRAMEntry_init)
                  70099028    00000008     --HOLE-- [fill = 0]
                  70099030    00000048     ti_drivers_open_close.o (.text.EPWM_selectCycleByCycleTripZoneClearEvent)
                  70099078    00000008     --HOLE-- [fill = 0]
                  70099080    00000048     ti_drivers_open_close.o (.text.EPWM_setDigitalCompareEdgeFilterMode)
                  700990c8    00000008     --HOLE-- [fill = 0]
                  700990d0    00000048     ti_drivers_open_close.o (.text.EPWM_setDiodeEmulationReentryDelay)
                  70099118    00000008     --HOLE-- [fill = 0]
                  70099120    00000048     ti_drivers_open_close.o (.text.EPWM_setFallingEdgeDelayCountShadowLoadMode)
                  70099168    00000008     --HOLE-- [fill = 0]
                  70099170    00000048     ti_drivers_open_close.o (.text.EPWM_setXCMPShadowBufPtrLoadOnce)
                  700991b8    00000008     --HOLE-- [fill = 0]
                  700991c0    00000048     ti_drivers_open_close.o (.text.EPWM_setXCMPShadowLevel)
                  70099208    00000008     --HOLE-- [fill = 0]
                  70099210    00000048     ti_drivers_open_close.o (.text.EQEP_enableUnitTimer)
                  70099258    00000008     --HOLE-- [fill = 0]
                  70099260    00000048     Encoder.o (.text.EQEP_getDirection)
                  700992a8    00000008     --HOLE-- [fill = 0]
                  700992b0    00000048     FOC_loop.o (.text.FOC_setMotorRunState)
                  700992f8    00000008     --HOLE-- [fill = 0]
                  70099300    00000048     FOC_loop.o (.text.MATH_max)
                  70099348    00000008     --HOLE-- [fill = 0]
                  70099350    00000048     FOC_loop.o (.text.MATH_min)
                  70099398    00000008     --HOLE-- [fill = 0]
                  700993a0    00000048     FOC_loop.o (.text.MATH_sat)
                  700993e8    00000008     --HOLE-- [fill = 0]
                  700993f0    00000048     drivers.am263x.r5f.ti-arm-clang.debug.lib : mcspi_v0.obj (.text.MCSPI_checkOpenParams)
                  70099438    00000008     --HOLE-- [fill = 0]
                  70099440    00000048     FOC_loop.o (.text.initRampGen)
                  70099488    00000048     libc.a : memccpy.c.obj (.text.memccpy)
                  700994d0    00000048     Serial_CLI.o (.text.serial_cli_println)
                  70099518    00000048     libc.a : strcspn.c.obj (.text.strcspn)
                  70099560    00000048     trinv_main.o (.text.trinv_init)
                  700995a8    00000048     libsysbm.a : unlink.c.obj (.text.unlink)
                  700995f0    00000046     drivers.am263x.r5f.ti-arm-clang.debug.lib : uart_v0.obj (.text.UART_readLineStatus)
                  70099636    0000000a     --HOLE-- [fill = 0]
                  70099640    00000044     ti_drivers_open_close.o (.text.Drivers_intXbarOpen)
                  70099684    0000000c     --HOLE-- [fill = 0]
                  70099690    00000044     ti_drivers_open_close.o (.text.EPWM_disableADCTriggerEventCountInit)
                  700996d4    0000000c     --HOLE-- [fill = 0]
                  700996e0    00000044     ti_drivers_open_close.o (.text.EPWM_setDeadBandCounterClock)
                  70099724    0000000c     --HOLE-- [fill = 0]
                  70099730    00000044     ti_drivers_open_close.o (.text.EPWM_setDigitalCompareFilterInput)
                  70099774    0000000c     --HOLE-- [fill = 0]
                  70099780    00000044     ti_drivers_open_close.o (.text.EPWM_setRisingEdgeDelayCountShadowLoadMode)
                  700997c4    0000000c     --HOLE-- [fill = 0]
                  700997d0    00000044     ti_drivers_open_close.o (.text.EPWM_setValleyDelayDivider)
                  70099814    0000000c     --HOLE-- [fill = 0]
                  70099820    00000044     ti_drivers_open_close.o (.text.EQEP_setDecoderConfig)
                  70099864    0000000c     --HOLE-- [fill = 0]
                  70099870    00000044     ti_drivers_open_close.o (.text.EQEP_setEmulationMode)
                  700998b4    0000000c     --HOLE-- [fill = 0]
                  700998c0    00000044     ti_drivers_open_close.o (.text.EQEP_setPositionInitMode)
                  70099904    0000000c     --HOLE-- [fill = 0]
                  70099910    00000044     FOC_loop.o (.text.MATH_abs)
                  70099954    0000000c     --HOLE-- [fill = 0]
                  70099960    00000044     drivers.am263x.r5f.ti-arm-clang.debug.lib : soc_rcm.obj (.text.SOC_rcmExtract8)
                  700999a4    0000000c     --HOLE-- [fill = 0]
                  700999b0    00000044                                               : soc_rcm.obj (.text.SOC_rcmMake16)
                  700999f4    0000000c     --HOLE-- [fill = 0]
                  70099a00    00000044     nortos.am263x.r5f.ti-arm-clang.debug.lib : DebugP_nortos.obj (.text._DebugP_logZone)
                  70099a44    0000000c     --HOLE-- [fill = 0]
                  70099a50    00000044                                              : printf.obj (.text._strnlen_s)
                  70099a94    00000044     libc.a : strspn.c.obj (.text.strspn)
                  70099ad8    00000008     --HOLE-- [fill = 0]
                  70099ae0    00000042     nortos.am263x.r5f.ti-arm-clang.debug.lib : ClockP_nortos.obj (.text.ClockP_start)
                  70099b22    0000000e     --HOLE-- [fill = 0]
                  70099b30    00000042     drivers.am263x.r5f.ti-arm-clang.debug.lib : uart_v0.obj (.text.UART_checkOpenParams)
                  70099b72    0000000e     --HOLE-- [fill = 0]
                  70099b80    00000040     FOC_loop.o (.text.ADC_setPPBReferenceOffset)
                  70099bc0    00000040     ti_drivers_open_close.o (.text.ADC_setPPBReferenceOffset)
                  70099c00    00000040     ti_drivers_open_close.o (.text.ADC_setPrescaler)
                  70099c40    00000040     ti_drivers_open_close.o (.text.ADC_setSOCPriority)
                  70099c80    00000040     ti_drivers_open_close.o (.text.DAC_setLoadMode)
                  70099cc0    00000040     ti_drivers_open_close.o (.text.DAC_setReferenceVoltage)
                  70099d00    00000040     ti_drivers_open_close.o (.text.Drivers_dmaXbarOpen)
                  70099d40    00000040     ti_drivers_open_close.o (.text.EPWM_disableDiodeEmulationMonitorModeControl)
                  70099d80    00000040     ti_drivers_open_close.o (.text.EPWM_nobypassDiodeEmulationLogic)
                  70099dc0    00000040     ti_drivers_open_close.o (.text.EPWM_setActionQualifierContSWForceShadowMode)
                  70099e00    00000040     ti_drivers_open_close.o (.text.EPWM_setActionQualifierT1TriggerSource)
                  70099e40    00000040     ti_drivers_open_close.o (.text.EPWM_setActionQualifierT2TriggerSource)
                  70099e80    00000040     ti_drivers_open_close.o (.text.EPWM_setDeadBandControlShadowLoadMode)
                  70099ec0    00000040     ti_drivers_open_close.o (.text.EPWM_setGlobalLoadTrigger)
                  70099f00    00000040     ti_drivers_open_close.o (.text.EPWM_setOneShotSyncOutTrigger)
                  70099f40    00000040     ti_drivers_open_close.o (.text.EPWM_setValleyTriggerSource)
                  70099f80    00000040     ti_drivers_open_close.o (.text.EPWM_setXCMPRegValue)
                  70099fc0    00000040     ti_drivers_open_close.o (.text.EQEP_setLatchMode)
                  7009a000    00000040     ti_drivers_open_close.o (.text.EQEP_setQMAModuleMode)
                  7009a040    00000040     ti_drivers_open_close.o (.text.EQEP_setStrobeSource)
                  7009a080    00000040     ti_drivers_open_close.o (.text.HRPWM_setChannelBOutputPath)
                  7009a0c0    00000040     ti_drivers_open_close.o (.text.HRPWM_setDeadbandMEPEdgeSelect)
                  7009a100    00000040     ti_drivers_open_close.o (.text.HRPWM_setFallingEdgeDelayLoadMode)
                  7009a140    00000040     ti_drivers_open_close.o (.text.HRPWM_setRisingEdgeDelayLoadMode)
                  7009a180    00000040     drivers.am263x.r5f.ti-arm-clang.debug.lib : mcspi_v0.obj (.text.MCSPI_fifoWriteDefault)
                  7009a1c0    00000040                                               : mcspi_v0.obj (.text.Spi_mcspiGetRxMask)
                  7009a200    00000040                                               : mcspi_v0.obj (.text.Spi_mcspiGetTxMask)
                  7009a240    00000040     libc.a : memory.c.obj (.text.free_list_insert)
                  7009a280    0000003e     drivers.am263x.r5f.ti-arm-clang.debug.lib : pinmux.obj (.text.Pinmux_unlockMMR)
                  7009a2be    00000002     --HOLE-- [fill = 0]
                  7009a2c0    0000003e                                               : uart_v0.obj (.text.UART_spaceAvail)
                  7009a2fe    00000002     --HOLE-- [fill = 0]
                  7009a300    0000003c     ti_drivers_open_close.o (.text.ADC_setInterruptPulseMode)
                  7009a33c    00000004     --HOLE-- [fill = 0]
                  7009a340    0000003c     ti_drivers_open_close.o (.text.EPWM_disableDiodeEmulationMode)
                  7009a37c    00000004     --HOLE-- [fill = 0]
                  7009a380    0000003c     ti_drivers_open_close.o (.text.EPWM_disableXCMPMode)
                  7009a3bc    00000004     --HOLE-- [fill = 0]
                  7009a3c0    0000003c     ti_drivers_open_close.o (.text.EPWM_enableTripZoneSignals)
                  7009a3fc    00000004     --HOLE-- [fill = 0]
                  7009a400    0000003c     ti_drivers_open_close.o (.text.EPWM_setPhaseShift)
                  7009a43c    00000004     --HOLE-- [fill = 0]
                  7009a440    0000003c     ti_drivers_open_close.o (.text.EPWM_setSyncInPulseSource)
                  7009a47c    00000004     --HOLE-- [fill = 0]
                  7009a480    0000003c     ti_drivers_open_close.o (.text.EPWM_setTimeBaseCounterMode)
                  7009a4bc    00000004     --HOLE-- [fill = 0]
                  7009a4c0    0000003c     FOC_loop.o (.text.FOC_setVd)
                  7009a4fc    00000004     --HOLE-- [fill = 0]
                  7009a500    0000003c     FOC_loop.o (.text.FOC_setVq)
                  7009a53c    00000004     --HOLE-- [fill = 0]
                  7009a540    0000003c     drivers.am263x.r5f.ti-arm-clang.debug.lib : uart_v0.obj (.text.UART_enhanFuncEnable)
                  7009a57c    00000004     --HOLE-- [fill = 0]
                  7009a580    0000003c                                               : uart_v0.obj (.text.UART_resetModule)
                  7009a5bc    00000004     --HOLE-- [fill = 0]
                  7009a5c0    0000003c                                               : uart_v0.obj (.text.UART_writeDataPolling)
                  7009a5fc    00000004     --HOLE-- [fill = 0]
                  7009a600    0000003a                                               : soc.obj (.text.SOC_moduleSetClockFrequency)
                  7009a63a    00000006     --HOLE-- [fill = 0]
                  7009a640    0000003a     nortos.am263x.r5f.ti-arm-clang.debug.lib : printf.obj (.text._atoi)
                  7009a67a    00000006     --HOLE-- [fill = 0]
                  7009a680    00000038     drivers.am263x.r5f.ti-arm-clang.debug.lib : adc.obj (.text.ADC_setMode)
                  7009a6b8    00000008     --HOLE-- [fill = 0]
                  7009a6c0    00000038                                               : mcspi_v0.obj (.text.CSL_REG32_FINS_RAW)
                  7009a6f8    00000008     --HOLE-- [fill = 0]
                  7009a700    00000038                                               : edma.obj (.text.EDMA_qdmaClrMissEvtRegion)
                  7009a738    00000008     --HOLE-- [fill = 0]
                  7009a740    00000038     ti_drivers_open_close.o (.text.EPWM_disableDigitalCompareBlankingWindow)
                  7009a778    00000008     --HOLE-- [fill = 0]
                  7009a780    00000038     ti_drivers_open_close.o (.text.EPWM_disableDigitalCompareEdgeFilter)
                  7009a7b8    00000008     --HOLE-- [fill = 0]
                  7009a7c0    00000038     ti_drivers_open_close.o (.text.EPWM_disableDigitalCompareWindowInverseMode)
                  7009a7f8    00000008     --HOLE-- [fill = 0]
                  7009a800    00000038     ti_drivers_open_close.o (.text.EPWM_disableFallingEdgeDelayCountShadowLoadMode)
                  7009a838    00000008     --HOLE-- [fill = 0]
                  7009a840    00000038     ti_drivers_open_close.o (.text.EPWM_disableInterruptEventCountInit)
                  7009a878    00000008     --HOLE-- [fill = 0]
                  7009a880    00000038     ti_drivers_open_close.o (.text.EPWM_disableRisingEdgeDelayCountShadowLoadMode)
                  7009a8b8    00000008     --HOLE-- [fill = 0]
                  7009a8c0    00000038     ti_drivers_open_close.o (.text.EPWM_disableTripZoneAdvAction)
                  7009a8f8    00000008     --HOLE-- [fill = 0]
                  7009a900    00000038     ti_drivers_open_close.o (.text.EPWM_disableValleyHWDelay)
                  7009a938    00000008     --HOLE-- [fill = 0]
                  7009a940    00000038     FOC_loop.o (.text.FOC_setIdref)
                  7009a978    00000008     --HOLE-- [fill = 0]
                  7009a980    00000038     FOC_loop.o (.text.FOC_setIqref)
                  7009a9b8    00000008     --HOLE-- [fill = 0]
                  7009a9c0    00000038     ti_drivers_open_close.o (.text.SOC_xbarSelectEdmaTrigXbarInputSource)
                  7009a9f8    00000008     --HOLE-- [fill = 0]
                  7009aa00    00000038     cli.o (.text.cli_print)
                  7009aa38    00000008     --HOLE-- [fill = 0]
                  7009aa40    00000038     main.o (.text.main)
                  7009aa78    00000008     --HOLE-- [fill = 0]
                  7009aa80    00000036     drivers.am263x.r5f.ti-arm-clang.debug.lib : mcspi_v0.obj (.text.MCSPI_reset)
                  7009aab6    0000000a     --HOLE-- [fill = 0]
                  7009aac0    00000036                                               : uart_v0.obj (.text.UART_checkTransaction)
                  7009aaf6    0000000a     --HOLE-- [fill = 0]
                  7009ab00    00000034     FOC_loop.o (.text.ADC_clearInterruptStatus)
                  7009ab34    0000000c     --HOLE-- [fill = 0]
                  7009ab40    00000034     ti_drivers_open_close.o (.text.ADC_disableBurstMode)
                  7009ab74    0000000c     --HOLE-- [fill = 0]
                  7009ab80    00000034     ti_drivers_open_close.o (.text.DAC_enableOutput)
                  7009abb4    0000000c     --HOLE-- [fill = 0]
                  7009abc0    00000034     ti_drivers_open_close.o (.text.EPWM_disableChopper)
                  7009abf4    0000000c     --HOLE-- [fill = 0]
                  7009ac00    00000034     ti_drivers_open_close.o (.text.EPWM_disableDeadBandControlShadowLoadMode)
                  7009ac34    0000000c     --HOLE-- [fill = 0]
                  7009ac40    00000034     ti_drivers_open_close.o (.text.EPWM_disableDigitalCompareCounterCapture)
                  7009ac74    0000000c     --HOLE-- [fill = 0]
                  7009ac80    00000034     ti_drivers_open_close.o (.text.EPWM_disableGlobalLoad)
                  7009acb4    0000000c     --HOLE-- [fill = 0]
                  7009acc0    00000034     ti_drivers_open_close.o (.text.EPWM_disableGlobalLoadOneShotMode)
                  7009acf4    0000000c     --HOLE-- [fill = 0]
                  7009ad00    00000034     ti_drivers_open_close.o (.text.EPWM_disableInterrupt)
                  7009ad34    0000000c     --HOLE-- [fill = 0]
                  7009ad40    00000034     ti_drivers_open_close.o (.text.EPWM_disableValleyCapture)
                  7009ad74    0000000c     --HOLE-- [fill = 0]
                  7009ad80    00000034     ti_drivers_open_close.o (.text.EPWM_lockRegisters)
                  7009adb4    0000000c     --HOLE-- [fill = 0]
                  7009adc0    00000034     ti_drivers_open_close.o (.text.EQEP_disableDirectionChangeDuringIndex)
                  7009adf4    0000000c     --HOLE-- [fill = 0]
                  7009ae00    00000034     ti_drivers_open_close.o (.text.EQEP_disableWatchdog)
                  7009ae34    0000000c     --HOLE-- [fill = 0]
                  7009ae40    00000034     ti_drivers_open_close.o (.text.EQEP_enableCapture)
                  7009ae74    0000000c     --HOLE-- [fill = 0]
                  7009ae80    00000034     ti_drivers_open_close.o (.text.EQEP_enableModule)
                  7009aeb4    0000000c     --HOLE-- [fill = 0]
                  7009aec0    00000034     FOC_loop.o (.text.FOC_setSpeedRef)
                  7009aef4    0000000c     --HOLE-- [fill = 0]
                  7009af00    00000034     ti_drivers_open_close.o (.text.HRPWM_disableAutoConversion)
                  7009af34    0000000c     --HOLE-- [fill = 0]
                  7009af40    00000034     ti_drivers_open_close.o (.text.HRPWM_disablePeriodControl)
                  7009af74    0000000c     --HOLE-- [fill = 0]
                  7009af80    00000034     ti_drivers_open_close.o (.text.HRPWM_disablePhaseShiftLoad)
                  7009afb4    0000000c     --HOLE-- [fill = 0]
                  7009afc0    00000034     drivers.am263x.r5f.ti-arm-clang.debug.lib : mcspi_v0.obj (.text.MCSPI_fifoReadDiscard)
                  7009aff4    0000000c     --HOLE-- [fill = 0]
                  7009b000    00000034                                               : pinmux.obj (.text.Pinmux_lockMMR)
                  7009b034    0000000c     --HOLE-- [fill = 0]
                  7009b040    00000034     nortos.am263x.r5f.ti-arm-clang.debug.lib : TimerP_rti.obj (.text.TimerP_Params_init)
                  7009b074    0000000c     --HOLE-- [fill = 0]
                  7009b080    00000034     Serial_CLI.o (.text.handler__print_help)
                  7009b0b4    00000034     libsysbm.a : lseek.c.obj (.text.lseek)
                  7009b0e8    00000034                : write.c.obj (.text.write)
                  7009b11c    00000004     --HOLE-- [fill = 0]
                  7009b120    00000032     drivers.am263x.r5f.ti-arm-clang.debug.lib : edma.obj (.text.HW_WR_FIELD32_RAW)
                  7009b152    0000000e     --HOLE-- [fill = 0]
                  7009b160    00000032                                               : uart_v0.obj (.text.HW_WR_FIELD32_RAW)
                  7009b192    0000000e     --HOLE-- [fill = 0]
                  7009b1a0    00000032     nortos.am263x.r5f.ti-arm-clang.debug.lib : TimerP_rti.obj (.text.TimerP_getCount)
                  7009b1d2    0000000e     --HOLE-- [fill = 0]
                  7009b1e0    00000032     drivers.am263x.r5f.ti-arm-clang.debug.lib : uart_v0.obj (.text.UART_enhanFuncBitValRestore)
                  7009b212    0000000e     --HOLE-- [fill = 0]
                  7009b220    00000032                                               : uart_v0.obj (.text.UART_hardwareFlowCtrlOptSet)
                  7009b252    0000000e     --HOLE-- [fill = 0]
                  7009b260    00000030     ti_drivers_open_close.o (.text.ADC_enableConverter)
                  7009b290    00000030     ti_drivers_open_close.o (.text.Drivers_open)
                  7009b2c0    00000030     ti_drivers_open_close.o (.text.EPWM_enablePhaseShiftLoad)
                  7009b2f0    00000030     drivers.am263x.r5f.ti-arm-clang.debug.lib : uart_v0.obj (.text.UART_flowCtrlTrigLvlConfig)
                  7009b320    00000030     libc.a : memory.c.obj (.text.free_list_remove)
                  7009b350    0000002e     drivers.am263x.r5f.ti-arm-clang.debug.lib : mcspi_v0.obj (.text.MCSPI_clearAllIrqStatus)
                  7009b37e    00000002     --HOLE-- [fill = 0]
                  7009b380    0000002e                                               : mcspi_v0.obj (.text.MCSPI_deinit)
                  7009b3ae    00000002     --HOLE-- [fill = 0]
                  7009b3b0    0000002e                                               : uart_v0.obj (.text.UART_deinit)
                  7009b3de    00000002     --HOLE-- [fill = 0]
                  7009b3e0    0000002e     nortos.am263x.r5f.ti-arm-clang.debug.lib : printf.obj (.text._is_digit)
                  7009b40e    00000002     --HOLE-- [fill = 0]
                  7009b410    0000002c     FOC_loop.o (.text.ADC_readPPBResult)
                  7009b43c    00000004     --HOLE-- [fill = 0]
                  7009b440    0000002c     Serial_CLI.o (.text.ADC_readPPBResult)
                  7009b46c    00000004     --HOLE-- [fill = 0]
                  7009b470    0000002c     nortos.am263x.r5f.ti-arm-clang.debug.lib : DebugP_log.obj (.text.DebugP_logZoneEnable)
                  7009b49c    00000004     --HOLE-- [fill = 0]
                  7009b4a0    0000002c     ti_drivers_open_close.o (.text.EPWM_setDigitalCompareWindowLength)
                  7009b4cc    00000004     --HOLE-- [fill = 0]
                  7009b4d0    0000002c     ti_drivers_open_close.o (.text.EPWM_setDigitalCompareWindowOffset)
                  7009b4fc    00000004     --HOLE-- [fill = 0]
                  7009b500    0000002c     drivers.am263x.r5f.ti-arm-clang.debug.lib : etpwm.obj (.text.EPWM_setEmulationMode)
                  7009b52c    00000004     --HOLE-- [fill = 0]
                  7009b530    0000002c     nortos.am263x.r5f.ti-arm-clang.debug.lib : SemaphoreP_nortos.obj (.text.SemaphoreP_constructBinary)
                  7009b55c    00000004     --HOLE-- [fill = 0]
                  7009b560    0000002c     drivers.am263x.r5f.ti-arm-clang.debug.lib : uart_v0.obj (.text.UART_moduleReset)
                  7009b58c    0000002c     libc.a : sprintf.c.obj (.text._outs)
                  7009b5b8    0000002c     libclang_rt.builtins.a : divsi3.S.obj (.text)
                  7009b5e4    0000000c     --HOLE-- [fill = 0]
                  7009b5f0    0000002a     nortos.am263x.r5f.ti-arm-clang.debug.lib : ClockP_nortos.obj (.text.ClockP_sleepTicks)
                  7009b61a    00000006     --HOLE-- [fill = 0]
                  7009b620    0000002a     drivers.am263x.r5f.ti-arm-clang.debug.lib : mcspi_v0.obj (.text.MCSPI_intrStatusClear)
                  7009b64a    00000006     --HOLE-- [fill = 0]
                  7009b650    0000002a                                               : uart_v0.obj (.text.UART_intr2Disable)
                  7009b67a    00000006     --HOLE-- [fill = 0]
                  7009b680    0000002a                                               : uart_v0.obj (.text.UART_operatingModeSelect)
                  7009b6aa    00000006     --HOLE-- [fill = 0]
                  7009b6b0    00000028     FOC_loop.o (.text.ADC_readResult)
                  7009b6d8    00000008     --HOLE-- [fill = 0]
                  7009b6e0    00000028     Serial_CLI.o (.text.ADC_readResult)
                  7009b708    00000008     --HOLE-- [fill = 0]
                  7009b710    00000028     ti_drivers_open_close.o (.text.EPWM_setTimeBaseCounter)
                  7009b738    00000008     --HOLE-- [fill = 0]
                  7009b740    00000028     ti_drivers_open_close.o (.text.EPWM_setTimeBasePeriod)
                  7009b768    00000008     --HOLE-- [fill = 0]
                  7009b770    00000028     ti_drivers_open_close.o (.text.EPWM_setValleySWDelayValue)
                  7009b798    00000008     --HOLE-- [fill = 0]
                  7009b7a0    00000028     Encoder.o (.text.EQEP_clearInterruptStatus)
                  7009b7c8    00000008     --HOLE-- [fill = 0]
                  7009b7d0    00000028     ti_drivers_open_close.o (.text.EQEP_setInitialPosition)
                  7009b7f8    00000008     --HOLE-- [fill = 0]
                  7009b800    00000028     drivers.am263x.r5f.ti-arm-clang.debug.lib : uart_v0.obj (.text.UART_getBaseAddr)
                  7009b828    00000028     libc.a : _printfi.c.obj (.text.strchr)
                  7009b850    00000028     nortos.am263x.r5f.ti-arm-clang.debug.lib : printf.obj (.text.vprintf_)
                  7009b878    00000008     --HOLE-- [fill = 0]
                  7009b880    00000026     drivers.am263x.r5f.ti-arm-clang.debug.lib : edma.obj (.text.EDMA_disableQdmaEvtRegion)
                  7009b8a6    0000000a     --HOLE-- [fill = 0]
                  7009b8b0    00000026                                               : edma.obj (.text.EDMA_getIntrStatusRegion)
                  7009b8d6    0000000a     --HOLE-- [fill = 0]
                  7009b8e0    00000026                                               : edma.obj (.text.EDMA_intrStatusHighGetRegion)
                  7009b906    0000000a     --HOLE-- [fill = 0]
                  7009b910    00000026                                               : mcspi_v0.obj (.text.MCSPI_OpenParams_init)
                  7009b936    0000000a     --HOLE-- [fill = 0]
                  7009b940    00000024     ti_drivers_open_close.o (.text.EQEP_setPosition)
                  7009b964    0000000c     --HOLE-- [fill = 0]
                  7009b970    00000024     nortos.am263x.r5f.ti-arm-clang.debug.lib : SemaphoreP_nortos.obj (.text.SemaphoreP_constructMutex)
                  7009b994    0000000c     --HOLE-- [fill = 0]
                  7009b9a0    00000024     Serial_Cmd_HAL.o (.text.UART_putChar)
                  7009b9c4    0000000c     --HOLE-- [fill = 0]
                  7009b9d0    00000024     nortos.am263x.r5f.ti-arm-clang.debug.lib : printf.obj (.text._out_char)
                  7009b9f4    0000000c     --HOLE-- [fill = 0]
                  7009ba00    00000024                                              : boot_armv7r.obj (.text._system_pre_init)
                  7009ba24    00000024     libc.a : strcmp.c.obj (.text.strcmp)
                  7009ba48    00000024     libclang_rt.builtins.a : aeabi_uldivmod.S.obj (.text)
                  7009ba6c    00000004     --HOLE-- [fill = 0]
                  7009ba70    00000022     drivers.am263x.r5f.ti-arm-clang.debug.lib : uart_v0.obj (.text.UART_writeInterrupt)
                  7009ba92    0000000e     --HOLE-- [fill = 0]
                  7009baa0    00000020     FOC_loop.o (.text.CSL_REG32_WR_RAW)
                  7009bac0    00000020     trinv_main.o (.text.CSL_REG32_WR_RAW)
                  7009bae0    00000020     Encoder.o (.text.EQEP_getInterruptStatus)
                  7009bb00    00000020     drivers.am263x.r5f.ti-arm-clang.debug.lib : uart_v0.obj (.text.HW_RD_FIELD32_RAW)
                  7009bb20    00000020     Encoder.o (.text.HW_RD_REG16_RAW)
                  7009bb40    00000020     FOC_loop.o (.text.HW_RD_REG16_RAW)
                  7009bb60    00000020     Serial_CLI.o (.text.HW_RD_REG16_RAW)
                  7009bb80    00000020     ti_drivers_open_close.o (.text.HW_RD_REG16_RAW)
                  7009bba0    00000020     Encoder.o (.text.HW_RD_REG32_RAW)
                  7009bbc0    00000020     FOC_loop.o (.text.HW_RD_REG32_RAW)
                  7009bbe0    00000020     Serial_CLI.o (.text.HW_RD_REG32_RAW)
                  7009bc00    00000020     Serial_Cmd_HAL.o (.text.HW_RD_REG32_RAW)
                  7009bc20    00000020     ti_drivers_open_close.o (.text.HW_RD_REG32_RAW)
                  7009bc40    00000020     Encoder.o (.text.HW_WR_REG16_RAW)
[...]
00002290  __ABORT_STACK_START               
00002290  __SVC_STACK_END                   
00002390  __ABORT_STACK_END                 
00002390  __UNDEFINED_STACK_START           
00002490  __UNDEFINED_STACK_END             
00004000  __STACK_SIZE                      
00008000  __SYSMEM_SIZE                     
00080000  FOCrun_ISR                        
00084000  gLogTicker                        
00084004  gLogSkiper                        
00084008  gLog_CH_ptr                       
00084048  gLog_ptr                          
00084088  gLog_CH                           
00087288  gIsrCnt                           
0008728c  test_theta                        
00087290  gFlag_RDCexcUpdate                
00087292  gFlag_RDCexcRight                 
00087294  gFlag_RDCexcLeft                  
00087298  gRDCtable_ptr                     
0008729c  Vd_befMock                        
000872a0  Vq_befMock                        
000872a4  posSpeed                          
000872dc  rg1                               
000872f4  rc1                               
00087314  motor1                            
0008744c  pwm1                              
00087494  aci1                              
000874a4  filterVdc                         
000874b8  resolver_theta                    
000874bc  resolver_omega                    
000874c0  gDemoRPM                          
000874c4  gTgpioBaseAddr                    
000874c8  gTpinNum                          
000874cc  resolver_bias                     
000874d4  LogChCnt                          
000874d8  resolver1                         
0008755c  resolver_motor_ratio              
70080000  Drivers_epwmOpen                  
70085414  __aeabi_errno_addr                
70085420  Drivers_adcOpen                   
70087230  __TI_printfi                      
70088b34  malloc                            
700890b4  atof                              
700890bc  _nop                              
700890c1  SOC_rcmEnablePeripheralClock      
70089608  fseek                             
7008960c  remove                            
70089b38  strtod                            
70089b38  strtold                           
70089ffc  __aeabi_memcpy                    
70089ffc  __aeabi_memcpy4                   
70089ffc  __aeabi_memcpy8                   
7008a480  handler__print_adc                
7008a8c0  FOCcal_ISR                        
7008acc0  FOC_init                          
7008b6f1  UART_open                         
7008bbf1  MCSPI_open                        
7008c780  PosSpeed_calculate                
7008cbe0  handler__set_ref_current          
7008cdf0  handler__set_test_voltage         
7008d211  TimerP_setup                      
7008d411  UART_write                        
7008d7f0  handler__set_speed                
7008d9cc  __aeabi_uidiv                     
7008d9cc  __udivsi3                         
7008dba0  cli_process                       
7008dd64  free                              
7008e0e0  Drivers_mcspiOpen                 
7008e461  UART_close                        
7008e610  aligned_alloc                     
7008e610  memalign                          
7008e971  EDMA_open                         
7008eca0  cli_put                           
7008ee30  motor_init                        
7008f451  ClockP_init                       
7008f5d1  SOC_controlModuleUnlockMMR        
7008f888  floor                             
7008f888  floorl                            
7008fdc8  setvbuf                           
7008ff10  ldexp                             
7008ff10  ldexpl                            
7008ff10  scalbn                            
7008ff10  scalbnl                           
70090191  SOC_rcmGetPeripheralClockFrequency
700903f1  MCSPI_close                       
70090651  SOC_controlModuleLockMMR          
70090780  Drivers_eqepOpen                  
700909d0  Drivers_uartOpen                  
70090c10  Drivers_edmaOpen                  
70090e48  __udivmoddi4                      
700913c1  EQEP_setInputPolarity             
700915d0  trinv_main                        
700916d0  FOC_run                           
700917d0  handler__pi_spd_params            
700918d1  ADC_setPPBTripLimits              
70091bc1  SemaphoreP_pend                   
70092070  SerialCmd_send                    
70092158  fputc                             
700924e0  handler__set_motor_state          
700926a0  FOC_cal                           
70092861  UART_flushTxFifo                  
7009292c  getdevice                         
70092a01  MCSPI_chConfig                    
70092ed0  System_init                       
70093111  ClockP_stop                       
700931d1  UART_init                         
70093291  ClockP_timerTickIsr               
70093351  EDMA_close                        
700934c4  __TI_closefile                    
70093631  SOC_rcmSetPeripheralClock         
7009383c  fseeko                            
70093a51  ClockP_destruct                   
70094300  HOSTrename                        
7009443c  HOSTlseek                         
700944e1  MCSPI_init                        
70094578  __TI_wrt_ok                       
70094611  SOC_enableAdcReference            
70094751  EDMA_deinit                       
700947f1  EDMA_init                         
70094884  HOSTopen                          
70094f71  ClockP_getTimeUsec                
70095000  Drivers_edmaClose                 
70095090  Drivers_mcspiClose                
70095120  Drivers_uartClose                 
700953f0  SerialCmd_read                    
70095508  __TI_ltoa                         
70095a94  HOSTread                          
70095b18  HOSTwrite                         
70095c30  Module_clockSetFrequency          
70095cc1  UART_dmaDisableChannel            
70095d44  close                             
70095f61  UART_dmaClose                     
70096060  __TI_doflush                      
7009625c  fmin                              
7009625c  fminl                             
700962d8  fminf                             
70096358  frexp                             
70096358  frexpl                            
70096461  _DebugP_assert                    
70096560  FILTER_FO_init                    
700965d8  fmax                              
700965d8  fmaxl                             
70096650  fmaxf                             
70096751  ClockP_construct                  
70096a50  Module_clockDisable               
70096ad0  Module_clockEnable                
70096c38  strtok                            
70096cb1  ClockP_usleep                     
70096d31  EDMA_clrMissEvtRegion             
70096fe1  UART_dmaOpen                      
700970bc  HOSTunlink                        
70097131  MCSPI_dmaOpen                     
7009719c  atoi                              
70097208  finddevice                        
70097281  SOC_setEpwmTbClk                  
70097880  HOSTclose                         
70097940  cli_init                          
70097c40  serial_cli_consumeChar            
70097c9c  __TI_auto_init_nobinit_nopinit    
70097d01  SemaphoreP_post                   
70097e20  Dpl_init                          
70097f41  SOC_setEpwmGroup                  
70097fa0  System_deinit                     
70097ff8  __TI_readmsg                      
70098050  __TI_writemsg                     
7009809c  C$$IO$$                           
700981c0  serial_cli_init                   
70098218  sprintf                           
70098271  SemaphoreP_construct              
70098331  EDMA_setPaRAM                     
700985d1  UART_writeInterruptDma            
70098624  __TI_cleanup                      
70098678  exit                              
700986d0  Drivers_dacOpen                   
70098861  Pinmux_config                     
700988b1  EDMA_clrEvtRegion                 
70098901  EDMA_clrIntrRegion                
70098951  EDMA_disableDmaEvtRegion          
700989a1  EDMA_disableEvtIntrRegion         
700989f1  GPIO_setDirMode                   
70098e50  SerialCmd_init                    
70098fe1  EDMA_ccPaRAMEntry_init            
700992b0  FOC_setMotorRunState              
70099488  memccpy                           
700994d0  serial_cli_println                
70099518  strcspn                           
70099560  trinv_init                        
700995a8  unlink                            
70099640  Drivers_intXbarOpen               
70099a01  _DebugP_logZone                   
70099a94  strspn                            
70099ae1  ClockP_start                      
70099d00  Drivers_dmaXbarOpen               
7009a4c0  FOC_setVd                         
7009a500  FOC_setVq                         
7009a601  SOC_moduleSetClockFrequency       
7009a681  ADC_setMode                       
7009a701  EDMA_qdmaClrMissEvtRegion         
7009a940  FOC_setIdref                      
7009a980  FOC_setIqref                      
7009aa40  main                              
7009aec0  FOC_setSpeedRef                   
7009b041  TimerP_Params_init                
7009b080  handler__print_help               
7009b0b4  lseek                             
7009b0e8  write                             
7009b1a1  TimerP_getCount                   
7009b290  Drivers_open                      
7009b381  MCSPI_deinit                      
7009b3b1  UART_deinit                       
7009b471  DebugP_logZoneEnable              
7009b501  EPWM_setEmulationMode             
7009b531  SemaphoreP_constructBinary        
7009b5b8  __aeabi_idiv                      
7009b5b8  __divsi3                          
7009b801  UART_getBaseAddr                  
7009b851  vprintf_                          
7009b881  EDMA_disableQdmaEvtRegion         
7009b8b1  EDMA_getIntrStatusRegion          
7009b8e1  EDMA_intrStatusHighGetRegion      
7009b971  SemaphoreP_constructMutex         
7009ba01  _system_pre_init                  
7009ba24  strcmp                            
7009ba48  __aeabi_uldivmod                  
7009bd00  wcslen                            
7009bd21  ClockP_Params_init                
7009bd41  SOC_moduleClockEnable             
7009bd80  Drivers_dmaTrigXbarOpen           
7009bdc0  putchar_                          
7009bddc  strcpy                            
7009be14  strlen                            
7009be4c  TI_memcpy_small                   
7009be68  __aeabi_memset                    
7009be68  __aeabi_memset4                   
7009be68  __aeabi_memset8                   
7009be78  __aeabi_memclr                    
7009be78  __aeabi_memclr4                   
7009be78  __aeabi_memclr8                   
7009beb0  Board_driversOpen                 
7009bed1  EDMA_clrCCErr                     
7009bef0  Pinmux_init                       
7009bf11  SemaphoreP_Params_init            
7009bf31  TimerP_getReloadCount             
7009bfa8  TI_memset_small                   
7009bfc1  ClockP_isActive                   
7009bfe1  TimerP_start                      
7009c001  TimerP_stop                       
7009c080  Drivers_close                     
7009c161  TimerP_clearOverflowInt           
7009c190  serial_cli_service                
7009c1c1  AddrTranslateP_getLocalAddr       
7009c201  ClockP_getTimerCount              
7009c211  ClockP_timerClearOverflowInt      
7009c220  FOC_getIdref                      
7009c230  FOC_getIqref                      
7009c240  FOC_getMotorDCBus                 
7009c250  FOC_getSpeedRef                   
7009c260  FOC_getVd                         
7009c270  FOC_getVdBefMock                  
7009c280  FOC_getVq                         
7009c290  FOC_getVqBefMock                  
7009c300  PowerClock_init                   
7009c320  putchar                           
7009c361  ClockP_getTicks                   
7009c370  Drivers_uartInit                  
7009c380  FOC_DANGER_getMotorStructPointer  
7009c390  FOC_getSpeeHandle                 
7009c3a0  PowerClock_deinit                 
7009c3d1  SemaphoreP_destruct               
7009c3e0  Board_deinit                      
7009c3f0  Board_driversClose                
7009c400  Board_init                        
7009c410  Dpl_deinit                        
7009c420  __aeabi_idiv0                     
7009c430  __aeabi_ldiv0                     
7009c441  TaskP_yield                       
7009db68  gXTALInfo                         
7009db70  __aeabi_ctype_table_              
7009db70  __aeabi_ctype_table_C             
7009df13  cli_prompt                        
7009e18c  gADPLLJConfigTbl                  
7009e20b  cli_unrecog                       
7009e224  gPeripheralClkSrcInfoMap          
7009e260  __BSS_START                       
7009e260  gHwiCtrl                          
7009f8b0  __CIOBUF_                         
7009f9d0  __TI_tmpnams                      
7009fbd8  gClockCtrl                        
7009fc30  UART_TRANSACTION                  
7009fc44  cli                               
7009fc50  parmbuf                           
7009fc64  Tmp_fr                            
7009fc68  UART_HANDLE                       
7009fc6c  gEdmaHandle                       
7009fc70  gMcspiHandle                      
7009fc74  gSerialCmdBaseAddr                
7009fc78  gSerialCmdTxChar                  
7009fc7c  gUartHandle                       
7009fc80  gSerialCmdCnt                     
7009fc83  gSerialCmdRxChar                  
7009fc88  __BSS_END                         
7009fc88  _sys_memory                       
700a7c88  __stack                           
700abc88  __STACK_END                       
700abc91  HwiP_enableInt                    
700abcd1  HwiP_disableInt                   
700abd31  HwiP_restoreInt                   
700abd61  HwiP_clearInt                     
700abda1  HwiP_post                         
700abde1  HwiP_Params_init                  
700abe11  HwiP_construct                    
700ac011  HwiP_destruct                     
700ac081  HwiP_init                         
700ac1f1  HwiP_inISR                        
700ac251  HwiP_irq_handler_c                
700ac391  HwiP_fiq_handler                  
700ac4d1  HwiP_reserved_handler             
700ac511  HwiP_undefined_handler            
700ac551  HwiP_svc_handler                  
700ac591  HwiP_prefetch_abort_handler       
700ac5d1  HwiP_data_abort_handler           
700ac628  HwiP_irq_handler                  
700ac6a0  HwiP_disable                      
700ac6b0  HwiP_disableFIQ                   
700ac6c0  HwiP_enable                       
700ac6d0  HwiP_enableFIQ                    
700ac6e0  HwiP_restore                      
700ac6e8  HwiP_enableVIC                    
700ac6f8  HwiP_disableVIC                   
700ac708  HwiP_getCPSR                      
700ac710  CacheP_disableL1d                 
700ac738  CacheP_disableL1p                 
700ac750  CacheP_enableL1d                  
700ac768  CacheP_enableL1p                  
700ac780  CacheP_invL1d                     
700ac7b8  CacheP_invL1p                     
700ac7f4  CacheP_invL1dAll                  
700ac7fc  CacheP_invL1pAll                  
700ac804  CacheP_wb                         
700ac840  CacheP_wbInv                      
700ac87c  CacheP_wbAll                      
700ac924  CacheP_wbInvAll                   
700ac93c  CacheP_wbInvAllAsm                
700ac9dc  CacheP_getEnabled                 
700aca14  CacheP_getCacheLevelInfo          
700aca20  CacheP_configForceWrThru          
700aca40  CacheP_setDLFO                    
700aca51  CacheP_init                       
700acad1  CacheP_disable                    
700acb21  CacheP_enable                     
700acb61  CacheP_inv                        
700acba1  MpuP_RegionAttrs_init             
700acbd1  MpuP_setRegion                    
700accc1  MpuP_enable                       
700acd11  MpuP_disable                      
700acd51  MpuP_isEnable                     
700acd61  MpuP_init                         
700acdf8  MpuP_disableAsm                   
700ace10  MpuP_disableBRAsm                 
700ace20  MpuP_enableAsm                    
700ace38  MpuP_enableBRAsm                  
700ace48  MpuP_isEnableAsm                  
700ace5c  MpuP_setRegionAsm                 
700ace70  _c_int00_sbl                      
700ace94  _c_int00                          
700acf71  _DebugP_assertNoLog               
700acfa0  __mpu_init                        
700acfb0  C$$EXIT                           
700acfb0  abort                             
700acfb8  gUartDmaConfig                    
700ad208  _device                           
700ad280  resolverExecTable                 
700ad2f8  gMpuRegionConfig                  
700ad3c8  gUartParams                       
700ad41c  _stream                           
700ad46c  cmd_tbl                           
700ad4a4  gConfigMcspiUccChCfg              
700ad4d8  gSocModulesClockFrequency         
700ad63c  gClockConfig                      
700ad650  gMcspiOpenParams                  
700ad664  gMpuConfig                        
700ad670  gSocModules                       
700ad67c  __TI_cleanup_ptr                  
700ad680  __TI_dtors_ptr                    
700ad684  gCacheConfig                      
700ad68c  gEdmaConfig                       
700ad694  gMcspiConfig                      
700ad69c  gMcspiDmaConfig                   
700ad6ac  gUartConfig                       
700ad6b4  IdRef                             
700ad6b8  IqRef                             
700ad6bc  K1                                
700ad6c0  K2                                
700ad6c4  SpdRef                            
700ad6c8  T                                 
700ad6cc  VdTesting                         
700ad6d0  VqTesting                         
700ad6d4  __aeabi_errno                     
700ad6d8  _lock                             
700ad6dc  _unlock                           
700ad6e0  gCacheL1dCacheLineSize            
700ad6e4  gCacheL1pCacheLineSize            
700ad6e8  gDebugLogZone                     
700ad6ec  gDemoCnt                          
700ad6f0  gDemoMax                          
700ad6f4  gDemoNeg                          
700ad6f8  gDemoPos                          
700ad6fc  gDemoSpd                          
700ad700  gEdmaConfigNum                    
700ad704  gEdmaParams                       
700ad708  gFlag_AdcCal                      
700ad70c  gHwiConfig                        
700ad710  gLogScaler                        
700ad714  gLogSize                          
700ad718  gMcspiConfigNum                   
700ad71c  gMcspiDmaConfigNum                
700ad720  gSpeedRef                         
700ad724  gTFlag_MockIabc                   
700ad728  gTFlag_MockId                     
700ad72c  gTFlag_MockIq                     
700ad730  gTFlag_MockTheta                  
700ad734  gTFlag_MockVdq                    
700ad738  gTFlag_SpdDemo                    
700ad73c  gUartConfigNum                    
700ad740  gUartDmaConfigNum                 
700ad748  offsetCalCounter                  
700ad74c  offset_Rcos                       
700ad750  offset_Rsin                       
700ad754  offset_curU                       
700ad758  offset_curV                       
700ad75c  offset_curW                       
700ad760  gFlag                             
700ad762  gLoopTicker                       
700ad765  runMotor                          
ffffffff  __TI_pprof_out_hndl               
ffffffff  __TI_prof_data_size               
ffffffff  __TI_prof_data_start              
ffffffff  __binit__                         
ffffffff  binit                             
UNDEFED   __TI_CINIT_Base                   
UNDEFED   __TI_CINIT_Limit                  
UNDEFED   __TI_Handler_Table_Base           
UNDEFED   __TI_Handler_Table_Limit          
UNDEFED   _system_post_cinit                

[462 symbols]
