<?xml version="1.0" encoding="ISO-8859-1" ?>
<link_info>
   <banner>TI ARM Clang Linker PC v1.3.1.LTS</banner>
   <copyright>Copyright (c) 1996-2018 Texas Instruments Incorporated</copyright>
   <link_time>0x6437fc32</link_time>
   <link_errors>0x0</link_errors>
   <output_file>TractionDemo_am263x-cc_r5fss0-0_nortos_ti-arm-clang.out</output_file>
   <entry_point>
      <name>_vectors</name>
      <address>0x0</address>
   </entry_point>
   <input_file_list>
      <input_file id="fl-1">
         <path>.\</path>
         <kind>object</kind>
         <file>Serial_CLI.o</file>
         <name>Serial_CLI.o</name>
      </input_file>
      <input_file id="fl-2">
         <path>.\</path>
         <kind>object</kind>
         <file>Serial_Cmd_HAL.o</file>
         <name>Serial_Cmd_HAL.o</name>
      </input_file>
      <input_file id="fl-3">
         <path>.\</path>
         <kind>object</kind>
         <file>Serial_Cmd_Monitor.o</file>
         <name>Serial_Cmd_Monitor.o</name>
      </input_file>
      <input_file id="fl-4">
         <path>.\</path>
         <kind>object</kind>
         <file>cli.o</file>
         <name>cli.o</name>
      </input_file>
      <input_file id="fl-5">
         <path>.\</path>
         <kind>object</kind>
         <file>main.o</file>
         <name>main.o</name>
      </input_file>
      <input_file id="fl-6">
         <path>.\syscfg\</path>
         <kind>object</kind>
         <file>ti_dpl_config.o</file>
         <name>ti_dpl_config.o</name>
      </input_file>
      <input_file id="fl-7">
         <path>.\syscfg\</path>
         <kind>object</kind>
         <file>ti_drivers_config.o</file>
         <name>ti_drivers_config.o</name>
      </input_file>
      <input_file id="fl-8">
         <path>.\syscfg\</path>
         <kind>object</kind>
         <file>ti_drivers_open_close.o</file>
         <name>ti_drivers_open_close.o</name>
      </input_file>
      <input_file id="fl-9">
         <path>.\syscfg\</path>
         <kind>object</kind>
         <file>ti_pinmux_config.o</file>
         <name>ti_pinmux_config.o</name>
      </input_file>
      <input_file id="fl-a">
         <path>.\syscfg\</path>
         <kind>object</kind>
         <file>ti_power_clock_config.o</file>
         <name>ti_power_clock_config.o</name>
      </input_file>
      <input_file id="fl-b">
         <path>.\syscfg\</path>
         <kind>object</kind>
         <file>ti_board_config.o</file>
         <name>ti_board_config.o</name>
      </input_file>
      <input_file id="fl-c">
         <path>.\syscfg\</path>
         <kind>object</kind>
         <file>ti_board_open_close.o</file>
         <name>ti_board_open_close.o</name>
      </input_file>
      <input_file id="fl-d">
         <path>.\syscfg\</path>
         <kind>object</kind>
         <file>ti_enet_config.o</file>
         <name>ti_enet_config.o</name>
      </input_file>
      <input_file id="fl-e">
         <path>.\syscfg\</path>
         <kind>object</kind>
         <file>ti_enet_open_close.o</file>
         <name>ti_enet_open_close.o</name>
      </input_file>
      <input_file id="fl-f">
         <path>.\</path>
         <kind>object</kind>
         <file>trinv_main.o</file>
         <name>trinv_main.o</name>
      </input_file>
      <input_file id="fl-10">
         <path>.\Motor\</path>
         <kind>object</kind>
         <file>FOC_loop.o</file>
         <name>FOC_loop.o</name>
      </input_file>
      <input_file id="fl-11">
         <path>.\Motor\</path>
         <kind>object</kind>
         <file>RDC_HAL.o</file>
         <name>RDC_HAL.o</name>
      </input_file>
      <input_file id="fl-12">
         <path>.\libraries\filter\source\</path>
         <kind>object</kind>
         <file>filter.o</file>
         <name>filter.o</name>
      </input_file>
      <input_file id="fl-13">
         <path>.\libraries\foc\source\</path>
         <kind>object</kind>
         <file>foc.o</file>
         <name>foc.o</name>
      </input_file>
      <input_file id="fl-14">
         <path>.\libraries\temp_sensor\source\</path>
         <kind>object</kind>
         <file>temp_sensor.o</file>
         <name>temp_sensor.o</name>
      </input_file>
      <input_file id="fl-15">
         <path>.\libraries\ucc5870\source\</path>
         <kind>object</kind>
         <file>ucc5870.o</file>
         <name>ucc5870.o</name>
      </input_file>
      <input_file id="fl-22">
         <kind>object</kind>
         <file>&lt;internal&gt;</file>
         <name>&lt;internal&gt;</name>
      </input_file>
      <input_file id="fl-23">
         <path>C:\ti\mcu_plus_sdk_am263x_08_03_01_05\source\kernel\nortos\lib\</path>
         <kind>archive</kind>
         <file>nortos.am263x.r5f.ti-arm-clang.debug.lib</file>
         <name>AddrTranslateP_null.obj</name>
      </input_file>
      <input_file id="fl-24">
         <path>C:\ti\mcu_plus_sdk_am263x_08_03_01_05\source\kernel\nortos\lib\</path>
         <kind>archive</kind>
         <file>nortos.am263x.r5f.ti-arm-clang.debug.lib</file>
         <name>DebugP_log.obj</name>
      </input_file>
      <input_file id="fl-25">
         <path>C:\ti\mcu_plus_sdk_am263x_08_03_01_05\source\kernel\nortos\lib\</path>
         <kind>archive</kind>
         <file>nortos.am263x.r5f.ti-arm-clang.debug.lib</file>
         <name>DebugP_nortos.obj</name>
      </input_file>
      <input_file id="fl-26">
         <path>C:\ti\mcu_plus_sdk_am263x_08_03_01_05\source\kernel\nortos\lib\</path>
         <kind>archive</kind>
         <file>nortos.am263x.r5f.ti-arm-clang.debug.lib</file>
         <name>ClockP_nortos.obj</name>
      </input_file>
      <input_file id="fl-27">
         <path>C:\ti\mcu_plus_sdk_am263x_08_03_01_05\source\kernel\nortos\lib\</path>
         <kind>archive</kind>
         <file>nortos.am263x.r5f.ti-arm-clang.debug.lib</file>
         <name>ClockP_nortos_r5.obj</name>
      </input_file>
      <input_file id="fl-28">
         <path>C:\ti\mcu_plus_sdk_am263x_08_03_01_05\source\kernel\nortos\lib\</path>
         <kind>archive</kind>
         <file>nortos.am263x.r5f.ti-arm-clang.debug.lib</file>
         <name>TimerP_rti.obj</name>
      </input_file>
      <input_file id="fl-29">
         <path>C:\ti\mcu_plus_sdk_am263x_08_03_01_05\source\kernel\nortos\lib\</path>
         <kind>archive</kind>
         <file>nortos.am263x.r5f.ti-arm-clang.debug.lib</file>
         <name>HwiP_armv7r_vim.obj</name>
      </input_file>
      <input_file id="fl-2a">
         <path>C:\ti\mcu_plus_sdk_am263x_08_03_01_05\source\kernel\nortos\lib\</path>
         <kind>archive</kind>
         <file>nortos.am263x.r5f.ti-arm-clang.debug.lib</file>
         <name>HwiP_armv7r_handlers_nortos.obj</name>
      </input_file>
      <input_file id="fl-2b">
         <path>C:\ti\mcu_plus_sdk_am263x_08_03_01_05\source\kernel\nortos\lib\</path>
         <kind>archive</kind>
         <file>nortos.am263x.r5f.ti-arm-clang.debug.lib</file>
         <name>MpuP_armv7r.obj</name>
      </input_file>
      <input_file id="fl-2c">
         <path>C:\ti\mcu_plus_sdk_am263x_08_03_01_05\source\kernel\nortos\lib\</path>
         <kind>archive</kind>
         <file>nortos.am263x.r5f.ti-arm-clang.debug.lib</file>
         <name>CacheP_armv7r.obj</name>
      </input_file>
      <input_file id="fl-2d">
         <path>C:\ti\mcu_plus_sdk_am263x_08_03_01_05\source\kernel\nortos\lib\</path>
         <kind>archive</kind>
         <file>nortos.am263x.r5f.ti-arm-clang.debug.lib</file>
         <name>printf.obj</name>
      </input_file>
      <input_file id="fl-2e">
         <path>C:\ti\mcu_plus_sdk_am263x_08_03_01_05\source\kernel\nortos\lib\</path>
         <kind>archive</kind>
         <file>nortos.am263x.r5f.ti-arm-clang.debug.lib</file>
         <name>HwiP_armv7r_handlers_nortos_asm.obj</name>
      </input_file>
      <input_file id="fl-2f">
         <path>C:\ti\mcu_plus_sdk_am263x_08_03_01_05\source\kernel\nortos\lib\</path>
         <kind>archive</kind>
         <file>nortos.am263x.r5f.ti-arm-clang.debug.lib</file>
         <name>HwiP_armv7r_vectors_nortos_asm.obj</name>
      </input_file>
      <input_file id="fl-30">
         <path>C:\ti\mcu_plus_sdk_am263x_08_03_01_05\source\kernel\nortos\lib\</path>
         <kind>archive</kind>
         <file>nortos.am263x.r5f.ti-arm-clang.debug.lib</file>
         <name>boot_armv7r_asm.obj</name>
      </input_file>
      <input_file id="fl-31">
         <path>C:\ti\mcu_plus_sdk_am263x_08_03_01_05\source\kernel\nortos\lib\</path>
         <kind>archive</kind>
         <file>nortos.am263x.r5f.ti-arm-clang.debug.lib</file>
         <name>HwiP_armv7r_asm.obj</name>
      </input_file>
      <input_file id="fl-32">
         <path>C:\ti\mcu_plus_sdk_am263x_08_03_01_05\source\kernel\nortos\lib\</path>
         <kind>archive</kind>
         <file>nortos.am263x.r5f.ti-arm-clang.debug.lib</file>
         <name>MpuP_armv7r_asm.obj</name>
      </input_file>
      <input_file id="fl-33">
         <path>C:\ti\mcu_plus_sdk_am263x_08_03_01_05\source\kernel\nortos\lib\</path>
         <kind>archive</kind>
         <file>nortos.am263x.r5f.ti-arm-clang.debug.lib</file>
         <name>CacheP_armv7r_asm.obj</name>
      </input_file>
      <input_file id="fl-34">
         <path>C:\ti\mcu_plus_sdk_am263x_08_03_01_05\source\kernel\nortos\lib\</path>
         <kind>archive</kind>
         <file>nortos.am263x.r5f.ti-arm-clang.debug.lib</file>
         <name>boot_armv7r.obj</name>
      </input_file>
      <input_file id="fl-35">
         <path>C:\ti\mcu_plus_sdk_am263x_08_03_01_05\source\kernel\nortos\lib\</path>
         <kind>archive</kind>
         <file>nortos.am263x.r5f.ti-arm-clang.debug.lib</file>
         <name>SemaphoreP_nortos.obj</name>
      </input_file>
      <input_file id="fl-36">
         <path>C:\ti\mcu_plus_sdk_am263x_08_03_01_05\source\drivers\lib\</path>
         <kind>archive</kind>
         <file>drivers.am263x.r5f.ti-arm-clang.debug.lib</file>
         <name>adc.obj</name>
      </input_file>
      <input_file id="fl-37">
         <path>C:\ti\mcu_plus_sdk_am263x_08_03_01_05\source\drivers\lib\</path>
         <kind>archive</kind>
         <file>drivers.am263x.r5f.ti-arm-clang.debug.lib</file>
         <name>edma.obj</name>
      </input_file>
      <input_file id="fl-38">
         <path>C:\ti\mcu_plus_sdk_am263x_08_03_01_05\source\drivers\lib\</path>
         <kind>archive</kind>
         <file>drivers.am263x.r5f.ti-arm-clang.debug.lib</file>
         <name>etpwm.obj</name>
      </input_file>
      <input_file id="fl-39">
         <path>C:\ti\mcu_plus_sdk_am263x_08_03_01_05\source\drivers\lib\</path>
         <kind>archive</kind>
         <file>drivers.am263x.r5f.ti-arm-clang.debug.lib</file>
         <name>gpio.obj</name>
      </input_file>
      <input_file id="fl-3a">
         <path>C:\ti\mcu_plus_sdk_am263x_08_03_01_05\source\drivers\lib\</path>
         <kind>archive</kind>
         <file>drivers.am263x.r5f.ti-arm-clang.debug.lib</file>
         <name>mcspi_v0.obj</name>
      </input_file>
      <input_file id="fl-3b">
         <path>C:\ti\mcu_plus_sdk_am263x_08_03_01_05\source\drivers\lib\</path>
         <kind>archive</kind>
         <file>drivers.am263x.r5f.ti-arm-clang.debug.lib</file>
         <name>mcspi_dma.obj</name>
      </input_file>
      <input_file id="fl-3c">
         <path>C:\ti\mcu_plus_sdk_am263x_08_03_01_05\source\drivers\lib\</path>
         <kind>archive</kind>
         <file>drivers.am263x.r5f.ti-arm-clang.debug.lib</file>
         <name>pinmux.obj</name>
      </input_file>
      <input_file id="fl-3d">
         <path>C:\ti\mcu_plus_sdk_am263x_08_03_01_05\source\drivers\lib\</path>
         <kind>archive</kind>
         <file>drivers.am263x.r5f.ti-arm-clang.debug.lib</file>
         <name>soc.obj</name>
      </input_file>
      <input_file id="fl-3e">
         <path>C:\ti\mcu_plus_sdk_am263x_08_03_01_05\source\drivers\lib\</path>
         <kind>archive</kind>
         <file>drivers.am263x.r5f.ti-arm-clang.debug.lib</file>
         <name>soc_rcm.obj</name>
      </input_file>
      <input_file id="fl-3f">
         <path>C:\ti\mcu_plus_sdk_am263x_08_03_01_05\source\drivers\lib\</path>
         <kind>archive</kind>
         <file>drivers.am263x.r5f.ti-arm-clang.debug.lib</file>
         <name>uart_v0.obj</name>
      </input_file>
      <input_file id="fl-40">
         <path>C:\ti\mcu_plus_sdk_am263x_08_03_01_05\source\drivers\lib\</path>
         <kind>archive</kind>
         <file>drivers.am263x.r5f.ti-arm-clang.debug.lib</file>
         <name>uart_dma.obj</name>
      </input_file>
      <input_file id="fl-4c">
         <path>C:\ti\ti_cgt_tiarmclang_1.3.1.LTS\lib\armv7r-ti-none-eabihf\c\</path>
         <kind>archive</kind>
         <file>libc.a</file>
         <name>sprintf.c.obj</name>
      </input_file>
      <input_file id="fl-4d">
         <path>C:\ti\ti_cgt_tiarmclang_1.3.1.LTS\lib\armv7r-ti-none-eabihf\c\</path>
         <kind>archive</kind>
         <file>libc.a</file>
         <name>fputc.c.obj</name>
      </input_file>
      <input_file id="fl-4e">
         <path>C:\ti\ti_cgt_tiarmclang_1.3.1.LTS\lib\armv7r-ti-none-eabihf\c\</path>
         <kind>archive</kind>
         <file>libc.a</file>
         <name>_io_perm.c.obj</name>
      </input_file>
      <input_file id="fl-4f">
         <path>C:\ti\ti_cgt_tiarmclang_1.3.1.LTS\lib\armv7r-ti-none-eabihf\c\</path>
         <kind>archive</kind>
         <file>libc.a</file>
         <name>setvbuf.c.obj</name>
      </input_file>
      <input_file id="fl-50">
         <path>C:\ti\ti_cgt_tiarmclang_1.3.1.LTS\lib\armv7r-ti-none-eabihf\c\</path>
         <kind>archive</kind>
         <file>libc.a</file>
         <name>ti_fmax.c.obj</name>
      </input_file>
      <input_file id="fl-51">
         <path>C:\ti\ti_cgt_tiarmclang_1.3.1.LTS\lib\armv7r-ti-none-eabihf\c\</path>
         <kind>archive</kind>
         <file>libc.a</file>
         <name>e_sqrtf.c.obj</name>
      </input_file>
      <input_file id="fl-52">
         <path>C:\ti\ti_cgt_tiarmclang_1.3.1.LTS\lib\armv7r-ti-none-eabihf\c\</path>
         <kind>archive</kind>
         <file>libc.a</file>
         <name>s_cosf.c.obj</name>
      </input_file>
      <input_file id="fl-53">
         <path>C:\ti\ti_cgt_tiarmclang_1.3.1.LTS\lib\armv7r-ti-none-eabihf\c\</path>
         <kind>archive</kind>
         <file>libc.a</file>
         <name>s_sinf.c.obj</name>
      </input_file>
      <input_file id="fl-54">
         <path>C:\ti\ti_cgt_tiarmclang_1.3.1.LTS\lib\armv7r-ti-none-eabihf\c\</path>
         <kind>archive</kind>
         <file>libc.a</file>
         <name>aeabi_portable.c.obj</name>
      </input_file>
      <input_file id="fl-55">
         <path>C:\ti\ti_cgt_tiarmclang_1.3.1.LTS\lib\armv7r-ti-none-eabihf\c\</path>
         <kind>archive</kind>
         <file>libc.a</file>
         <name>k_rem_pio2.c.obj</name>
      </input_file>
      <input_file id="fl-56">
         <path>C:\ti\ti_cgt_tiarmclang_1.3.1.LTS\lib\armv7r-ti-none-eabihf\c\</path>
         <kind>archive</kind>
         <file>libc.a</file>
         <name>exit.c.obj</name>
      </input_file>
      <input_file id="fl-57">
         <path>C:\ti\ti_cgt_tiarmclang_1.3.1.LTS\lib\armv7r-ti-none-eabihf\c\</path>
         <kind>archive</kind>
         <file>libc.a</file>
         <name>_lock.c.obj</name>
      </input_file>
      <input_file id="fl-58">
         <path>C:\ti\ti_cgt_tiarmclang_1.3.1.LTS\lib\armv7r-ti-none-eabihf\c\</path>
         <kind>archive</kind>
         <file>libc.a</file>
         <name>assert.c.obj</name>
      </input_file>
      <input_file id="fl-59">
         <path>C:\ti\ti_cgt_tiarmclang_1.3.1.LTS\lib\armv7r-ti-none-eabihf\c\</path>
         <kind>archive</kind>
         <file>libc.a</file>
         <name>atof.c.obj</name>
      </input_file>
      <input_file id="fl-5a">
         <path>C:\ti\ti_cgt_tiarmclang_1.3.1.LTS\lib\armv7r-ti-none-eabihf\c\</path>
         <kind>archive</kind>
         <file>libc.a</file>
         <name>defs.c.obj</name>
      </input_file>
      <input_file id="fl-5b">
         <path>C:\ti\ti_cgt_tiarmclang_1.3.1.LTS\lib\armv7r-ti-none-eabihf\c\</path>
         <kind>archive</kind>
         <file>libc.a</file>
         <name>memory.c.obj</name>
      </input_file>
      <input_file id="fl-5c">
         <path>C:\ti\ti_cgt_tiarmclang_1.3.1.LTS\lib\armv7r-ti-none-eabihf\c\</path>
         <kind>archive</kind>
         <file>libc.a</file>
         <name>strcmp.c.obj</name>
      </input_file>
      <input_file id="fl-5d">
         <path>C:\ti\ti_cgt_tiarmclang_1.3.1.LTS\lib\armv7r-ti-none-eabihf\c\</path>
         <kind>archive</kind>
         <file>libc.a</file>
         <name>strcpy.c.obj</name>
      </input_file>
      <input_file id="fl-5e">
         <path>C:\ti\ti_cgt_tiarmclang_1.3.1.LTS\lib\armv7r-ti-none-eabihf\c\</path>
         <kind>archive</kind>
         <file>libc.a</file>
         <name>strlen.c.obj</name>
      </input_file>
      <input_file id="fl-5f">
         <path>C:\ti\ti_cgt_tiarmclang_1.3.1.LTS\lib\armv7r-ti-none-eabihf\c\</path>
         <kind>archive</kind>
         <file>libc.a</file>
         <name>strtod.c.obj</name>
      </input_file>
      <input_file id="fl-60">
         <path>C:\ti\ti_cgt_tiarmclang_1.3.1.LTS\lib\armv7r-ti-none-eabihf\c\</path>
         <kind>archive</kind>
         <file>libc.a</file>
         <name>strtok.c.obj</name>
      </input_file>
      <input_file id="fl-61">
         <path>C:\ti\ti_cgt_tiarmclang_1.3.1.LTS\lib\armv7r-ti-none-eabihf\c\</path>
         <kind>archive</kind>
         <file>libc.a</file>
         <name>autoinit.c.obj</name>
      </input_file>
      <input_file id="fl-62">
         <path>C:\ti\ti_cgt_tiarmclang_1.3.1.LTS\lib\armv7r-ti-none-eabihf\c\</path>
         <kind>archive</kind>
         <file>libc.a</file>
         <name>cpy_tbl.c.obj</name>
      </input_file>
      <input_file id="fl-63">
         <path>C:\ti\ti_cgt_tiarmclang_1.3.1.LTS\lib\armv7r-ti-none-eabihf\c\</path>
         <kind>archive</kind>
         <file>libc.a</file>
         <name>_printfi.c.obj</name>
      </input_file>
      <input_file id="fl-64">
         <path>C:\ti\ti_cgt_tiarmclang_1.3.1.LTS\lib\armv7r-ti-none-eabihf\c\</path>
         <kind>archive</kind>
         <file>libc.a</file>
         <name>fflush.c.obj</name>
      </input_file>
      <input_file id="fl-65">
         <path>C:\ti\ti_cgt_tiarmclang_1.3.1.LTS\lib\armv7r-ti-none-eabihf\c\</path>
         <kind>archive</kind>
         <file>libc.a</file>
         <name>fopen.c.obj</name>
      </input_file>
      <input_file id="fl-66">
         <path>C:\ti\ti_cgt_tiarmclang_1.3.1.LTS\lib\armv7r-ti-none-eabihf\c\</path>
         <kind>archive</kind>
         <file>libc.a</file>
         <name>fputs.c.obj</name>
      </input_file>
      <input_file id="fl-67">
         <path>C:\ti\ti_cgt_tiarmclang_1.3.1.LTS\lib\armv7r-ti-none-eabihf\c\</path>
         <kind>archive</kind>
         <file>libc.a</file>
         <name>fseek.c.obj</name>
      </input_file>
      <input_file id="fl-68">
         <path>C:\ti\ti_cgt_tiarmclang_1.3.1.LTS\lib\armv7r-ti-none-eabihf\c\</path>
         <kind>archive</kind>
         <file>libc.a</file>
         <name>s_floor.c.obj</name>
      </input_file>
      <input_file id="fl-69">
         <path>C:\ti\ti_cgt_tiarmclang_1.3.1.LTS\lib\armv7r-ti-none-eabihf\c\</path>
         <kind>archive</kind>
         <file>libc.a</file>
         <name>s_frexp.c.obj</name>
      </input_file>
      <input_file id="fl-6a">
         <path>C:\ti\ti_cgt_tiarmclang_1.3.1.LTS\lib\armv7r-ti-none-eabihf\c\</path>
         <kind>archive</kind>
         <file>libc.a</file>
         <name>s_scalbn.c.obj</name>
      </input_file>
      <input_file id="fl-6b">
         <path>C:\ti\ti_cgt_tiarmclang_1.3.1.LTS\lib\armv7r-ti-none-eabihf\c\</path>
         <kind>archive</kind>
         <file>libc.a</file>
         <name>wcslen.c.obj</name>
      </input_file>
      <input_file id="fl-6c">
         <path>C:\ti\ti_cgt_tiarmclang_1.3.1.LTS\lib\armv7r-ti-none-eabihf\c\</path>
         <kind>archive</kind>
         <file>libc.a</file>
         <name>aeabi_ctype.S.obj</name>
      </input_file>
      <input_file id="fl-6d">
         <path>C:\ti\ti_cgt_tiarmclang_1.3.1.LTS\lib\armv7r-ti-none-eabihf\c\</path>
         <kind>archive</kind>
         <file>libc.a</file>
         <name>_ltoa.c.obj</name>
      </input_file>
      <input_file id="fl-6e">
         <path>C:\ti\ti_cgt_tiarmclang_1.3.1.LTS\lib\armv7r-ti-none-eabihf\c\</path>
         <kind>archive</kind>
         <file>libc.a</file>
         <name>atoi.c.obj</name>
      </input_file>
      <input_file id="fl-6f">
         <path>C:\ti\ti_cgt_tiarmclang_1.3.1.LTS\lib\armv7r-ti-none-eabihf\c\</path>
         <kind>archive</kind>
         <file>libc.a</file>
         <name>memccpy.c.obj</name>
      </input_file>
      <input_file id="fl-70">
         <path>C:\ti\ti_cgt_tiarmclang_1.3.1.LTS\lib\armv7r-ti-none-eabihf\c\</path>
         <kind>archive</kind>
         <file>libc.a</file>
         <name>strcspn.c.obj</name>
      </input_file>
      <input_file id="fl-71">
         <path>C:\ti\ti_cgt_tiarmclang_1.3.1.LTS\lib\armv7r-ti-none-eabihf\c\</path>
         <kind>archive</kind>
         <file>libc.a</file>
         <name>strspn.c.obj</name>
      </input_file>
      <input_file id="fl-72">
         <path>C:\ti\ti_cgt_tiarmclang_1.3.1.LTS\lib\armv7r-ti-none-eabihf\c\</path>
         <kind>archive</kind>
         <file>libc.a</file>
         <name>fclose.c.obj</name>
      </input_file>
      <input_file id="fl-ab">
         <path>C:\ti\ti_cgt_tiarmclang_1.3.1.LTS\lib\armv7r-ti-none-eabihf\c\</path>
         <kind>archive</kind>
         <file>libsysbm.a</file>
         <name>write.c.obj</name>
      </input_file>
      <input_file id="fl-ac">
         <path>C:\ti\ti_cgt_tiarmclang_1.3.1.LTS\lib\armv7r-ti-none-eabihf\c\</path>
         <kind>archive</kind>
         <file>libsysbm.a</file>
         <name>host_device.c.obj</name>
      </input_file>
      <input_file id="fl-ad">
         <path>C:\ti\ti_cgt_tiarmclang_1.3.1.LTS\lib\armv7r-ti-none-eabihf\c\</path>
         <kind>archive</kind>
         <file>libsysbm.a</file>
         <name>remove.c.obj</name>
      </input_file>
      <input_file id="fl-ae">
         <path>C:\ti\ti_cgt_tiarmclang_1.3.1.LTS\lib\armv7r-ti-none-eabihf\c\</path>
         <kind>archive</kind>
         <file>libsysbm.a</file>
         <name>open.c.obj</name>
      </input_file>
      <input_file id="fl-af">
         <path>C:\ti\ti_cgt_tiarmclang_1.3.1.LTS\lib\armv7r-ti-none-eabihf\c\</path>
         <kind>archive</kind>
         <file>libsysbm.a</file>
         <name>lseek.c.obj</name>
      </input_file>
      <input_file id="fl-b0">
         <path>C:\ti\ti_cgt_tiarmclang_1.3.1.LTS\lib\armv7r-ti-none-eabihf\c\</path>
         <kind>archive</kind>
         <file>libsysbm.a</file>
         <name>close.c.obj</name>
      </input_file>
      <input_file id="fl-b1">
         <path>C:\ti\ti_cgt_tiarmclang_1.3.1.LTS\lib\armv7r-ti-none-eabihf\c\</path>
         <kind>archive</kind>
         <file>libsysbm.a</file>
         <name>unlink.c.obj</name>
      </input_file>
      <input_file id="fl-b2">
         <path>C:\ti\ti_cgt_tiarmclang_1.3.1.LTS\lib\armv7r-ti-none-eabihf\c\</path>
         <kind>archive</kind>
         <file>libsysbm.a</file>
         <name>hostclose.c.obj</name>
      </input_file>
      <input_file id="fl-b3">
         <path>C:\ti\ti_cgt_tiarmclang_1.3.1.LTS\lib\armv7r-ti-none-eabihf\c\</path>
         <kind>archive</kind>
         <file>libsysbm.a</file>
         <name>hostlseek.c.obj</name>
      </input_file>
      <input_file id="fl-b4">
         <path>C:\ti\ti_cgt_tiarmclang_1.3.1.LTS\lib\armv7r-ti-none-eabihf\c\</path>
         <kind>archive</kind>
         <file>libsysbm.a</file>
         <name>hostopen.c.obj</name>
      </input_file>
      <input_file id="fl-b5">
         <path>C:\ti\ti_cgt_tiarmclang_1.3.1.LTS\lib\armv7r-ti-none-eabihf\c\</path>
         <kind>archive</kind>
         <file>libsysbm.a</file>
         <name>hostread.c.obj</name>
      </input_file>
      <input_file id="fl-b6">
         <path>C:\ti\ti_cgt_tiarmclang_1.3.1.LTS\lib\armv7r-ti-none-eabihf\c\</path>
         <kind>archive</kind>
         <file>libsysbm.a</file>
         <name>hostrename.c.obj</name>
      </input_file>
      <input_file id="fl-b7">
         <path>C:\ti\ti_cgt_tiarmclang_1.3.1.LTS\lib\armv7r-ti-none-eabihf\c\</path>
         <kind>archive</kind>
         <file>libsysbm.a</file>
         <name>hostunlink.c.obj</name>
      </input_file>
      <input_file id="fl-b8">
         <path>C:\ti\ti_cgt_tiarmclang_1.3.1.LTS\lib\armv7r-ti-none-eabihf\c\</path>
         <kind>archive</kind>
         <file>libsysbm.a</file>
         <name>hostwrite.c.obj</name>
      </input_file>
      <input_file id="fl-b9">
         <path>C:\ti\ti_cgt_tiarmclang_1.3.1.LTS\lib\armv7r-ti-none-eabihf\c\</path>
         <kind>archive</kind>
         <file>libsysbm.a</file>
         <name>trgmsg.c.obj</name>
      </input_file>
      <input_file id="fl-ba">
         <path>C:\ti\ti_cgt_tiarmclang_1.3.1.LTS\lib\clang\12.0.1\lib\armv7r-ti-none-eabihf\</path>
         <kind>archive</kind>
         <file>libclang_rt.builtins.a</file>
         <name>divsi3.S.obj</name>
      </input_file>
      <input_file id="fl-bb">
         <path>C:\ti\ti_cgt_tiarmclang_1.3.1.LTS\lib\clang\12.0.1\lib\armv7r-ti-none-eabihf\</path>
         <kind>archive</kind>
         <file>libclang_rt.builtins.a</file>
         <name>udivsi3.S.obj</name>
      </input_file>
      <input_file id="fl-bc">
         <path>C:\ti\ti_cgt_tiarmclang_1.3.1.LTS\lib\clang\12.0.1\lib\armv7r-ti-none-eabihf\</path>
         <kind>archive</kind>
         <file>libclang_rt.builtins.a</file>
         <name>aeabi_div0.c.obj</name>
      </input_file>
      <input_file id="fl-bd">
         <path>C:\ti\ti_cgt_tiarmclang_1.3.1.LTS\lib\clang\12.0.1\lib\armv7r-ti-none-eabihf\</path>
         <kind>archive</kind>
         <file>libclang_rt.builtins.a</file>
         <name>aeabi_memcpy.S.obj</name>
      </input_file>
      <input_file id="fl-be">
         <path>C:\ti\ti_cgt_tiarmclang_1.3.1.LTS\lib\clang\12.0.1\lib\armv7r-ti-none-eabihf\</path>
         <kind>archive</kind>
         <file>libclang_rt.builtins.a</file>
         <name>aeabi_memset.S.obj</name>
      </input_file>
      <input_file id="fl-bf">
         <path>C:\ti\ti_cgt_tiarmclang_1.3.1.LTS\lib\clang\12.0.1\lib\armv7r-ti-none-eabihf\</path>
         <kind>archive</kind>
         <file>libclang_rt.builtins.a</file>
         <name>aeabi_uldivmod.S.obj</name>
      </input_file>
      <input_file id="fl-c0">
         <path>C:\ti\ti_cgt_tiarmclang_1.3.1.LTS\lib\clang\12.0.1\lib\armv7r-ti-none-eabihf\</path>
         <kind>archive</kind>
         <file>libclang_rt.builtins.a</file>
         <name>udivmoddi4.S.obj</name>
      </input_file>
      <input_file id="fl-c1">
         <path>C:\ti\ti_cgt_tiarmclang_1.3.1.LTS\lib\armv7r-ti-none-eabihf\c\</path>
         <kind>archive</kind>
         <file>libc.a</file>
         <name>getdevice.c.obj</name>
      </input_file>
      <input_file id="fl-c2">
         <path>C:\ti\ti_cgt_tiarmclang_1.3.1.LTS\lib\armv7r-ti-none-eabihf\c\</path>
         <kind>archive</kind>
         <file>libsysbm.a</file>
         <name>memcpy32.S.obj</name>
      </input_file>
      <input_file id="fl-c3">
         <path>C:\ti\ti_cgt_tiarmclang_1.3.1.LTS\lib\armv7r-ti-none-eabihf\c\</path>
         <kind>archive</kind>
         <file>libsysbm.a</file>
         <name>memset32.S.obj</name>
      </input_file>
      <input_file id="fl-c4">
         <path>C:\ti\mcu_plus_sdk_am263x_08_03_01_05\source\kernel\nortos\lib\</path>
         <kind>archive</kind>
         <file>nortos.am263x.r5f.ti-arm-clang.debug.lib</file>
         <name>CpuId_armv7r.obj</name>
      </input_file>
      <input_file id="fl-c5">
         <path>C:\ti\mcu_plus_sdk_am263x_08_03_01_05\source\kernel\nortos\lib\</path>
         <kind>archive</kind>
         <file>nortos.am263x.r5f.ti-arm-clang.debug.lib</file>
         <name>TaskP_nortos.obj</name>
      </input_file>
      <input_file id="fl-c6">
         <path>C:\ti\mcu_plus_sdk_am263x_08_03_01_05\source\kernel\nortos\lib\</path>
         <kind>archive</kind>
         <file>nortos.am263x.r5f.ti-arm-clang.debug.lib</file>
         <name>CpuId_armv7r_asm.obj</name>
      </input_file>
   </input_file_list>
   <object_component_list>
      <object_component id="oc-38">
         <name>.vectors</name>
         <load_address>0x0</load_address>
         <run_address>0x0</run_address>
         <size>0x40</size>
         <input_file_ref idref="fl-2f"/>
      </object_component>
      <object_component id="oc-6c">
         <name>.text.hwi</name>
         <load_address>0x700ac2b0</load_address>
         <run_address>0x700ac2b0</run_address>
         <size>0x5b8</size>
         <input_file_ref idref="fl-29"/>
      </object_component>
      <object_component id="oc-53">
         <name>.text.hwi</name>
         <load_address>0x700ac870</load_address>
         <run_address>0x700ac870</run_address>
         <size>0x3d8</size>
         <input_file_ref idref="fl-2a"/>
      </object_component>
      <object_component id="oc-57">
         <name>.text.hwi</name>
         <load_address>0x700acc48</load_address>
         <run_address>0x700acc48</run_address>
         <size>0x78</size>
         <input_file_ref idref="fl-2e"/>
      </object_component>
      <object_component id="oc-72">
         <name>.text.hwi</name>
         <load_address>0x700accc0</load_address>
         <run_address>0x700accc0</run_address>
         <size>0x70</size>
         <input_file_ref idref="fl-31"/>
      </object_component>
      <object_component id="oc-ad">
         <name>.text.cache</name>
         <load_address>0x700acd30</load_address>
         <run_address>0x700acd30</run_address>
         <size>0x340</size>
         <input_file_ref idref="fl-33"/>
      </object_component>
      <object_component id="oc-7a">
         <name>.text.cache</name>
         <load_address>0x700ad070</load_address>
         <run_address>0x700ad070</run_address>
         <size>0x148</size>
         <input_file_ref idref="fl-2c"/>
      </object_component>
      <object_component id="oc-7e">
         <name>.text.mpu</name>
         <load_address>0x700ad1c0</load_address>
         <run_address>0x700ad1c0</run_address>
         <size>0x256</size>
         <input_file_ref idref="fl-2b"/>
      </object_component>
      <object_component id="oc-b6">
         <name>.text.mpu</name>
         <load_address>0x700ad418</load_address>
         <run_address>0x700ad418</run_address>
         <size>0x78</size>
         <input_file_ref idref="fl-32"/>
      </object_component>
      <object_component id="oc-4f">
         <name>.text.boot</name>
         <load_address>0x700ad490</load_address>
         <run_address>0x700ad490</run_address>
         <size>0xfc</size>
         <input_file_ref idref="fl-30"/>
      </object_component>
      <object_component id="oc-a4">
         <name>.text.boot</name>
         <load_address>0x700ad590</load_address>
         <run_address>0x700ad590</run_address>
         <size>0x24</size>
         <input_file_ref idref="fl-24"/>
      </object_component>
      <object_component id="oc-5c">
         <name>.text.boot</name>
         <load_address>0x700ad5c0</load_address>
         <run_address>0x700ad5c0</run_address>
         <size>0x10</size>
         <input_file_ref idref="fl-6"/>
      </object_component>
      <object_component id="oc-a2">
         <name>.text:abort</name>
         <load_address>0x700ad5d0</load_address>
         <run_address>0x700ad5d0</run_address>
         <size>0x8</size>
         <input_file_ref idref="fl-56"/>
      </object_component>
      <object_component id="oc-14d">
         <name>.text.Drivers_epwmOpen</name>
         <load_address>0x70080000</load_address>
         <run_address>0x70080000</run_address>
         <size>0x5414</size>
         <input_file_ref idref="fl-8"/>
      </object_component>
      <object_component id="oc-3ba">
         <name>.text.__aeabi_errno_addr</name>
         <load_address>0x70085414</load_address>
         <run_address>0x70085414</run_address>
         <size>0xc</size>
         <input_file_ref idref="fl-54"/>
      </object_component>
      <object_component id="oc-14b">
         <name>.text.Drivers_adcOpen</name>
         <load_address>0x70085420</load_address>
         <run_address>0x70085420</run_address>
         <size>0x1e10</size>
         <input_file_ref idref="fl-8"/>
      </object_component>
      <object_component id="oc-40a">
         <name>.text:__TI_printfi</name>
         <load_address>0x70087230</load_address>
         <run_address>0x70087230</run_address>
         <size>0xed0</size>
         <input_file_ref idref="fl-63"/>
      </object_component>
      <object_component id="oc-298">
         <name>.text._vsnprintf</name>
         <load_address>0x70088100</load_address>
         <run_address>0x70088100</run_address>
         <size>0xa34</size>
         <input_file_ref idref="fl-2d"/>
      </object_component>
      <object_component id="oc-435">
         <name>.text.malloc</name>
         <load_address>0x70088b34</load_address>
         <run_address>0x70088b34</run_address>
         <size>0xc</size>
         <input_file_ref idref="fl-5b"/>
      </object_component>
      <object_component id="oc-376">
         <name>.text.SOC_rcmGetClkSrcAndDivReg</name>
         <load_address>0x70088b40</load_address>
         <run_address>0x70088b40</run_address>
         <size>0x574</size>
         <input_file_ref idref="fl-3e"/>
      </object_component>
      <object_component id="oc-3fb">
         <name>.text</name>
         <load_address>0x700890b4</load_address>
         <run_address>0x700890b4</run_address>
         <size>0xc</size>
         <input_file_ref idref="fl-c6"/>
      </object_component>
      <object_component id="oc-2f3">
         <name>.text.SOC_rcmEnablePeripheralClock</name>
         <load_address>0x700890c0</load_address>
         <run_address>0x700890c0</run_address>
         <size>0x546</size>
         <input_file_ref idref="fl-3e"/>
      </object_component>
      <object_component id="oc-354">
         <name>.text.atof</name>
         <load_address>0x70089608</load_address>
         <run_address>0x70089608</run_address>
         <size>0x8</size>
         <input_file_ref idref="fl-59"/>
      </object_component>
      <object_component id="oc-32c">
         <name>.text._ftoa</name>
         <load_address>0x70089610</load_address>
         <run_address>0x70089610</run_address>
         <size>0x526</size>
         <input_file_ref idref="fl-2d"/>
      </object_component>
      <object_component id="oc-3bf">
         <name>.text.strtod</name>
         <load_address>0x70089b38</load_address>
         <run_address>0x70089b38</run_address>
         <size>0x4c4</size>
         <input_file_ref idref="fl-5f"/>
      </object_component>
      <object_component id="oc-1b3">
         <name>.text._nop</name>
         <load_address>0x70089ffc</load_address>
         <run_address>0x70089ffc</run_address>
         <size>0x4</size>
         <input_file_ref idref="fl-57"/>
      </object_component>
      <object_component id="oc-2a5">
         <name>.text.RDCexc_start</name>
         <load_address>0x7008a000</load_address>
         <run_address>0x7008a000</run_address>
         <size>0x498</size>
         <input_file_ref idref="fl-11"/>
      </object_component>
      <object_component id="oc-428">
         <name>.text.fseek</name>
         <load_address>0x7008a498</load_address>
         <run_address>0x7008a498</run_address>
         <size>0x4</size>
         <input_file_ref idref="fl-67"/>
      </object_component>
      <object_component id="oc-449">
         <name>.text.remove</name>
         <load_address>0x7008a49c</load_address>
         <run_address>0x7008a49c</run_address>
         <size>0x4</size>
         <input_file_ref idref="fl-ad"/>
      </object_component>
      <object_component id="oc-32d">
         <name>.text._etoa</name>
         <load_address>0x7008a4a0</load_address>
         <run_address>0x7008a4a0</run_address>
         <size>0x478</size>
         <input_file_ref idref="fl-2d"/>
      </object_component>
      <object_component id="oc-11c">
         <name>.text</name>
         <load_address>0x7008a918</load_address>
         <run_address>0x7008a918</run_address>
         <size>0x4</size>
         <input_file_ref idref="fl-bd"/>
      </object_component>
      <object_component id="oc-185">
         <name>.text.FOCcal_ISR</name>
         <load_address>0x7008a920</load_address>
         <run_address>0x7008a920</run_address>
         <size>0x458</size>
         <input_file_ref idref="fl-10"/>
      </object_component>
      <object_component id="oc-497">
         <name>.tramp.sqrtf.1</name>
         <load_address>0x7008ad78</load_address>
         <run_address>0x7008ad78</run_address>
         <size>0x8</size>
         <input_file_ref idref="fl-51"/>
      </object_component>
      <object_component id="oc-f1">
         <name>.text.FOC_init</name>
         <load_address>0x7008ad80</load_address>
         <run_address>0x7008ad80</run_address>
         <size>0x3d4</size>
         <input_file_ref idref="fl-10"/>
      </object_component>
      <object_component id="oc-2d4">
         <name>.text.handler__print_adc</name>
         <load_address>0x7008b160</load_address>
         <run_address>0x7008b160</run_address>
         <size>0x348</size>
         <input_file_ref idref="fl-1"/>
      </object_component>
      <object_component id="oc-139">
         <name>.text.EDMA_initialize</name>
         <load_address>0x7008b4b0</load_address>
         <run_address>0x7008b4b0</run_address>
         <size>0x344</size>
         <input_file_ref idref="fl-37"/>
      </object_component>
      <object_component id="oc-25a">
         <name>.text.EPWM_setADCTriggerSource</name>
         <load_address>0x7008b800</load_address>
         <run_address>0x7008b800</run_address>
         <size>0x2e4</size>
         <input_file_ref idref="fl-8"/>
      </object_component>
      <object_component id="oc-28e">
         <name>.text.UART_open</name>
         <load_address>0x7008baf0</load_address>
         <run_address>0x7008baf0</run_address>
         <size>0x286</size>
         <input_file_ref idref="fl-3f"/>
      </object_component>
      <object_component id="oc-421">
         <name>.text._pconv_a</name>
         <load_address>0x7008bd78</load_address>
         <run_address>0x7008bd78</run_address>
         <size>0x278</size>
         <input_file_ref idref="fl-63"/>
      </object_component>
      <object_component id="oc-28a">
         <name>.text.MCSPI_open</name>
         <load_address>0x7008bff0</load_address>
         <run_address>0x7008bff0</run_address>
         <size>0x26a</size>
         <input_file_ref idref="fl-3a"/>
      </object_component>
      <object_component id="oc-31c">
         <name>.text.MCSPI_setChConfig</name>
         <load_address>0x7008c260</load_address>
         <run_address>0x7008c260</run_address>
         <size>0x260</size>
         <input_file_ref idref="fl-3a"/>
      </object_component>
      <object_component id="oc-38e">
         <name>.text.UART_fifoConfig</name>
         <load_address>0x7008c4c0</load_address>
         <run_address>0x7008c4c0</run_address>
         <size>0x242</size>
         <input_file_ref idref="fl-3f"/>
      </object_component>
      <object_component id="oc-3a2">
         <name>.text._ntoa_format</name>
         <load_address>0x7008c710</load_address>
         <run_address>0x7008c710</run_address>
         <size>0x23e</size>
         <input_file_ref idref="fl-2d"/>
      </object_component>
      <object_component id="oc-33f">
         <name>.text.SOC_virtToPhy</name>
         <load_address>0x7008c950</load_address>
         <run_address>0x7008c950</run_address>
         <size>0x234</size>
         <input_file_ref idref="fl-3d"/>
      </object_component>
      <object_component id="oc-424">
         <name>.text._pconv_g</name>
         <load_address>0x7008cb88</load_address>
         <run_address>0x7008cb88</run_address>
         <size>0x230</size>
         <input_file_ref idref="fl-63"/>
      </object_component>
      <object_component id="oc-325">
         <name>.text.UART_masterIsr</name>
         <load_address>0x7008cdc0</load_address>
         <run_address>0x7008cdc0</run_address>
         <size>0x228</size>
         <input_file_ref idref="fl-3f"/>
      </object_component>
      <object_component id="oc-3fa">
         <name>.text.Alloc_resource</name>
         <load_address>0x7008cff0</load_address>
         <run_address>0x7008cff0</run_address>
         <size>0x226</size>
         <input_file_ref idref="fl-37"/>
      </object_component>
      <object_component id="oc-2d5">
         <name>.text.handler__set_ref_current</name>
         <load_address>0x7008d220</load_address>
         <run_address>0x7008d220</run_address>
         <size>0x210</size>
         <input_file_ref idref="fl-1"/>
      </object_component>
      <object_component id="oc-2d3">
         <name>.text.handler__set_test_voltage</name>
         <load_address>0x7008d430</load_address>
         <run_address>0x7008d430</run_address>
         <size>0x210</size>
         <input_file_ref idref="fl-1"/>
      </object_component>
      <object_component id="oc-255">
         <name>.text.EPWM_setInterruptSource</name>
         <load_address>0x7008d640</load_address>
         <run_address>0x7008d640</run_address>
         <size>0x208</size>
         <input_file_ref idref="fl-8"/>
      </object_component>
      <object_component id="oc-2b8">
         <name>.text.RDCexc_update</name>
         <load_address>0x7008d850</load_address>
         <run_address>0x7008d850</run_address>
         <size>0x200</size>
         <input_file_ref idref="fl-11"/>
      </object_component>
      <object_component id="oc-1bd">
         <name>.text.TimerP_setup</name>
         <load_address>0x7008da50</load_address>
         <run_address>0x7008da50</run_address>
         <size>0x1fa</size>
         <input_file_ref idref="fl-28"/>
      </object_component>
      <object_component id="oc-2ce">
         <name>.text.UART_write</name>
         <load_address>0x7008dc50</load_address>
         <run_address>0x7008dc50</run_address>
         <size>0x1ee</size>
         <input_file_ref idref="fl-3f"/>
      </object_component>
      <object_component id="oc-1ad">
         <name>.text.EDMA_deinitialize</name>
         <load_address>0x7008de40</load_address>
         <run_address>0x7008de40</run_address>
         <size>0x1e6</size>
         <input_file_ref idref="fl-37"/>
      </object_component>
      <object_component id="oc-402">
         <name>.text</name>
         <load_address>0x7008e028</load_address>
         <run_address>0x7008e028</run_address>
         <size>0x1d0</size>
         <input_file_ref idref="fl-bb"/>
      </object_component>
      <object_component id="oc-1a9">
         <name>.text.cli_process</name>
         <load_address>0x7008e200</load_address>
         <run_address>0x7008e200</run_address>
         <size>0x1c4</size>
         <input_file_ref idref="fl-4"/>
      </object_component>
      <object_component id="oc-434">
         <name>.text.free</name>
         <load_address>0x7008e3c4</load_address>
         <run_address>0x7008e3c4</run_address>
         <size>0x1bc</size>
         <input_file_ref idref="fl-5b"/>
      </object_component>
      <object_component id="oc-387">
         <name>.text.MCSPI_continueTxRx</name>
         <load_address>0x7008e580</load_address>
         <run_address>0x7008e580</run_address>
         <size>0x1ba</size>
         <input_file_ref idref="fl-3a"/>
      </object_component>
      <object_component id="oc-14e">
         <name>.text.Drivers_mcspiOpen</name>
         <load_address>0x7008e740</load_address>
         <run_address>0x7008e740</run_address>
         <size>0x1b8</size>
         <input_file_ref idref="fl-8"/>
      </object_component>
      <object_component id="oc-2fe">
         <name>.text.EDMA_transferCompletionMasterIsrFxn</name>
         <load_address>0x7008e900</load_address>
         <run_address>0x7008e900</run_address>
         <size>0x1b2</size>
         <input_file_ref idref="fl-37"/>
      </object_component>
      <object_component id="oc-2e7">
         <name>.text.UART_close</name>
         <load_address>0x7008eac0</load_address>
         <run_address>0x7008eac0</run_address>
         <size>0x1b0</size>
         <input_file_ref idref="fl-3f"/>
      </object_component>
      <object_component id="oc-43b">
         <name>.text.aligned_alloc</name>
         <load_address>0x7008ec70</load_address>
         <run_address>0x7008ec70</run_address>
         <size>0x1b0</size>
         <input_file_ref idref="fl-5b"/>
      </object_component>
      <object_component id="oc-266">
         <name>.text.EPWM_setXCMPActionQualifierAction</name>
         <load_address>0x7008ee20</load_address>
         <run_address>0x7008ee20</run_address>
         <size>0x1a8</size>
         <input_file_ref idref="fl-8"/>
      </object_component>
      <object_component id="oc-1e7">
         <name>.text.EDMA_open</name>
         <load_address>0x7008efd0</load_address>
         <run_address>0x7008efd0</run_address>
         <size>0x19e</size>
         <input_file_ref idref="fl-37"/>
      </object_component>
      <object_component id="oc-319">
         <name>.text.MCSPI_slaveIsr</name>
         <load_address>0x7008f170</load_address>
         <run_address>0x7008f170</run_address>
         <size>0x18c</size>
         <input_file_ref idref="fl-3a"/>
      </object_component>
      <object_component id="oc-2e1">
         <name>.text.cli_put</name>
         <load_address>0x7008f300</load_address>
         <run_address>0x7008f300</run_address>
         <size>0x18c</size>
         <input_file_ref idref="fl-4"/>
      </object_component>
      <object_component id="oc-178">
         <name>.text.motor_init</name>
         <load_address>0x7008f490</load_address>
         <run_address>0x7008f490</run_address>
         <size>0x188</size>
         <input_file_ref idref="fl-13"/>
      </object_component>
      <object_component id="oc-2ca">
         <name>.text.LoopLog_run</name>
         <load_address>0x7008f620</load_address>
         <run_address>0x7008f620</run_address>
         <size>0x184</size>
         <input_file_ref idref="fl-10"/>
      </object_component>
      <object_component id="oc-38a">
         <name>.text.MCSPI_continueSlaveTxRx</name>
         <load_address>0x7008f7b0</load_address>
         <run_address>0x7008f7b0</run_address>
         <size>0x17e</size>
         <input_file_ref idref="fl-3a"/>
      </object_component>
      <object_component id="oc-31f">
         <name>.text.UART_configInstance</name>
         <load_address>0x7008f930</load_address>
         <run_address>0x7008f930</run_address>
         <size>0x178</size>
         <input_file_ref idref="fl-3f"/>
      </object_component>
      <object_component id="oc-120">
         <name>.text.ClockP_init</name>
         <load_address>0x7008fab0</load_address>
         <run_address>0x7008fab0</run_address>
         <size>0x172</size>
         <input_file_ref idref="fl-27"/>
      </object_component>
      <object_component id="oc-2bb">
         <name>.text.resolver_run</name>
         <load_address>0x7008fc30</load_address>
         <run_address>0x7008fc30</run_address>
         <size>0x164</size>
         <input_file_ref idref="fl-10"/>
      </object_component>
      <object_component id="oc-11e">
         <name>.text.SOC_controlModuleUnlockMMR</name>
         <load_address>0x7008fda0</load_address>
         <run_address>0x7008fda0</run_address>
         <size>0x158</size>
         <input_file_ref idref="fl-3d"/>
      </object_component>
      <object_component id="oc-2c7">
         <name>.text.SVGEN_run</name>
         <load_address>0x7008ff00</load_address>
         <run_address>0x7008ff00</run_address>
         <size>0x154</size>
         <input_file_ref idref="fl-10"/>
      </object_component>
      <object_component id="oc-3b6">
         <name>.text.floor</name>
         <load_address>0x70090058</load_address>
         <run_address>0x70090058</run_address>
         <size>0x154</size>
         <input_file_ref idref="fl-68"/>
      </object_component>
      <object_component id="oc-39c">
         <name>.text.UART_procLineStatusErr</name>
         <load_address>0x700901b0</load_address>
         <run_address>0x700901b0</run_address>
         <size>0x150</size>
         <input_file_ref idref="fl-3f"/>
      </object_component>
      <object_component id="oc-318">
         <name>.text.MCSPI_masterIsr</name>
         <load_address>0x70090300</load_address>
         <run_address>0x70090300</run_address>
         <size>0x14c</size>
         <input_file_ref idref="fl-3a"/>
      </object_component>
      <object_component id="oc-3a6">
         <name>.text.EDMA_allocResource</name>
         <load_address>0x70090450</load_address>
         <run_address>0x70090450</run_address>
         <size>0x148</size>
         <input_file_ref idref="fl-37"/>
      </object_component>
      <object_component id="oc-431">
         <name>.text.fcvt</name>
         <load_address>0x70090598</load_address>
         <run_address>0x70090598</run_address>
         <size>0x148</size>
         <input_file_ref idref="fl-63"/>
      </object_component>
      <object_component id="oc-429">
         <name>.text.setvbuf</name>
         <load_address>0x700906e0</load_address>
         <run_address>0x700906e0</run_address>
         <size>0x148</size>
         <input_file_ref idref="fl-4f"/>
      </object_component>
      <object_component id="oc-2d1">
         <name>.text.handler__set_speed</name>
         <load_address>0x70090830</load_address>
         <run_address>0x70090830</run_address>
         <size>0x140</size>
         <input_file_ref idref="fl-1"/>
      </object_component>
      <object_component id="oc-3b5">
         <name>.text.scalbn</name>
         <load_address>0x70090970</load_address>
         <run_address>0x70090970</run_address>
         <size>0x140</size>
         <input_file_ref idref="fl-6a"/>
      </object_component>
      <object_component id="oc-32a">
         <name>.text._ntoa_long_long</name>
         <load_address>0x70090ab0</load_address>
         <run_address>0x70090ab0</run_address>
         <size>0x138</size>
         <input_file_ref idref="fl-2d"/>
      </object_component>
      <object_component id="oc-374">
         <name>.text.SOC_rcmGetPeripheralClockFrequency</name>
         <load_address>0x70090bf0</load_address>
         <run_address>0x70090bf0</run_address>
         <size>0x130</size>
         <input_file_ref idref="fl-3e"/>
      </object_component>
      <object_component id="oc-422">
         <name>.text._pconv_e</name>
         <load_address>0x70090d20</load_address>
         <run_address>0x70090d20</run_address>
         <size>0x130</size>
         <input_file_ref idref="fl-63"/>
      </object_component>
      <object_component id="oc-2e6">
         <name>.text.MCSPI_close</name>
         <load_address>0x70090e50</load_address>
         <run_address>0x70090e50</run_address>
         <size>0x12c</size>
         <input_file_ref idref="fl-3a"/>
      </object_component>
      <object_component id="oc-1a7">
         <name>.text.UART_getCharFifo</name>
         <load_address>0x70090f80</load_address>
         <run_address>0x70090f80</run_address>
         <size>0x128</size>
         <input_file_ref idref="fl-2"/>
      </object_component>
      <object_component id="oc-11f">
         <name>.text.SOC_controlModuleLockMMR</name>
         <load_address>0x700910b0</load_address>
         <run_address>0x700910b0</run_address>
         <size>0x126</size>
         <input_file_ref idref="fl-3d"/>
      </object_component>
      <object_component id="oc-245">
         <name>.text.EPWM_setFallingEdgeDeadBandDelayInput</name>
         <load_address>0x700911e0</load_address>
         <run_address>0x700911e0</run_address>
         <size>0x120</size>
         <input_file_ref idref="fl-8"/>
      </object_component>
      <object_component id="oc-14f">
         <name>.text.Drivers_uartOpen</name>
         <load_address>0x70091300</load_address>
         <run_address>0x70091300</run_address>
         <size>0x11c</size>
         <input_file_ref idref="fl-8"/>
      </object_component>
      <object_component id="oc-291">
         <name>.text.SOC_xbarSelectDMAXBarInputSource</name>
         <load_address>0x70091420</load_address>
         <run_address>0x70091420</run_address>
         <size>0x11c</size>
         <input_file_ref idref="fl-8"/>
      </object_component>
      <object_component id="oc-14a">
         <name>.text.Drivers_edmaOpen</name>
         <load_address>0x70091540</load_address>
         <run_address>0x70091540</run_address>
         <size>0x118</size>
         <input_file_ref idref="fl-8"/>
      </object_component>
      <object_component id="oc-2ae">
         <name>.text.rampControl</name>
         <load_address>0x70091660</load_address>
         <run_address>0x70091660</run_address>
         <size>0x118</size>
         <input_file_ref idref="fl-10"/>
      </object_component>
      <object_component id="oc-2fa">
         <name>.text</name>
         <load_address>0x70091778</load_address>
         <run_address>0x70091778</run_address>
         <size>0x118</size>
         <input_file_ref idref="fl-c0"/>
      </object_component>
      <object_component id="oc-390">
         <name>.text.UART_divisorLatchWrite</name>
         <load_address>0x70091890</load_address>
         <run_address>0x70091890</run_address>
         <size>0x116</size>
         <input_file_ref idref="fl-3f"/>
      </object_component>
      <object_component id="oc-32b">
         <name>.text._ntoa_long</name>
         <load_address>0x700919b0</load_address>
         <run_address>0x700919b0</run_address>
         <size>0x114</size>
         <input_file_ref idref="fl-2d"/>
      </object_component>
      <object_component id="oc-426">
         <name>.text.SOC_rcmADPLLJGetFOut</name>
         <load_address>0x70091ad0</load_address>
         <run_address>0x70091ad0</run_address>
         <size>0x10e</size>
         <input_file_ref idref="fl-3e"/>
      </object_component>
      <object_component id="oc-218">
         <name>.text.EPWM_setCounterCompareShadowLoadMode</name>
         <load_address>0x70091be0</load_address>
         <run_address>0x70091be0</run_address>
         <size>0x10c</size>
         <input_file_ref idref="fl-8"/>
      </object_component>
      <object_component id="oc-200">
         <name>.text.ADC_setBurstModeConfig</name>
         <load_address>0x70091cf0</load_address>
         <run_address>0x70091cf0</run_address>
         <size>0x100</size>
         <input_file_ref idref="fl-8"/>
      </object_component>
      <object_component id="oc-99">
         <name>.text.trinv_main</name>
         <load_address>0x70091df0</load_address>
         <run_address>0x70091df0</run_address>
         <size>0xfc</size>
         <input_file_ref idref="fl-f"/>
      </object_component>
      <object_component id="oc-f7">
         <name>.text.FOC_run</name>
         <load_address>0x70091ef0</load_address>
         <run_address>0x70091ef0</run_address>
         <size>0xf8</size>
         <input_file_ref idref="fl-10"/>
      </object_component>
      <object_component id="oc-1fe">
         <name>.text.ADC_setPPBTripLimits</name>
         <load_address>0x70091ff0</load_address>
         <run_address>0x70091ff0</run_address>
         <size>0xf2</size>
         <input_file_ref idref="fl-36"/>
      </object_component>
      <object_component id="oc-316">
         <name>.text.MCSPI_configInstance</name>
         <load_address>0x700920f0</load_address>
         <run_address>0x700920f0</run_address>
         <size>0xf2</size>
         <input_file_ref idref="fl-3a"/>
      </object_component>
      <object_component id="oc-3ec">
         <name>.text.MCSPI_initiateLastChunkTransfer</name>
         <load_address>0x700921f0</load_address>
         <run_address>0x700921f0</run_address>
         <size>0xf0</size>
         <input_file_ref idref="fl-3a"/>
      </object_component>
      <object_component id="oc-30e">
         <name>.text.SemaphoreP_pend</name>
         <load_address>0x700922e0</load_address>
         <run_address>0x700922e0</run_address>
         <size>0xf0</size>
         <input_file_ref idref="fl-35"/>
      </object_component>
      <object_component id="oc-25b">
         <name>.text.EPWM_setADCTriggerEventPrescale</name>
         <load_address>0x700923d0</load_address>
         <run_address>0x700923d0</run_address>
         <size>0xec</size>
         <input_file_ref idref="fl-8"/>
      </object_component>
      <object_component id="oc-28f">
         <name>.text.SOC_xbarSelectInterruptXBarInputSource</name>
         <load_address>0x700924c0</load_address>
         <run_address>0x700924c0</run_address>
         <size>0xec</size>
         <input_file_ref idref="fl-8"/>
      </object_component>
      <object_component id="oc-40d">
         <name>.text.SOC_rcmGetCoreFout</name>
         <load_address>0x700925b0</load_address>
         <run_address>0x700925b0</run_address>
         <size>0xea</size>
         <input_file_ref idref="fl-3e"/>
      </object_component>
      <object_component id="oc-40e">
         <name>.text.SOC_rcmGetPerFout</name>
         <load_address>0x700926a0</load_address>
         <run_address>0x700926a0</run_address>
         <size>0xea</size>
         <input_file_ref idref="fl-3e"/>
      </object_component>
      <object_component id="oc-2e0">
         <name>.text.SerialCmd_send</name>
         <load_address>0x70092790</load_address>
         <run_address>0x70092790</run_address>
         <size>0xe8</size>
         <input_file_ref idref="fl-2"/>
      </object_component>
      <object_component id="oc-3f8">
         <name>.text.fputc</name>
         <load_address>0x70092878</load_address>
         <run_address>0x70092878</run_address>
         <size>0xe8</size>
         <input_file_ref idref="fl-4d"/>
      </object_component>
      <object_component id="oc-39e">
         <name>.text.UART_intrEnable</name>
         <load_address>0x70092960</load_address>
         <run_address>0x70092960</run_address>
         <size>0xde</size>
         <input_file_ref idref="fl-3f"/>
      </object_component>
      <object_component id="oc-38c">
         <name>.text.MCSPI_setClkConfig</name>
         <load_address>0x70092a40</load_address>
         <run_address>0x70092a40</run_address>
         <size>0xdc</size>
         <input_file_ref idref="fl-3a"/>
      </object_component>
      <object_component id="oc-36d">
         <name>.text.UART_intrDisable</name>
         <load_address>0x70092b20</load_address>
         <run_address>0x70092b20</run_address>
         <size>0xda</size>
         <input_file_ref idref="fl-3f"/>
      </object_component>
      <object_component id="oc-2d2">
         <name>.text.handler__set_motor_state</name>
         <load_address>0x70092c00</load_address>
         <run_address>0x70092c00</run_address>
         <size>0xd8</size>
         <input_file_ref idref="fl-1"/>
      </object_component>
      <object_component id="oc-25d">
         <name>.text.EPWM_setADCTriggerEventCountInitValue</name>
         <load_address>0x70092ce0</load_address>
         <run_address>0x70092ce0</run_address>
         <size>0xd4</size>
         <input_file_ref idref="fl-8"/>
      </object_component>
      <object_component id="oc-f6">
         <name>.text.FOC_cal</name>
         <load_address>0x70092dc0</load_address>
         <run_address>0x70092dc0</run_address>
         <size>0xd4</size>
         <input_file_ref idref="fl-10"/>
      </object_component>
      <object_component id="oc-388">
         <name>.text.MCSPI_stop</name>
         <load_address>0x70092ea0</load_address>
         <run_address>0x70092ea0</run_address>
         <size>0xd4</size>
         <input_file_ref idref="fl-3a"/>
      </object_component>
      <object_component id="oc-3a7">
         <name>.text.EDMA_enableChInShadowRegRegion</name>
         <load_address>0x70092f80</load_address>
         <run_address>0x70092f80</run_address>
         <size>0xcc</size>
         <input_file_ref idref="fl-37"/>
      </object_component>
      <object_component id="oc-36c">
         <name>.text.UART_flushTxFifo</name>
         <load_address>0x70093050</load_address>
         <run_address>0x70093050</run_address>
         <size>0xcc</size>
         <input_file_ref idref="fl-3f"/>
      </object_component>
      <object_component id="oc-452">
         <name>.text.getdevice</name>
         <load_address>0x7009311c</load_address>
         <run_address>0x7009311c</run_address>
         <size>0xcc</size>
         <input_file_ref idref="fl-c1"/>
      </object_component>
      <object_component id="oc-28c">
         <name>.text.MCSPI_chConfig</name>
         <load_address>0x700931f0</load_address>
         <run_address>0x700931f0</run_address>
         <size>0xca</size>
         <input_file_ref idref="fl-3a"/>
      </object_component>
      <object_component id="oc-1f0">
         <name>.text.ADC_setupSOC</name>
         <load_address>0x700932c0</load_address>
         <run_address>0x700932c0</run_address>
         <size>0xc4</size>
         <input_file_ref idref="fl-8"/>
      </object_component>
      <object_component id="oc-3a8">
         <name>.text.EDMA_mapChToEvtQ</name>
         <load_address>0x70093390</load_address>
         <run_address>0x70093390</run_address>
         <size>0xc4</size>
         <input_file_ref idref="fl-37"/>
      </object_component>
      <object_component id="oc-220">
         <name>.text.EPWM_setActionQualifierAction</name>
         <load_address>0x70093460</load_address>
         <run_address>0x70093460</run_address>
         <size>0xc4</size>
         <input_file_ref idref="fl-8"/>
      </object_component>
      <object_component id="oc-3d6">
         <name>.text.SOC_rcmGetPerHSDivOut</name>
         <load_address>0x70093530</load_address>
         <run_address>0x70093530</run_address>
         <size>0xc4</size>
         <input_file_ref idref="fl-3e"/>
      </object_component>
      <object_component id="oc-353">
         <name>.text.UART_writePolling</name>
         <load_address>0x70093600</load_address>
         <run_address>0x70093600</run_address>
         <size>0xc2</size>
         <input_file_ref idref="fl-3f"/>
      </object_component>
      <object_component id="oc-236">
         <name>.text.EPWM_setValleyTriggerEdgeCounts</name>
         <load_address>0x700936d0</load_address>
         <run_address>0x700936d0</run_address>
         <size>0xc0</size>
         <input_file_ref idref="fl-8"/>
      </object_component>
      <object_component id="oc-8f">
         <name>.text.System_init</name>
         <load_address>0x70093790</load_address>
         <run_address>0x70093790</run_address>
         <size>0xc0</size>
         <input_file_ref idref="fl-7"/>
      </object_component>
      <object_component id="oc-3a4">
         <name>.text._out_rev</name>
         <load_address>0x70093850</load_address>
         <run_address>0x70093850</run_address>
         <size>0xc0</size>
         <input_file_ref idref="fl-2d"/>
      </object_component>
      <object_component id="oc-430">
         <name>.text._mcpy</name>
         <load_address>0x70093910</load_address>
         <run_address>0x70093910</run_address>
         <size>0xbc</size>
         <input_file_ref idref="fl-63"/>
      </object_component>
      <object_component id="oc-3e6">
         <name>.text.ClockP_stop</name>
         <load_address>0x700939d0</load_address>
         <run_address>0x700939d0</run_address>
         <size>0xba</size>
         <input_file_ref idref="fl-26"/>
      </object_component>
      <object_component id="oc-149">
         <name>.text.UART_init</name>
         <load_address>0x70093a90</load_address>
         <run_address>0x70093a90</run_address>
         <size>0xba</size>
         <input_file_ref idref="fl-3f"/>
      </object_component>
      <object_component id="oc-1bf">
         <name>.text.ClockP_timerTickIsr</name>
         <load_address>0x70093b50</load_address>
         <run_address>0x70093b50</run_address>
         <size>0xb8</size>
         <input_file_ref idref="fl-26"/>
      </object_component>
      <object_component id="oc-2e8">
         <name>.text.EDMA_close</name>
         <load_address>0x70093c10</load_address>
         <run_address>0x70093c10</run_address>
         <size>0xb8</size>
         <input_file_ref idref="fl-37"/>
      </object_component>
      <object_component id="oc-33e">
         <name>.text.EDMA_configureChannelRegion</name>
         <load_address>0x70093cd0</load_address>
         <run_address>0x70093cd0</run_address>
         <size>0xb6</size>
         <input_file_ref idref="fl-37"/>
      </object_component>
      <object_component id="oc-3e9">
         <name>.text.MCSPI_fifoRead</name>
         <load_address>0x70093d90</load_address>
         <run_address>0x70093d90</run_address>
         <size>0xb4</size>
         <input_file_ref idref="fl-3a"/>
      </object_component>
      <object_component id="oc-43c">
         <name>.text.__TI_closefile</name>
         <load_address>0x70093e44</load_address>
         <run_address>0x70093e44</run_address>
         <size>0xb4</size>
         <input_file_ref idref="fl-72"/>
      </object_component>
      <object_component id="oc-277">
         <name>.text.HRPWM_setHiResCounterCompareValue</name>
         <load_address>0x70093f00</load_address>
         <run_address>0x70093f00</run_address>
         <size>0xb0</size>
         <input_file_ref idref="fl-8"/>
      </object_component>
      <object_component id="oc-2f8">
         <name>.text.SOC_rcmSetPeripheralClock</name>
         <load_address>0x70093fb0</load_address>
         <run_address>0x70093fb0</run_address>
         <size>0xb0</size>
         <input_file_ref idref="fl-3e"/>
      </object_component>
      <object_component id="oc-2c9">
         <name>.text.TRINV_HAL_setPwmOutput</name>
         <load_address>0x70094060</load_address>
         <run_address>0x70094060</run_address>
         <size>0xb0</size>
         <input_file_ref idref="fl-10"/>
      </object_component>
      <object_component id="oc-244">
         <name>.text.EPWM_setRisingEdgeDeadBandDelayInput</name>
         <load_address>0x70094110</load_address>
         <run_address>0x70094110</run_address>
         <size>0xac</size>
         <input_file_ref idref="fl-8"/>
      </object_component>
      <object_component id="oc-433">
         <name>.text.fseeko</name>
         <load_address>0x700941bc</load_address>
         <run_address>0x700941bc</run_address>
         <size>0xac</size>
         <input_file_ref idref="fl-67"/>
      </object_component>
      <object_component id="oc-404">
         <name>.text.UART_fifoWrite</name>
         <load_address>0x70094270</load_address>
         <run_address>0x70094270</run_address>
         <size>0xaa</size>
         <input_file_ref idref="fl-3f"/>
      </object_component>
      <object_component id="oc-2f1">
         <name>.text.ClockP_addToList</name>
         <load_address>0x70094320</load_address>
         <run_address>0x70094320</run_address>
         <size>0xa8</size>
         <input_file_ref idref="fl-26"/>
      </object_component>
      <object_component id="oc-381">
         <name>.text.ClockP_destruct</name>
         <load_address>0x700943d0</load_address>
         <run_address>0x700943d0</run_address>
         <size>0xa8</size>
         <input_file_ref idref="fl-26"/>
      </object_component>
      <object_component id="oc-228">
         <name>.text.EPWM_enableTripZoneInterrupt</name>
         <load_address>0x70094480</load_address>
         <run_address>0x70094480</run_address>
         <size>0xa8</size>
         <input_file_ref idref="fl-8"/>
      </object_component>
      <object_component id="oc-241">
         <name>.text.EPWM_selectDigitalCompareCBCLatchClearEvent</name>
         <load_address>0x70094530</load_address>
         <run_address>0x70094530</run_address>
         <size>0xa8</size>
         <input_file_ref idref="fl-8"/>
      </object_component>
      <object_component id="oc-240">
         <name>.text.EPWM_setDigitalCompareCBCLatchMode</name>
         <load_address>0x700945e0</load_address>
         <run_address>0x700945e0</run_address>
         <size>0xa8</size>
         <input_file_ref idref="fl-8"/>
      </object_component>
      <object_component id="oc-23e">
         <name>.text.EPWM_setDigitalCompareEventSyncMode</name>
         <load_address>0x70094690</load_address>
         <run_address>0x70094690</run_address>
         <size>0xa8</size>
         <input_file_ref idref="fl-8"/>
      </object_component>
      <object_component id="oc-17c">
         <name>.text.resolver_init</name>
         <load_address>0x70094740</load_address>
         <run_address>0x70094740</run_address>
         <size>0xa8</size>
         <input_file_ref idref="fl-10"/>
      </object_component>
      <object_component id="oc-20d">
         <name>.text.EPWM_disableGlobalLoadRegisters</name>
         <load_address>0x700947f0</load_address>
         <run_address>0x700947f0</run_address>
         <size>0xa4</size>
         <input_file_ref idref="fl-8"/>
      </object_component>
      <object_component id="oc-23f">
         <name>.text.EPWM_setDigitalCompareEventSource</name>
         <load_address>0x700948a0</load_address>
         <run_address>0x700948a0</run_address>
         <size>0xa4</size>
         <input_file_ref idref="fl-8"/>
      </object_component>
      <object_component id="oc-2af">
         <name>.text.rampGen</name>
         <load_address>0x70094950</load_address>
         <run_address>0x70094950</run_address>
         <size>0xa4</size>
         <input_file_ref idref="fl-10"/>
      </object_component>
      <object_component id="oc-446">
         <name>.text.split</name>
         <load_address>0x700949f4</load_address>
         <run_address>0x700949f4</run_address>
         <size>0xa4</size>
         <input_file_ref idref="fl-5b"/>
      </object_component>
      <object_component id="oc-3d4">
         <name>.text.SOC_rcmGetCoreHSDivOut</name>
         <load_address>0x70094aa0</load_address>
         <run_address>0x70094aa0</run_address>
         <size>0xa2</size>
         <input_file_ref idref="fl-3e"/>
      </object_component>
      <object_component id="oc-26a">
         <name>.text.EPWM_configureDiodeEmulationTripSources</name>
         <load_address>0x70094b50</load_address>
         <run_address>0x70094b50</run_address>
         <size>0xa0</size>
         <input_file_ref idref="fl-8"/>
      </object_component>
      <object_component id="oc-270">
         <name>.text.EPWM_setDiodeEmulationMonitorModeStep</name>
         <load_address>0x70094bf0</load_address>
         <run_address>0x70094bf0</run_address>
         <size>0xa0</size>
         <input_file_ref idref="fl-8"/>
      </object_component>
      <object_component id="oc-256">
         <name>.text.EPWM_setInterruptEventCount</name>
         <load_address>0x70094c90</load_address>
         <run_address>0x70094c90</run_address>
         <size>0xa0</size>
         <input_file_ref idref="fl-8"/>
      </object_component>
      <object_component id="oc-444">
         <name>.text.HOSTrename</name>
         <load_address>0x70094d30</load_address>
         <run_address>0x70094d30</run_address>
         <size>0xa0</size>
         <input_file_ref idref="fl-b6"/>
      </object_component>
      <object_component id="oc-264">
         <name>.text.EPWM_setXCMPShadowRepeatBufxCount</name>
         <load_address>0x70094dd0</load_address>
         <run_address>0x70094dd0</run_address>
         <size>0x9c</size>
         <input_file_ref idref="fl-8"/>
      </object_component>
      <object_component id="oc-442">
         <name>.text.HOSTlseek</name>
         <load_address>0x70094e6c</load_address>
         <run_address>0x70094e6c</run_address>
         <size>0x98</size>
         <input_file_ref idref="fl-b3"/>
      </object_component>
      <object_component id="oc-d6">
         <name>.text.MCSPI_init</name>
         <load_address>0x70094f10</load_address>
         <run_address>0x70094f10</run_address>
         <size>0x98</size>
         <input_file_ref idref="fl-3a"/>
      </object_component>
      <object_component id="oc-417">
         <name>.text.__TI_wrt_ok</name>
         <load_address>0x70094fa8</load_address>
         <run_address>0x70094fa8</run_address>
         <size>0x98</size>
         <input_file_ref idref="fl-4e"/>
      </object_component>
      <object_component id="oc-ca">
         <name>.text.SOC_enableAdcReference</name>
         <load_address>0x70095040</load_address>
         <run_address>0x70095040</run_address>
         <size>0x96</size>
         <input_file_ref idref="fl-3d"/>
      </object_component>
      <object_component id="oc-3f1">
         <name>.text.UART_subConfigTCRTLRModeEn</name>
         <load_address>0x700950e0</load_address>
         <run_address>0x700950e0</run_address>
         <size>0x96</size>
         <input_file_ref idref="fl-3f"/>
      </object_component>
      <object_component id="oc-10a">
         <name>.text.EDMA_deinit</name>
         <load_address>0x70095180</load_address>
         <run_address>0x70095180</run_address>
         <size>0x94</size>
         <input_file_ref idref="fl-37"/>
      </object_component>
      <object_component id="oc-cf">
         <name>.text.EDMA_init</name>
         <load_address>0x70095220</load_address>
         <run_address>0x70095220</run_address>
         <size>0x94</size>
         <input_file_ref idref="fl-37"/>
      </object_component>
      <object_component id="oc-43e">
         <name>.text.HOSTopen</name>
         <load_address>0x700952b4</load_address>
         <run_address>0x700952b4</run_address>
         <size>0x94</size>
         <input_file_ref idref="fl-b4"/>
      </object_component>
      <object_component id="oc-2c5">
         <name>.text.dq_limiter_run</name>
         <load_address>0x70095350</load_address>
         <run_address>0x70095350</run_address>
         <size>0x94</size>
         <input_file_ref idref="fl-10"/>
      </object_component>
      <object_component id="oc-352">
         <name>.text.UART_writeCancelNoCB</name>
         <load_address>0x700953f0</load_address>
         <run_address>0x700953f0</run_address>
         <size>0x92</size>
         <input_file_ref idref="fl-3f"/>
      </object_component>
      <object_component id="oc-21b">
         <name>.text.EPWM_setActionQualifierShadowLoadMode</name>
         <load_address>0x70095490</load_address>
         <run_address>0x70095490</run_address>
         <size>0x90</size>
         <input_file_ref idref="fl-8"/>
      </object_component>
      <object_component id="oc-248">
         <name>.text.EPWM_setDeadBandOutputSwapMode</name>
         <load_address>0x70095520</load_address>
         <run_address>0x70095520</run_address>
         <size>0x90</size>
         <input_file_ref idref="fl-8"/>
      </object_component>
      <object_component id="oc-341">
         <name>.text.EDMA_enableTransferRegion</name>
         <load_address>0x700955b0</load_address>
         <run_address>0x700955b0</run_address>
         <size>0x8c</size>
         <input_file_ref idref="fl-37"/>
      </object_component>
      <object_component id="oc-26b">
         <name>.text.EPWM_selectDiodeEmulationPWMsignal</name>
         <load_address>0x70095640</load_address>
         <run_address>0x70095640</run_address>
         <size>0x8c</size>
         <input_file_ref idref="fl-8"/>
      </object_component>
      <object_component id="oc-26c">
         <name>.text.EPWM_selectDiodeEmulationTripSignal</name>
         <load_address>0x700956d0</load_address>
         <run_address>0x700956d0</run_address>
         <size>0x8c</size>
         <input_file_ref idref="fl-8"/>
      </object_component>
      <object_component id="oc-247">
         <name>.text.EPWM_setDeadBandDelayMode</name>
         <load_address>0x70095760</load_address>
         <run_address>0x70095760</run_address>
         <size>0x8c</size>
         <input_file_ref idref="fl-8"/>
      </object_component>
      <object_component id="oc-3ea">
         <name>.text.MCSPI_fifoWrite</name>
         <load_address>0x700957f0</load_address>
         <run_address>0x700957f0</run_address>
         <size>0x8c</size>
         <input_file_ref idref="fl-3a"/>
      </object_component>
      <object_component id="oc-2c8">
         <name>.text.PWM_clamp</name>
         <load_address>0x70095880</load_address>
         <run_address>0x70095880</run_address>
         <size>0x8c</size>
         <input_file_ref idref="fl-10"/>
      </object_component>
      <object_component id="oc-1f9">
         <name>.text.ADC_disablePPBEvent</name>
         <load_address>0x70095910</load_address>
         <run_address>0x70095910</run_address>
         <size>0x88</size>
         <input_file_ref idref="fl-8"/>
      </object_component>
      <object_component id="oc-1fa">
         <name>.text.ADC_disablePPBEventInterrupt</name>
         <load_address>0x700959a0</load_address>
         <run_address>0x700959a0</run_address>
         <size>0x88</size>
         <input_file_ref idref="fl-8"/>
      </object_component>
      <object_component id="oc-1ce">
         <name>.text.ClockP_getTimeUsec</name>
         <load_address>0x70095a30</load_address>
         <run_address>0x70095a30</run_address>
         <size>0x88</size>
         <input_file_ref idref="fl-26"/>
      </object_component>
      <object_component id="oc-1ac">
         <name>.text.Drivers_edmaClose</name>
         <load_address>0x70095ac0</load_address>
         <run_address>0x70095ac0</run_address>
         <size>0x88</size>
         <input_file_ref idref="fl-8"/>
      </object_component>
      <object_component id="oc-1aa">
         <name>.text.Drivers_mcspiClose</name>
         <load_address>0x70095b50</load_address>
         <run_address>0x70095b50</run_address>
         <size>0x88</size>
         <input_file_ref idref="fl-8"/>
      </object_component>
      <object_component id="oc-1ab">
         <name>.text.Drivers_uartClose</name>
         <load_address>0x70095be0</load_address>
         <run_address>0x70095be0</run_address>
         <size>0x88</size>
         <input_file_ref idref="fl-8"/>
      </object_component>
      <object_component id="oc-251">
         <name>.text.EPWM_setChopperDutyCycle</name>
         <load_address>0x70095c70</load_address>
         <run_address>0x70095c70</run_address>
         <size>0x88</size>
         <input_file_ref idref="fl-8"/>
      </object_component>
      <object_component id="oc-268">
         <name>.text.EPWM_setDiodeEmulationMode</name>
         <load_address>0x70095d00</load_address>
         <run_address>0x70095d00</run_address>
         <size>0x88</size>
         <input_file_ref idref="fl-8"/>
      </object_component>
      <object_component id="oc-284">
         <name>.text.EPWM_setGlobalLoadEventPrescale</name>
         <load_address>0x70095d90</load_address>
         <run_address>0x70095d90</run_address>
         <size>0x88</size>
         <input_file_ref idref="fl-8"/>
      </object_component>
      <object_component id="oc-261">
         <name>.text.EPWM_setXCMPLoadMode</name>
         <load_address>0x70095e20</load_address>
         <run_address>0x70095e20</run_address>
         <size>0x88</size>
         <input_file_ref idref="fl-8"/>
      </object_component>
      <object_component id="oc-103">
         <name>.text.SerialCmd_read</name>
         <load_address>0x70095eb0</load_address>
[...]
      <symbol id="sm-868">
         <name>SOC_setEpwmTbClk</name>
         <value>0x70097c31</value>
         <object_component_ref idref="oc-d4"/>
      </symbol>
      <symbol id="sm-869">
         <name>SOC_virtToPhy</name>
         <value>0x7008c951</value>
         <object_component_ref idref="oc-33f"/>
      </symbol>
      <symbol id="sm-8e1">
         <name>SOC_rcmEnablePeripheralClock</name>
         <value>0x700890c1</value>
         <object_component_ref idref="oc-2f3"/>
      </symbol>
      <symbol id="sm-8e2">
         <name>SOC_rcmGetPeripheralClockFrequency</name>
         <value>0x70090bf1</value>
         <object_component_ref idref="oc-374"/>
      </symbol>
      <symbol id="sm-8e3">
         <name>SOC_rcmIsR5FInLockStepMode</name>
         <value>0x70098091</value>
         <object_component_ref idref="oc-3af"/>
      </symbol>
      <symbol id="sm-8e4">
         <name>SOC_rcmSetPeripheralClock</name>
         <value>0x70093fb1</value>
         <object_component_ref idref="oc-2f8"/>
      </symbol>
      <symbol id="sm-8e5">
         <name>gADPLLJConfigTbl</name>
         <value>0x7009e794</value>
         <object_component_ref idref="oc-432"/>
      </symbol>
      <symbol id="sm-8e6">
         <name>gPeripheralClkSrcInfoMap</name>
         <value>0x7009e82c</value>
         <object_component_ref idref="oc-3d2"/>
      </symbol>
      <symbol id="sm-8e7">
         <name>gXTALInfo</name>
         <value>0x7009e168</value>
         <object_component_ref idref="oc-3d3"/>
      </symbol>
      <symbol id="sm-99c">
         <name>UART_close</name>
         <value>0x7008eac1</value>
         <object_component_ref idref="oc-2e7"/>
      </symbol>
      <symbol id="sm-99d">
         <name>UART_deinit</name>
         <value>0x7009ba71</value>
         <object_component_ref idref="oc-10c"/>
      </symbol>
      <symbol id="sm-99e">
         <name>UART_flushTxFifo</name>
         <value>0x70093051</value>
         <object_component_ref idref="oc-36c"/>
      </symbol>
      <symbol id="sm-99f">
         <name>UART_getBaseAddr</name>
         <value>0x7009bec1</value>
         <object_component_ref idref="oc-192"/>
      </symbol>
      <symbol id="sm-9a0">
         <name>UART_init</name>
         <value>0x70093a91</value>
         <object_component_ref idref="oc-149"/>
      </symbol>
      <symbol id="sm-9a1">
         <name>UART_open</name>
         <value>0x7008baf1</value>
         <object_component_ref idref="oc-28e"/>
      </symbol>
      <symbol id="sm-9a2">
         <name>UART_write</name>
         <value>0x7008dc51</value>
         <object_component_ref idref="oc-2ce"/>
      </symbol>
      <symbol id="sm-9b5">
         <name>UART_dmaClose</name>
         <value>0x70096991</value>
         <object_component_ref idref="oc-370"/>
      </symbol>
      <symbol id="sm-9b6">
         <name>UART_dmaDisableChannel</name>
         <value>0x700966f1</value>
         <object_component_ref idref="oc-3bb"/>
      </symbol>
      <symbol id="sm-9b7">
         <name>UART_dmaOpen</name>
         <value>0x70097921</value>
         <object_component_ref idref="oc-320"/>
      </symbol>
      <symbol id="sm-9b8">
         <name>UART_writeInterruptDma</name>
         <value>0x70098f31</value>
         <object_component_ref idref="oc-351"/>
      </symbol>
      <symbol id="sm-9c3">
         <name>sprintf</name>
         <value>0x70098b78</value>
         <object_component_ref idref="oc-357"/>
      </symbol>
      <symbol id="sm-9cb">
         <name>fputc</name>
         <value>0x70092878</value>
         <object_component_ref idref="oc-3f8"/>
      </symbol>
      <symbol id="sm-9cc">
         <name>putchar</name>
         <value>0x7009c990</value>
         <object_component_ref idref="oc-3a1"/>
      </symbol>
      <symbol id="sm-9d0">
         <name>__TI_wrt_ok</name>
         <value>0x70094fa8</value>
         <object_component_ref idref="oc-417"/>
      </symbol>
      <symbol id="sm-9d5">
         <name>setvbuf</name>
         <value>0x700906e0</value>
         <object_component_ref idref="oc-429"/>
      </symbol>
      <symbol id="sm-9dd">
         <name>fmaxf</name>
         <value>0x70097008</value>
         <object_component_ref idref="oc-3c0"/>
      </symbol>
      <symbol id="sm-9de">
         <name>fminf</name>
         <value>0x70096c8c</value>
         <object_component_ref idref="oc-3c1"/>
      </symbol>
      <symbol id="sm-9e3">
         <name>sqrtf</name>
         <value>0x40</value>
         <object_component_ref idref="oc-34b"/>
      </symbol>
      <symbol id="sm-9f3">
         <name>cosf</name>
         <value>0x428</value>
         <object_component_ref idref="oc-2ba"/>
      </symbol>
      <symbol id="sm-a00">
         <name>sinf</name>
         <value>0x128</value>
         <object_component_ref idref="oc-2b9"/>
      </symbol>
      <symbol id="sm-a05">
         <name>__aeabi_errno</name>
         <value>0x700adcdc</value>
         <object_component_ref idref="oc-403"/>
      </symbol>
      <symbol id="sm-a06">
         <name>__aeabi_errno_addr</name>
         <value>0x70085414</value>
         <object_component_ref idref="oc-3ba"/>
      </symbol>
      <symbol id="sm-a16">
         <name>__kernel_rem_pio2</name>
         <value>0x708</value>
         <object_component_ref idref="oc-348"/>
      </symbol>
      <symbol id="sm-a1e">
         <name>C$$EXIT</name>
         <value>0x700ad5d0</value>
         <object_component_ref idref="oc-a2"/>
      </symbol>
      <symbol id="sm-a1f">
         <name>__TI_cleanup_ptr</name>
         <value>0x700adc84</value>
         <object_component_ref idref="oc-114"/>
      </symbol>
      <symbol id="sm-a20">
         <name>__TI_dtors_ptr</name>
         <value>0x700adc88</value>
         <object_component_ref idref="oc-114"/>
      </symbol>
      <symbol id="sm-a21">
         <name>abort</name>
         <value>0x700ad5d0</value>
         <object_component_ref idref="oc-a2"/>
      </symbol>
      <symbol id="sm-a22">
         <name>exit</name>
         <value>0x70098fd8</value>
         <object_component_ref idref="oc-a3"/>
      </symbol>
      <symbol id="sm-a26">
         <name>_lock</name>
         <value>0x700adce0</value>
         <object_component_ref idref="oc-113"/>
      </symbol>
      <symbol id="sm-a27">
         <name>_nop</name>
         <value>0x70089ffc</value>
         <object_component_ref idref="oc-1b3"/>
      </symbol>
      <symbol id="sm-a28">
         <name>_unlock</name>
         <value>0x700adce4</value>
         <object_component_ref idref="oc-115"/>
      </symbol>
      <symbol id="sm-a2d">
         <name>atof</name>
         <value>0x70089608</value>
         <object_component_ref idref="oc-354"/>
      </symbol>
      <symbol id="sm-a2f">
         <name>__TI_ft_end</name>
         <value>0x1088</value>
         <object_component_ref idref="oc-43d"/>
      </symbol>
      <symbol id="sm-a30">
         <name>__TI_tmpnams</name>
         <value>0x7009ffe0</value>
      </symbol>
      <symbol id="sm-a31">
         <name>_ftable</name>
         <value>0xf98</value>
         <object_component_ref idref="oc-3f9"/>
      </symbol>
      <symbol id="sm-a4b">
         <name>_sys_memory</name>
         <value>0x700a02a8</value>
         <object_component_ref idref="oc-4e"/>
      </symbol>
      <symbol id="sm-a4c">
         <name>aligned_alloc</name>
         <value>0x7008ec70</value>
         <object_component_ref idref="oc-43b"/>
      </symbol>
      <symbol id="sm-a4d">
         <name>free</name>
         <value>0x7008e3c4</value>
         <object_component_ref idref="oc-434"/>
      </symbol>
      <symbol id="sm-a4e">
         <name>malloc</name>
         <value>0x70088b34</value>
         <object_component_ref idref="oc-435"/>
      </symbol>
      <symbol id="sm-a4f">
         <name>memalign</name>
         <value>0x7008ec70</value>
         <object_component_ref idref="oc-43b"/>
      </symbol>
      <symbol id="sm-a53">
         <name>strcmp</name>
         <value>0x7009c0e4</value>
         <object_component_ref idref="oc-2e4"/>
      </symbol>
      <symbol id="sm-a57">
         <name>strcpy</name>
         <value>0x7009c42c</value>
         <object_component_ref idref="oc-365"/>
      </symbol>
      <symbol id="sm-a5b">
         <name>strlen</name>
         <value>0x7009c464</value>
         <object_component_ref idref="oc-2cd"/>
      </symbol>
      <symbol id="sm-a64">
         <name>strtod</name>
         <value>0x70089b38</value>
         <object_component_ref idref="oc-3bf"/>
      </symbol>
      <symbol id="sm-a65">
         <name>strtold</name>
         <value>0x70089b38</value>
         <object_component_ref idref="oc-3bf"/>
      </symbol>
      <symbol id="sm-a6c">
         <name>strtok</name>
         <value>0x700975e8</value>
         <object_component_ref idref="oc-2e3"/>
      </symbol>
      <symbol id="sm-a71">
         <name>__TI_auto_init_nobinit_nopinit</name>
         <value>0x7009865c</value>
         <object_component_ref idref="oc-87"/>
      </symbol>
      <symbol id="sm-aa1">
         <name>__TI_printfi</name>
         <value>0x70087230</value>
         <object_component_ref idref="oc-40a"/>
      </symbol>
      <symbol id="sm-aa5">
         <name>__TI_doflush</name>
         <value>0x70096a90</value>
         <object_component_ref idref="oc-419"/>
      </symbol>
      <symbol id="sm-aaa">
         <name>__TI_cleanup</name>
         <value>0x70098f84</value>
         <object_component_ref idref="oc-436"/>
      </symbol>
      <symbol id="sm-ab2">
         <name>fseek</name>
         <value>0x7008a498</value>
         <object_component_ref idref="oc-428"/>
      </symbol>
      <symbol id="sm-ab3">
         <name>fseeko</name>
         <value>0x700941bc</value>
         <object_component_ref idref="oc-433"/>
      </symbol>
      <symbol id="sm-ab8">
         <name>floor</name>
         <value>0x70090058</value>
         <object_component_ref idref="oc-3b6"/>
      </symbol>
      <symbol id="sm-ab9">
         <name>floorl</name>
         <value>0x70090058</value>
         <object_component_ref idref="oc-3b6"/>
      </symbol>
      <symbol id="sm-ac1">
         <name>frexp</name>
         <value>0x70096d08</value>
         <object_component_ref idref="oc-42b"/>
      </symbol>
      <symbol id="sm-ac2">
         <name>frexpl</name>
         <value>0x70096d08</value>
         <object_component_ref idref="oc-42b"/>
      </symbol>
      <symbol id="sm-ac7">
         <name>ldexp</name>
         <value>0x70090970</value>
         <object_component_ref idref="oc-3b5"/>
      </symbol>
      <symbol id="sm-ac8">
         <name>ldexpl</name>
         <value>0x70090970</value>
         <object_component_ref idref="oc-3b5"/>
      </symbol>
      <symbol id="sm-ac9">
         <name>scalbn</name>
         <value>0x70090970</value>
         <object_component_ref idref="oc-3b5"/>
      </symbol>
      <symbol id="sm-aca">
         <name>scalbnl</name>
         <value>0x70090970</value>
         <object_component_ref idref="oc-3b5"/>
      </symbol>
      <symbol id="sm-ad1">
         <name>wcslen</name>
         <value>0x7009c370</value>
         <object_component_ref idref="oc-420"/>
      </symbol>
      <symbol id="sm-ad2">
         <name>__aeabi_ctype_table_</name>
         <value>0x7009e170</value>
         <object_component_ref idref="oc-405"/>
      </symbol>
      <symbol id="sm-ad3">
         <name>__aeabi_ctype_table_C</name>
         <value>0x7009e170</value>
         <object_component_ref idref="oc-405"/>
      </symbol>
      <symbol id="sm-ad7">
         <name>__TI_ltoa</name>
         <value>0x70095fc8</value>
         <object_component_ref idref="oc-42c"/>
      </symbol>
      <symbol id="sm-adc">
         <name>atoi</name>
         <value>0x70097b4c</value>
         <object_component_ref idref="oc-41f"/>
      </symbol>
      <symbol id="sm-ae0">
         <name>memccpy</name>
         <value>0x70099de8</value>
         <object_component_ref idref="oc-41d"/>
      </symbol>
      <symbol id="sm-ae4">
         <name>strcspn</name>
         <value>0x70099e78</value>
         <object_component_ref idref="oc-369"/>
      </symbol>
      <symbol id="sm-ae8">
         <name>strspn</name>
         <value>0x7009a304</value>
         <object_component_ref idref="oc-368"/>
      </symbol>
      <symbol id="sm-aed">
         <name>__TI_closefile</name>
         <value>0x70093e44</value>
         <object_component_ref idref="oc-43c"/>
      </symbol>
      <symbol id="sm-af2">
         <name>write</name>
         <value>0x7009b7d8</value>
         <object_component_ref idref="oc-418"/>
      </symbol>
      <symbol id="sm-af4">
         <name>_device</name>
         <value>0x700ad818</value>
         <object_component_ref idref="oc-437"/>
      </symbol>
      <symbol id="sm-af5">
         <name>_stream</name>
         <value>0x700ada2c</value>
         <object_component_ref idref="oc-42a"/>
      </symbol>
      <symbol id="sm-af9">
         <name>remove</name>
         <value>0x7008a49c</value>
         <object_component_ref idref="oc-449"/>
      </symbol>
      <symbol id="sm-aff">
         <name>lseek</name>
         <value>0x7009b7a4</value>
         <object_component_ref idref="oc-438"/>
      </symbol>
      <symbol id="sm-b04">
         <name>close</name>
         <value>0x70096774</value>
         <object_component_ref idref="oc-448"/>
      </symbol>
      <symbol id="sm-b09">
         <name>unlink</name>
         <value>0x70099f08</value>
         <object_component_ref idref="oc-450"/>
      </symbol>
      <symbol id="sm-b0e">
         <name>HOSTclose</name>
         <value>0x70098240</value>
         <object_component_ref idref="oc-43f"/>
      </symbol>
      <symbol id="sm-b13">
         <name>HOSTlseek</name>
         <value>0x70094e6c</value>
         <object_component_ref idref="oc-442"/>
      </symbol>
      <symbol id="sm-b18">
         <name>HOSTopen</name>
         <value>0x700952b4</value>
         <object_component_ref idref="oc-43e"/>
      </symbol>
      <symbol id="sm-b19">
         <name>parmbuf</name>
         <value>0x700a0260</value>
      </symbol>
      <symbol id="sm-b1e">
         <name>HOSTread</name>
         <value>0x700964c4</value>
         <object_component_ref idref="oc-440"/>
      </symbol>
      <symbol id="sm-b29">
         <name>HOSTrename</name>
         <value>0x70094d30</value>
         <object_component_ref idref="oc-444"/>
      </symbol>
      <symbol id="sm-b2e">
         <name>HOSTunlink</name>
         <value>0x70097a6c</value>
         <object_component_ref idref="oc-443"/>
      </symbol>
      <symbol id="sm-b33">
         <name>HOSTwrite</name>
         <value>0x70096548</value>
         <object_component_ref idref="oc-441"/>
      </symbol>
      <symbol id="sm-b3b">
         <name>C$$IO$$</name>
         <value>0x700989fc</value>
         <object_component_ref idref="oc-44b"/>
      </symbol>
      <symbol id="sm-b3c">
         <name>__CIOBUF_</name>
         <value>0x7009fec0</value>
         <object_component_ref idref="oc-451"/>
      </symbol>
      <symbol id="sm-b3d">
         <name>__TI_readmsg</name>
         <value>0x70098958</value>
         <object_component_ref idref="oc-44c"/>
      </symbol>
      <symbol id="sm-b3e">
         <name>__TI_writemsg</name>
         <value>0x700989b0</value>
         <object_component_ref idref="oc-44b"/>
      </symbol>
      <symbol id="sm-b40">
         <name>__aeabi_idiv</name>
         <value>0x7009bca8</value>
         <object_component_ref idref="oc-3b4"/>
      </symbol>
      <symbol id="sm-b41">
         <name>__divsi3</name>
         <value>0x7009bca8</value>
         <object_component_ref idref="oc-3b4"/>
      </symbol>
      <symbol id="sm-b46">
         <name>__aeabi_uidiv</name>
         <value>0x7008e028</value>
         <object_component_ref idref="oc-402"/>
      </symbol>
      <symbol id="sm-b47">
         <name>__udivsi3</name>
         <value>0x7008e028</value>
         <object_component_ref idref="oc-402"/>
      </symbol>
      <symbol id="sm-b4d">
         <name>__aeabi_idiv0</name>
         <value>0x7009ca90</value>
         <object_component_ref idref="oc-41b"/>
      </symbol>
      <symbol id="sm-b4e">
         <name>__aeabi_ldiv0</name>
         <value>0x7009caa0</value>
         <object_component_ref idref="oc-379"/>
      </symbol>
      <symbol id="sm-b50">
         <name>__aeabi_memcpy</name>
         <value>0x7008a918</value>
         <object_component_ref idref="oc-11c"/>
      </symbol>
      <symbol id="sm-b51">
         <name>__aeabi_memcpy4</name>
         <value>0x7008a918</value>
         <object_component_ref idref="oc-11c"/>
      </symbol>
      <symbol id="sm-b52">
         <name>__aeabi_memcpy8</name>
         <value>0x7008a918</value>
         <object_component_ref idref="oc-11c"/>
      </symbol>
      <symbol id="sm-b54">
         <name>__aeabi_memclr</name>
         <value>0x7009c4c8</value>
         <object_component_ref idref="oc-84"/>
      </symbol>
      <symbol id="sm-b55">
         <name>__aeabi_memclr4</name>
         <value>0x7009c4c8</value>
         <object_component_ref idref="oc-84"/>
      </symbol>
      <symbol id="sm-b56">
         <name>__aeabi_memclr8</name>
         <value>0x7009c4c8</value>
         <object_component_ref idref="oc-84"/>
      </symbol>
      <symbol id="sm-b57">
         <name>__aeabi_memset</name>
         <value>0x7009c4b8</value>
         <object_component_ref idref="oc-84"/>
      </symbol>
      <symbol id="sm-b58">
         <name>__aeabi_memset4</name>
         <value>0x7009c4b8</value>
         <object_component_ref idref="oc-84"/>
      </symbol>
      <symbol id="sm-b59">
         <name>__aeabi_memset8</name>
         <value>0x7009c4b8</value>
         <object_component_ref idref="oc-84"/>
      </symbol>
      <symbol id="sm-b5b">
         <name>__aeabi_uldivmod</name>
         <value>0x7009c108</value>
         <object_component_ref idref="oc-1cf"/>
      </symbol>
      <symbol id="sm-b5d">
         <name>__udivmoddi4</name>
         <value>0x70091778</value>
         <object_component_ref idref="oc-2fa"/>
      </symbol>
      <symbol id="sm-b65">
         <name>finddevice</name>
         <value>0x70097bb8</value>
         <object_component_ref idref="oc-453"/>
      </symbol>
      <symbol id="sm-b66">
         <name>getdevice</name>
         <value>0x7009311c</value>
         <object_component_ref idref="oc-452"/>
      </symbol>
      <symbol id="sm-b69">
         <name>TI_memcpy_small</name>
         <value>0x7009c49c</value>
         <object_component_ref idref="oc-2ea"/>
      </symbol>
      <symbol id="sm-b6c">
         <name>TI_memset_small</name>
         <value>0x7009c5f8</value>
         <object_component_ref idref="oc-11a"/>
      </symbol>
      <symbol id="sm-b74">
         <name>CSL_armR5GetCpuID</name>
         <value>0x7009be01</value>
         <object_component_ref idref="oc-3ab"/>
      </symbol>
      <symbol id="sm-b7c">
         <name>TaskP_yield</name>
         <value>0x7009cab1</value>
         <object_component_ref idref="oc-3c9"/>
      </symbol>
      <symbol id="sm-b82">
         <name>CSL_armR5ReadMpidrReg</name>
         <value>0x700890b4</value>
         <object_component_ref idref="oc-3fb"/>
      </symbol>
      <symbol id="sm-b83">
         <name>_system_post_cinit</name>
         <value>0x0</value>
      </symbol>
      <symbol id="sm-b84">
         <name>__TI_Handler_Table_Limit</name>
         <value>0x0</value>
      </symbol>
      <symbol id="sm-b85">
         <name>__TI_Handler_Table_Base</name>
         <value>0x0</value>
      </symbol>
      <symbol id="sm-b86">
         <name>__TI_CINIT_Base</name>
         <value>0x0</value>
      </symbol>
      <symbol id="sm-b87">
         <name>__TI_CINIT_Limit</name>
         <value>0x0</value>
      </symbol>
   </symbol_table>
   <title>Link successful</title>
</link_info>
