<?xml version="1.0" encoding="ISO-8859-1" ?>
<link_info>
   <banner>TI ARM Clang Linker PC v1.3.1.LTS</banner>
   <copyright>Copyright (c) 1996-2018 Texas Instruments Incorporated</copyright>
   <link_time>0x645cc959</link_time>
   <link_errors>0x0</link_errors>
   <output_file>TractionDemo_am263x-cc_r5fss0-0_nortos_ti-arm-clang.out</output_file>
   <entry_point>
      <name>_vectors</name>
      <address>0x0</address>
   </entry_point>
   <input_file_list>
      <input_file id="fl-1">
         <path>.\</path>
         <kind>object</kind>
         <file>Encoder.o</file>
         <name>Encoder.o</name>
      </input_file>
      <input_file id="fl-2">
         <path>.\</path>
         <kind>object</kind>
         <file>Serial_CLI.o</file>
         <name>Serial_CLI.o</name>
      </input_file>
      <input_file id="fl-3">
         <path>.\</path>
         <kind>object</kind>
         <file>Serial_Cmd_HAL.o</file>
         <name>Serial_Cmd_HAL.o</name>
      </input_file>
      <input_file id="fl-4">
         <path>.\</path>
         <kind>object</kind>
         <file>Serial_Cmd_Monitor.o</file>
         <name>Serial_Cmd_Monitor.o</name>
      </input_file>
      <input_file id="fl-5">
         <path>.\</path>
         <kind>object</kind>
         <file>cli.o</file>
         <name>cli.o</name>
      </input_file>
      <input_file id="fl-6">
         <path>.\</path>
         <kind>object</kind>
         <file>main.o</file>
         <name>main.o</name>
      </input_file>
      <input_file id="fl-7">
         <path>.\syscfg\</path>
         <kind>object</kind>
         <file>ti_dpl_config.o</file>
         <name>ti_dpl_config.o</name>
      </input_file>
      <input_file id="fl-8">
         <path>.\syscfg\</path>
         <kind>object</kind>
         <file>ti_drivers_config.o</file>
         <name>ti_drivers_config.o</name>
      </input_file>
      <input_file id="fl-9">
         <path>.\syscfg\</path>
         <kind>object</kind>
         <file>ti_drivers_open_close.o</file>
         <name>ti_drivers_open_close.o</name>
      </input_file>
      <input_file id="fl-a">
         <path>.\syscfg\</path>
         <kind>object</kind>
         <file>ti_pinmux_config.o</file>
         <name>ti_pinmux_config.o</name>
      </input_file>
      <input_file id="fl-b">
         <path>.\syscfg\</path>
         <kind>object</kind>
         <file>ti_power_clock_config.o</file>
         <name>ti_power_clock_config.o</name>
      </input_file>
      <input_file id="fl-c">
         <path>.\syscfg\</path>
         <kind>object</kind>
         <file>ti_board_config.o</file>
         <name>ti_board_config.o</name>
      </input_file>
      <input_file id="fl-d">
         <path>.\syscfg\</path>
         <kind>object</kind>
         <file>ti_board_open_close.o</file>
         <name>ti_board_open_close.o</name>
      </input_file>
      <input_file id="fl-e">
         <path>.\syscfg\</path>
         <kind>object</kind>
         <file>ti_enet_config.o</file>
         <name>ti_enet_config.o</name>
      </input_file>
      <input_file id="fl-f">
         <path>.\syscfg\</path>
         <kind>object</kind>
         <file>ti_enet_open_close.o</file>
         <name>ti_enet_open_close.o</name>
      </input_file>
      <input_file id="fl-10">
         <path>.\</path>
         <kind>object</kind>
         <file>trinv_main.o</file>
         <name>trinv_main.o</name>
      </input_file>
      <input_file id="fl-11">
         <path>.\Motor\</path>
         <kind>object</kind>
         <file>FOC_loop.o</file>
         <name>FOC_loop.o</name>
      </input_file>
      <input_file id="fl-12">
         <path>.\Motor\</path>
         <kind>object</kind>
         <file>RDC_HAL.o</file>
         <name>RDC_HAL.o</name>
      </input_file>
      <input_file id="fl-13">
         <path>.\libraries\filter\source\</path>
         <kind>object</kind>
         <file>filter.o</file>
         <name>filter.o</name>
      </input_file>
      <input_file id="fl-14">
         <path>.\libraries\foc\source\</path>
         <kind>object</kind>
         <file>foc.o</file>
         <name>foc.o</name>
      </input_file>
      <input_file id="fl-15">
         <path>.\libraries\temp_sensor\source\</path>
         <kind>object</kind>
         <file>temp_sensor.o</file>
         <name>temp_sensor.o</name>
      </input_file>
      <input_file id="fl-16">
         <path>.\libraries\ucc5870\source\</path>
         <kind>object</kind>
         <file>ucc5870.o</file>
         <name>ucc5870.o</name>
      </input_file>
      <input_file id="fl-23">
         <kind>object</kind>
         <file>&lt;internal&gt;</file>
         <name>&lt;internal&gt;</name>
      </input_file>
      <input_file id="fl-24">
         <path>C:\ti\mcu_plus_sdk_am263x_08_03_01_05\source\kernel\nortos\lib\</path>
         <kind>archive</kind>
         <file>nortos.am263x.r5f.ti-arm-clang.debug.lib</file>
         <name>AddrTranslateP_null.obj</name>
      </input_file>
      <input_file id="fl-25">
         <path>C:\ti\mcu_plus_sdk_am263x_08_03_01_05\source\kernel\nortos\lib\</path>
         <kind>archive</kind>
         <file>nortos.am263x.r5f.ti-arm-clang.debug.lib</file>
         <name>DebugP_log.obj</name>
      </input_file>
      <input_file id="fl-26">
         <path>C:\ti\mcu_plus_sdk_am263x_08_03_01_05\source\kernel\nortos\lib\</path>
         <kind>archive</kind>
         <file>nortos.am263x.r5f.ti-arm-clang.debug.lib</file>
         <name>DebugP_nortos.obj</name>
      </input_file>
      <input_file id="fl-27">
         <path>C:\ti\mcu_plus_sdk_am263x_08_03_01_05\source\kernel\nortos\lib\</path>
         <kind>archive</kind>
         <file>nortos.am263x.r5f.ti-arm-clang.debug.lib</file>
         <name>ClockP_nortos.obj</name>
      </input_file>
      <input_file id="fl-28">
         <path>C:\ti\mcu_plus_sdk_am263x_08_03_01_05\source\kernel\nortos\lib\</path>
         <kind>archive</kind>
         <file>nortos.am263x.r5f.ti-arm-clang.debug.lib</file>
         <name>ClockP_nortos_r5.obj</name>
      </input_file>
      <input_file id="fl-29">
         <path>C:\ti\mcu_plus_sdk_am263x_08_03_01_05\source\kernel\nortos\lib\</path>
         <kind>archive</kind>
         <file>nortos.am263x.r5f.ti-arm-clang.debug.lib</file>
         <name>TimerP_rti.obj</name>
      </input_file>
      <input_file id="fl-2a">
         <path>C:\ti\mcu_plus_sdk_am263x_08_03_01_05\source\kernel\nortos\lib\</path>
         <kind>archive</kind>
         <file>nortos.am263x.r5f.ti-arm-clang.debug.lib</file>
         <name>HwiP_armv7r_vim.obj</name>
      </input_file>
      <input_file id="fl-2b">
         <path>C:\ti\mcu_plus_sdk_am263x_08_03_01_05\source\kernel\nortos\lib\</path>
         <kind>archive</kind>
         <file>nortos.am263x.r5f.ti-arm-clang.debug.lib</file>
         <name>HwiP_armv7r_handlers_nortos.obj</name>
      </input_file>
      <input_file id="fl-2c">
         <path>C:\ti\mcu_plus_sdk_am263x_08_03_01_05\source\kernel\nortos\lib\</path>
         <kind>archive</kind>
         <file>nortos.am263x.r5f.ti-arm-clang.debug.lib</file>
         <name>MpuP_armv7r.obj</name>
      </input_file>
      <input_file id="fl-2d">
         <path>C:\ti\mcu_plus_sdk_am263x_08_03_01_05\source\kernel\nortos\lib\</path>
         <kind>archive</kind>
         <file>nortos.am263x.r5f.ti-arm-clang.debug.lib</file>
         <name>CacheP_armv7r.obj</name>
      </input_file>
      <input_file id="fl-2e">
         <path>C:\ti\mcu_plus_sdk_am263x_08_03_01_05\source\kernel\nortos\lib\</path>
         <kind>archive</kind>
         <file>nortos.am263x.r5f.ti-arm-clang.debug.lib</file>
         <name>printf.obj</name>
      </input_file>
      <input_file id="fl-2f">
         <path>C:\ti\mcu_plus_sdk_am263x_08_03_01_05\source\kernel\nortos\lib\</path>
         <kind>archive</kind>
         <file>nortos.am263x.r5f.ti-arm-clang.debug.lib</file>
         <name>HwiP_armv7r_handlers_nortos_asm.obj</name>
      </input_file>
      <input_file id="fl-30">
         <path>C:\ti\mcu_plus_sdk_am263x_08_03_01_05\source\kernel\nortos\lib\</path>
         <kind>archive</kind>
         <file>nortos.am263x.r5f.ti-arm-clang.debug.lib</file>
         <name>HwiP_armv7r_vectors_nortos_asm.obj</name>
      </input_file>
      <input_file id="fl-31">
         <path>C:\ti\mcu_plus_sdk_am263x_08_03_01_05\source\kernel\nortos\lib\</path>
         <kind>archive</kind>
         <file>nortos.am263x.r5f.ti-arm-clang.debug.lib</file>
         <name>boot_armv7r_asm.obj</name>
      </input_file>
      <input_file id="fl-32">
         <path>C:\ti\mcu_plus_sdk_am263x_08_03_01_05\source\kernel\nortos\lib\</path>
         <kind>archive</kind>
         <file>nortos.am263x.r5f.ti-arm-clang.debug.lib</file>
         <name>HwiP_armv7r_asm.obj</name>
      </input_file>
      <input_file id="fl-33">
         <path>C:\ti\mcu_plus_sdk_am263x_08_03_01_05\source\kernel\nortos\lib\</path>
         <kind>archive</kind>
         <file>nortos.am263x.r5f.ti-arm-clang.debug.lib</file>
         <name>MpuP_armv7r_asm.obj</name>
      </input_file>
      <input_file id="fl-34">
         <path>C:\ti\mcu_plus_sdk_am263x_08_03_01_05\source\kernel\nortos\lib\</path>
         <kind>archive</kind>
         <file>nortos.am263x.r5f.ti-arm-clang.debug.lib</file>
         <name>CacheP_armv7r_asm.obj</name>
      </input_file>
      <input_file id="fl-35">
         <path>C:\ti\mcu_plus_sdk_am263x_08_03_01_05\source\kernel\nortos\lib\</path>
         <kind>archive</kind>
         <file>nortos.am263x.r5f.ti-arm-clang.debug.lib</file>
         <name>boot_armv7r.obj</name>
      </input_file>
      <input_file id="fl-36">
         <path>C:\ti\mcu_plus_sdk_am263x_08_03_01_05\source\kernel\nortos\lib\</path>
         <kind>archive</kind>
         <file>nortos.am263x.r5f.ti-arm-clang.debug.lib</file>
         <name>SemaphoreP_nortos.obj</name>
      </input_file>
      <input_file id="fl-37">
         <path>C:\ti\mcu_plus_sdk_am263x_08_03_01_05\source\drivers\lib\</path>
         <kind>archive</kind>
         <file>drivers.am263x.r5f.ti-arm-clang.debug.lib</file>
         <name>adc.obj</name>
      </input_file>
      <input_file id="fl-38">
         <path>C:\ti\mcu_plus_sdk_am263x_08_03_01_05\source\drivers\lib\</path>
         <kind>archive</kind>
         <file>drivers.am263x.r5f.ti-arm-clang.debug.lib</file>
         <name>edma.obj</name>
      </input_file>
      <input_file id="fl-39">
         <path>C:\ti\mcu_plus_sdk_am263x_08_03_01_05\source\drivers\lib\</path>
         <kind>archive</kind>
         <file>drivers.am263x.r5f.ti-arm-clang.debug.lib</file>
         <name>eqep.obj</name>
      </input_file>
      <input_file id="fl-3a">
         <path>C:\ti\mcu_plus_sdk_am263x_08_03_01_05\source\drivers\lib\</path>
         <kind>archive</kind>
         <file>drivers.am263x.r5f.ti-arm-clang.debug.lib</file>
         <name>etpwm.obj</name>
      </input_file>
      <input_file id="fl-3b">
         <path>C:\ti\mcu_plus_sdk_am263x_08_03_01_05\source\drivers\lib\</path>
         <kind>archive</kind>
         <file>drivers.am263x.r5f.ti-arm-clang.debug.lib</file>
         <name>gpio.obj</name>
      </input_file>
      <input_file id="fl-3c">
         <path>C:\ti\mcu_plus_sdk_am263x_08_03_01_05\source\drivers\lib\</path>
         <kind>archive</kind>
         <file>drivers.am263x.r5f.ti-arm-clang.debug.lib</file>
         <name>mcspi_v0.obj</name>
      </input_file>
      <input_file id="fl-3d">
         <path>C:\ti\mcu_plus_sdk_am263x_08_03_01_05\source\drivers\lib\</path>
         <kind>archive</kind>
         <file>drivers.am263x.r5f.ti-arm-clang.debug.lib</file>
         <name>mcspi_dma.obj</name>
      </input_file>
      <input_file id="fl-3e">
         <path>C:\ti\mcu_plus_sdk_am263x_08_03_01_05\source\drivers\lib\</path>
         <kind>archive</kind>
         <file>drivers.am263x.r5f.ti-arm-clang.debug.lib</file>
         <name>pinmux.obj</name>
      </input_file>
      <input_file id="fl-3f">
         <path>C:\ti\mcu_plus_sdk_am263x_08_03_01_05\source\drivers\lib\</path>
         <kind>archive</kind>
         <file>drivers.am263x.r5f.ti-arm-clang.debug.lib</file>
         <name>soc.obj</name>
      </input_file>
      <input_file id="fl-40">
         <path>C:\ti\mcu_plus_sdk_am263x_08_03_01_05\source\drivers\lib\</path>
         <kind>archive</kind>
         <file>drivers.am263x.r5f.ti-arm-clang.debug.lib</file>
         <name>soc_rcm.obj</name>
      </input_file>
      <input_file id="fl-41">
         <path>C:\ti\mcu_plus_sdk_am263x_08_03_01_05\source\drivers\lib\</path>
         <kind>archive</kind>
         <file>drivers.am263x.r5f.ti-arm-clang.debug.lib</file>
         <name>uart_v0.obj</name>
      </input_file>
      <input_file id="fl-42">
         <path>C:\ti\mcu_plus_sdk_am263x_08_03_01_05\source\drivers\lib\</path>
         <kind>archive</kind>
         <file>drivers.am263x.r5f.ti-arm-clang.debug.lib</file>
         <name>uart_dma.obj</name>
      </input_file>
      <input_file id="fl-4e">
         <path>C:\ti\ti_cgt_tiarmclang_1.3.1.LTS\lib\armv7r-ti-none-eabihf\c\</path>
         <kind>archive</kind>
         <file>libc.a</file>
         <name>sprintf.c.obj</name>
      </input_file>
      <input_file id="fl-4f">
         <path>C:\ti\ti_cgt_tiarmclang_1.3.1.LTS\lib\armv7r-ti-none-eabihf\c\</path>
         <kind>archive</kind>
         <file>libc.a</file>
         <name>fputc.c.obj</name>
      </input_file>
      <input_file id="fl-50">
         <path>C:\ti\ti_cgt_tiarmclang_1.3.1.LTS\lib\armv7r-ti-none-eabihf\c\</path>
         <kind>archive</kind>
         <file>libc.a</file>
         <name>_io_perm.c.obj</name>
      </input_file>
      <input_file id="fl-51">
         <path>C:\ti\ti_cgt_tiarmclang_1.3.1.LTS\lib\armv7r-ti-none-eabihf\c\</path>
         <kind>archive</kind>
         <file>libc.a</file>
         <name>setvbuf.c.obj</name>
      </input_file>
      <input_file id="fl-52">
         <path>C:\ti\ti_cgt_tiarmclang_1.3.1.LTS\lib\armv7r-ti-none-eabihf\c\</path>
         <kind>archive</kind>
         <file>libc.a</file>
         <name>ti_fmax.c.obj</name>
      </input_file>
      <input_file id="fl-53">
         <path>C:\ti\ti_cgt_tiarmclang_1.3.1.LTS\lib\armv7r-ti-none-eabihf\c\</path>
         <kind>archive</kind>
         <file>libc.a</file>
         <name>e_sqrtf.c.obj</name>
      </input_file>
      <input_file id="fl-54">
         <path>C:\ti\ti_cgt_tiarmclang_1.3.1.LTS\lib\armv7r-ti-none-eabihf\c\</path>
         <kind>archive</kind>
         <file>libc.a</file>
         <name>s_cosf.c.obj</name>
      </input_file>
      <input_file id="fl-55">
         <path>C:\ti\ti_cgt_tiarmclang_1.3.1.LTS\lib\armv7r-ti-none-eabihf\c\</path>
         <kind>archive</kind>
         <file>libc.a</file>
         <name>s_sinf.c.obj</name>
      </input_file>
      <input_file id="fl-56">
         <path>C:\ti\ti_cgt_tiarmclang_1.3.1.LTS\lib\armv7r-ti-none-eabihf\c\</path>
         <kind>archive</kind>
         <file>libc.a</file>
         <name>aeabi_portable.c.obj</name>
      </input_file>
      <input_file id="fl-57">
         <path>C:\ti\ti_cgt_tiarmclang_1.3.1.LTS\lib\armv7r-ti-none-eabihf\c\</path>
         <kind>archive</kind>
         <file>libc.a</file>
         <name>k_rem_pio2.c.obj</name>
      </input_file>
      <input_file id="fl-58">
         <path>C:\ti\ti_cgt_tiarmclang_1.3.1.LTS\lib\armv7r-ti-none-eabihf\c\</path>
         <kind>archive</kind>
         <file>libc.a</file>
         <name>exit.c.obj</name>
      </input_file>
      <input_file id="fl-59">
         <path>C:\ti\ti_cgt_tiarmclang_1.3.1.LTS\lib\armv7r-ti-none-eabihf\c\</path>
         <kind>archive</kind>
         <file>libc.a</file>
         <name>_lock.c.obj</name>
      </input_file>
      <input_file id="fl-5a">
         <path>C:\ti\ti_cgt_tiarmclang_1.3.1.LTS\lib\armv7r-ti-none-eabihf\c\</path>
         <kind>archive</kind>
         <file>libc.a</file>
         <name>assert.c.obj</name>
      </input_file>
      <input_file id="fl-5b">
         <path>C:\ti\ti_cgt_tiarmclang_1.3.1.LTS\lib\armv7r-ti-none-eabihf\c\</path>
         <kind>archive</kind>
         <file>libc.a</file>
         <name>atof.c.obj</name>
      </input_file>
      <input_file id="fl-5c">
         <path>C:\ti\ti_cgt_tiarmclang_1.3.1.LTS\lib\armv7r-ti-none-eabihf\c\</path>
         <kind>archive</kind>
         <file>libc.a</file>
         <name>defs.c.obj</name>
      </input_file>
      <input_file id="fl-5d">
         <path>C:\ti\ti_cgt_tiarmclang_1.3.1.LTS\lib\armv7r-ti-none-eabihf\c\</path>
         <kind>archive</kind>
         <file>libc.a</file>
         <name>memory.c.obj</name>
      </input_file>
      <input_file id="fl-5e">
         <path>C:\ti\ti_cgt_tiarmclang_1.3.1.LTS\lib\armv7r-ti-none-eabihf\c\</path>
         <kind>archive</kind>
         <file>libc.a</file>
         <name>strcmp.c.obj</name>
      </input_file>
      <input_file id="fl-5f">
         <path>C:\ti\ti_cgt_tiarmclang_1.3.1.LTS\lib\armv7r-ti-none-eabihf\c\</path>
         <kind>archive</kind>
         <file>libc.a</file>
         <name>strcpy.c.obj</name>
      </input_file>
      <input_file id="fl-60">
         <path>C:\ti\ti_cgt_tiarmclang_1.3.1.LTS\lib\armv7r-ti-none-eabihf\c\</path>
         <kind>archive</kind>
         <file>libc.a</file>
         <name>strlen.c.obj</name>
      </input_file>
      <input_file id="fl-61">
         <path>C:\ti\ti_cgt_tiarmclang_1.3.1.LTS\lib\armv7r-ti-none-eabihf\c\</path>
         <kind>archive</kind>
         <file>libc.a</file>
         <name>strtod.c.obj</name>
      </input_file>
      <input_file id="fl-62">
         <path>C:\ti\ti_cgt_tiarmclang_1.3.1.LTS\lib\armv7r-ti-none-eabihf\c\</path>
         <kind>archive</kind>
         <file>libc.a</file>
         <name>strtok.c.obj</name>
      </input_file>
      <input_file id="fl-63">
         <path>C:\ti\ti_cgt_tiarmclang_1.3.1.LTS\lib\armv7r-ti-none-eabihf\c\</path>
         <kind>archive</kind>
         <file>libc.a</file>
         <name>autoinit.c.obj</name>
      </input_file>
      <input_file id="fl-64">
         <path>C:\ti\ti_cgt_tiarmclang_1.3.1.LTS\lib\armv7r-ti-none-eabihf\c\</path>
         <kind>archive</kind>
         <file>libc.a</file>
         <name>cpy_tbl.c.obj</name>
      </input_file>
      <input_file id="fl-65">
         <path>C:\ti\ti_cgt_tiarmclang_1.3.1.LTS\lib\armv7r-ti-none-eabihf\c\</path>
         <kind>archive</kind>
         <file>libc.a</file>
         <name>_printfi.c.obj</name>
      </input_file>
      <input_file id="fl-66">
         <path>C:\ti\ti_cgt_tiarmclang_1.3.1.LTS\lib\armv7r-ti-none-eabihf\c\</path>
         <kind>archive</kind>
         <file>libc.a</file>
         <name>fflush.c.obj</name>
      </input_file>
      <input_file id="fl-67">
         <path>C:\ti\ti_cgt_tiarmclang_1.3.1.LTS\lib\armv7r-ti-none-eabihf\c\</path>
         <kind>archive</kind>
         <file>libc.a</file>
         <name>fopen.c.obj</name>
      </input_file>
      <input_file id="fl-68">
         <path>C:\ti\ti_cgt_tiarmclang_1.3.1.LTS\lib\armv7r-ti-none-eabihf\c\</path>
         <kind>archive</kind>
         <file>libc.a</file>
         <name>fputs.c.obj</name>
      </input_file>
      <input_file id="fl-69">
         <path>C:\ti\ti_cgt_tiarmclang_1.3.1.LTS\lib\armv7r-ti-none-eabihf\c\</path>
         <kind>archive</kind>
         <file>libc.a</file>
         <name>fseek.c.obj</name>
      </input_file>
      <input_file id="fl-6a">
         <path>C:\ti\ti_cgt_tiarmclang_1.3.1.LTS\lib\armv7r-ti-none-eabihf\c\</path>
         <kind>archive</kind>
         <file>libc.a</file>
         <name>s_floor.c.obj</name>
      </input_file>
      <input_file id="fl-6b">
         <path>C:\ti\ti_cgt_tiarmclang_1.3.1.LTS\lib\armv7r-ti-none-eabihf\c\</path>
         <kind>archive</kind>
         <file>libc.a</file>
         <name>s_frexp.c.obj</name>
      </input_file>
      <input_file id="fl-6c">
         <path>C:\ti\ti_cgt_tiarmclang_1.3.1.LTS\lib\armv7r-ti-none-eabihf\c\</path>
         <kind>archive</kind>
         <file>libc.a</file>
         <name>s_scalbn.c.obj</name>
      </input_file>
      <input_file id="fl-6d">
         <path>C:\ti\ti_cgt_tiarmclang_1.3.1.LTS\lib\armv7r-ti-none-eabihf\c\</path>
         <kind>archive</kind>
         <file>libc.a</file>
         <name>wcslen.c.obj</name>
      </input_file>
      <input_file id="fl-6e">
         <path>C:\ti\ti_cgt_tiarmclang_1.3.1.LTS\lib\armv7r-ti-none-eabihf\c\</path>
         <kind>archive</kind>
         <file>libc.a</file>
         <name>aeabi_ctype.S.obj</name>
      </input_file>
      <input_file id="fl-6f">
         <path>C:\ti\ti_cgt_tiarmclang_1.3.1.LTS\lib\armv7r-ti-none-eabihf\c\</path>
         <kind>archive</kind>
         <file>libc.a</file>
         <name>_ltoa.c.obj</name>
      </input_file>
      <input_file id="fl-70">
         <path>C:\ti\ti_cgt_tiarmclang_1.3.1.LTS\lib\armv7r-ti-none-eabihf\c\</path>
         <kind>archive</kind>
         <file>libc.a</file>
         <name>atoi.c.obj</name>
      </input_file>
      <input_file id="fl-71">
         <path>C:\ti\ti_cgt_tiarmclang_1.3.1.LTS\lib\armv7r-ti-none-eabihf\c\</path>
         <kind>archive</kind>
         <file>libc.a</file>
         <name>memccpy.c.obj</name>
      </input_file>
      <input_file id="fl-72">
         <path>C:\ti\ti_cgt_tiarmclang_1.3.1.LTS\lib\armv7r-ti-none-eabihf\c\</path>
         <kind>archive</kind>
         <file>libc.a</file>
         <name>strcspn.c.obj</name>
      </input_file>
      <input_file id="fl-73">
         <path>C:\ti\ti_cgt_tiarmclang_1.3.1.LTS\lib\armv7r-ti-none-eabihf\c\</path>
         <kind>archive</kind>
         <file>libc.a</file>
         <name>strspn.c.obj</name>
      </input_file>
      <input_file id="fl-74">
         <path>C:\ti\ti_cgt_tiarmclang_1.3.1.LTS\lib\armv7r-ti-none-eabihf\c\</path>
         <kind>archive</kind>
         <file>libc.a</file>
         <name>fclose.c.obj</name>
      </input_file>
      <input_file id="fl-ad">
         <path>C:\ti\ti_cgt_tiarmclang_1.3.1.LTS\lib\armv7r-ti-none-eabihf\c\</path>
         <kind>archive</kind>
         <file>libsysbm.a</file>
         <name>write.c.obj</name>
      </input_file>
      <input_file id="fl-ae">
         <path>C:\ti\ti_cgt_tiarmclang_1.3.1.LTS\lib\armv7r-ti-none-eabihf\c\</path>
         <kind>archive</kind>
         <file>libsysbm.a</file>
         <name>host_device.c.obj</name>
      </input_file>
      <input_file id="fl-af">
         <path>C:\ti\ti_cgt_tiarmclang_1.3.1.LTS\lib\armv7r-ti-none-eabihf\c\</path>
         <kind>archive</kind>
         <file>libsysbm.a</file>
         <name>remove.c.obj</name>
      </input_file>
      <input_file id="fl-b0">
         <path>C:\ti\ti_cgt_tiarmclang_1.3.1.LTS\lib\armv7r-ti-none-eabihf\c\</path>
         <kind>archive</kind>
         <file>libsysbm.a</file>
         <name>open.c.obj</name>
      </input_file>
      <input_file id="fl-b1">
         <path>C:\ti\ti_cgt_tiarmclang_1.3.1.LTS\lib\armv7r-ti-none-eabihf\c\</path>
         <kind>archive</kind>
         <file>libsysbm.a</file>
         <name>lseek.c.obj</name>
      </input_file>
      <input_file id="fl-b2">
         <path>C:\ti\ti_cgt_tiarmclang_1.3.1.LTS\lib\armv7r-ti-none-eabihf\c\</path>
         <kind>archive</kind>
         <file>libsysbm.a</file>
         <name>close.c.obj</name>
      </input_file>
      <input_file id="fl-b3">
         <path>C:\ti\ti_cgt_tiarmclang_1.3.1.LTS\lib\armv7r-ti-none-eabihf\c\</path>
         <kind>archive</kind>
         <file>libsysbm.a</file>
         <name>unlink.c.obj</name>
      </input_file>
      <input_file id="fl-b4">
         <path>C:\ti\ti_cgt_tiarmclang_1.3.1.LTS\lib\armv7r-ti-none-eabihf\c\</path>
         <kind>archive</kind>
         <file>libsysbm.a</file>
         <name>hostclose.c.obj</name>
      </input_file>
      <input_file id="fl-b5">
         <path>C:\ti\ti_cgt_tiarmclang_1.3.1.LTS\lib\armv7r-ti-none-eabihf\c\</path>
         <kind>archive</kind>
         <file>libsysbm.a</file>
         <name>hostlseek.c.obj</name>
      </input_file>
      <input_file id="fl-b6">
         <path>C:\ti\ti_cgt_tiarmclang_1.3.1.LTS\lib\armv7r-ti-none-eabihf\c\</path>
         <kind>archive</kind>
         <file>libsysbm.a</file>
         <name>hostopen.c.obj</name>
      </input_file>
      <input_file id="fl-b7">
         <path>C:\ti\ti_cgt_tiarmclang_1.3.1.LTS\lib\armv7r-ti-none-eabihf\c\</path>
         <kind>archive</kind>
         <file>libsysbm.a</file>
         <name>hostread.c.obj</name>
      </input_file>
      <input_file id="fl-b8">
         <path>C:\ti\ti_cgt_tiarmclang_1.3.1.LTS\lib\armv7r-ti-none-eabihf\c\</path>
         <kind>archive</kind>
         <file>libsysbm.a</file>
         <name>hostrename.c.obj</name>
      </input_file>
      <input_file id="fl-b9">
         <path>C:\ti\ti_cgt_tiarmclang_1.3.1.LTS\lib\armv7r-ti-none-eabihf\c\</path>
         <kind>archive</kind>
         <file>libsysbm.a</file>
         <name>hostunlink.c.obj</name>
      </input_file>
      <input_file id="fl-ba">
         <path>C:\ti\ti_cgt_tiarmclang_1.3.1.LTS\lib\armv7r-ti-none-eabihf\c\</path>
         <kind>archive</kind>
         <file>libsysbm.a</file>
         <name>hostwrite.c.obj</name>
      </input_file>
      <input_file id="fl-bb">
         <path>C:\ti\ti_cgt_tiarmclang_1.3.1.LTS\lib\armv7r-ti-none-eabihf\c\</path>
         <kind>archive</kind>
         <file>libsysbm.a</file>
         <name>trgmsg.c.obj</name>
      </input_file>
      <input_file id="fl-bc">
         <path>C:\ti\ti_cgt_tiarmclang_1.3.1.LTS\lib\clang\12.0.1\lib\armv7r-ti-none-eabihf\</path>
         <kind>archive</kind>
         <file>libclang_rt.builtins.a</file>
         <name>divsi3.S.obj</name>
      </input_file>
      <input_file id="fl-bd">
         <path>C:\ti\ti_cgt_tiarmclang_1.3.1.LTS\lib\clang\12.0.1\lib\armv7r-ti-none-eabihf\</path>
         <kind>archive</kind>
         <file>libclang_rt.builtins.a</file>
         <name>udivsi3.S.obj</name>
      </input_file>
      <input_file id="fl-be">
         <path>C:\ti\ti_cgt_tiarmclang_1.3.1.LTS\lib\clang\12.0.1\lib\armv7r-ti-none-eabihf\</path>
         <kind>archive</kind>
         <file>libclang_rt.builtins.a</file>
         <name>aeabi_div0.c.obj</name>
      </input_file>
      <input_file id="fl-bf">
         <path>C:\ti\ti_cgt_tiarmclang_1.3.1.LTS\lib\clang\12.0.1\lib\armv7r-ti-none-eabihf\</path>
         <kind>archive</kind>
         <file>libclang_rt.builtins.a</file>
         <name>aeabi_memcpy.S.obj</name>
      </input_file>
      <input_file id="fl-c0">
         <path>C:\ti\ti_cgt_tiarmclang_1.3.1.LTS\lib\clang\12.0.1\lib\armv7r-ti-none-eabihf\</path>
         <kind>archive</kind>
         <file>libclang_rt.builtins.a</file>
         <name>aeabi_memset.S.obj</name>
      </input_file>
      <input_file id="fl-c1">
         <path>C:\ti\ti_cgt_tiarmclang_1.3.1.LTS\lib\clang\12.0.1\lib\armv7r-ti-none-eabihf\</path>
         <kind>archive</kind>
         <file>libclang_rt.builtins.a</file>
         <name>aeabi_uldivmod.S.obj</name>
      </input_file>
      <input_file id="fl-c2">
         <path>C:\ti\ti_cgt_tiarmclang_1.3.1.LTS\lib\clang\12.0.1\lib\armv7r-ti-none-eabihf\</path>
         <kind>archive</kind>
         <file>libclang_rt.builtins.a</file>
         <name>udivmoddi4.S.obj</name>
      </input_file>
      <input_file id="fl-c3">
         <path>C:\ti\ti_cgt_tiarmclang_1.3.1.LTS\lib\armv7r-ti-none-eabihf\c\</path>
         <kind>archive</kind>
         <file>libc.a</file>
         <name>getdevice.c.obj</name>
      </input_file>
      <input_file id="fl-c4">
         <path>C:\ti\ti_cgt_tiarmclang_1.3.1.LTS\lib\armv7r-ti-none-eabihf\c\</path>
         <kind>archive</kind>
         <file>libsysbm.a</file>
         <name>memcpy32.S.obj</name>
      </input_file>
      <input_file id="fl-c5">
         <path>C:\ti\ti_cgt_tiarmclang_1.3.1.LTS\lib\armv7r-ti-none-eabihf\c\</path>
         <kind>archive</kind>
         <file>libsysbm.a</file>
         <name>memset32.S.obj</name>
      </input_file>
      <input_file id="fl-c6">
         <path>C:\ti\mcu_plus_sdk_am263x_08_03_01_05\source\kernel\nortos\lib\</path>
         <kind>archive</kind>
         <file>nortos.am263x.r5f.ti-arm-clang.debug.lib</file>
         <name>CpuId_armv7r.obj</name>
      </input_file>
      <input_file id="fl-c7">
         <path>C:\ti\mcu_plus_sdk_am263x_08_03_01_05\source\kernel\nortos\lib\</path>
         <kind>archive</kind>
         <file>nortos.am263x.r5f.ti-arm-clang.debug.lib</file>
         <name>TaskP_nortos.obj</name>
      </input_file>
      <input_file id="fl-c8">
         <path>C:\ti\mcu_plus_sdk_am263x_08_03_01_05\source\kernel\nortos\lib\</path>
         <kind>archive</kind>
         <file>nortos.am263x.r5f.ti-arm-clang.debug.lib</file>
         <name>CpuId_armv7r_asm.obj</name>
      </input_file>
   </input_file_list>
   <object_component_list>
      <object_component id="oc-38">
         <name>.vectors</name>
         <load_address>0x0</load_address>
         <run_address>0x0</run_address>
         <size>0x40</size>
         <input_file_ref idref="fl-30"/>
      </object_component>
      <object_component id="oc-6c">
         <name>.text.hwi</name>
         <load_address>0x700abc90</load_address>
         <run_address>0x700abc90</run_address>
         <size>0x5b8</size>
         <input_file_ref idref="fl-2a"/>
      </object_component>
      <object_component id="oc-53">
         <name>.text.hwi</name>
         <load_address>0x700ac250</load_address>
         <run_address>0x700ac250</run_address>
         <size>0x3d8</size>
         <input_file_ref idref="fl-2b"/>
      </object_component>
      <object_component id="oc-57">
         <name>.text.hwi</name>
         <load_address>0x700ac628</load_address>
         <run_address>0x700ac628</run_address>
         <size>0x78</size>
         <input_file_ref idref="fl-2f"/>
      </object_component>
      <object_component id="oc-72">
         <name>.text.hwi</name>
         <load_address>0x700ac6a0</load_address>
         <run_address>0x700ac6a0</run_address>
         <size>0x70</size>
         <input_file_ref idref="fl-32"/>
      </object_component>
      <object_component id="oc-ad">
         <name>.text.cache</name>
         <load_address>0x700ac710</load_address>
         <run_address>0x700ac710</run_address>
         <size>0x340</size>
         <input_file_ref idref="fl-34"/>
      </object_component>
      <object_component id="oc-7a">
         <name>.text.cache</name>
         <load_address>0x700aca50</load_address>
         <run_address>0x700aca50</run_address>
         <size>0x148</size>
         <input_file_ref idref="fl-2d"/>
      </object_component>
      <object_component id="oc-7e">
         <name>.text.mpu</name>
         <load_address>0x700acba0</load_address>
         <run_address>0x700acba0</run_address>
         <size>0x256</size>
         <input_file_ref idref="fl-2c"/>
      </object_component>
      <object_component id="oc-b6">
         <name>.text.mpu</name>
         <load_address>0x700acdf8</load_address>
         <run_address>0x700acdf8</run_address>
         <size>0x78</size>
         <input_file_ref idref="fl-33"/>
      </object_component>
      <object_component id="oc-4f">
         <name>.text.boot</name>
         <load_address>0x700ace70</load_address>
         <run_address>0x700ace70</run_address>
         <size>0xfc</size>
         <input_file_ref idref="fl-31"/>
      </object_component>
      <object_component id="oc-a4">
         <name>.text.boot</name>
         <load_address>0x700acf70</load_address>
         <run_address>0x700acf70</run_address>
         <size>0x24</size>
         <input_file_ref idref="fl-25"/>
      </object_component>
      <object_component id="oc-5c">
         <name>.text.boot</name>
         <load_address>0x700acfa0</load_address>
         <run_address>0x700acfa0</run_address>
         <size>0x10</size>
         <input_file_ref idref="fl-7"/>
      </object_component>
      <object_component id="oc-a2">
         <name>.text:abort</name>
         <load_address>0x700acfb0</load_address>
         <run_address>0x700acfb0</run_address>
         <size>0x8</size>
         <input_file_ref idref="fl-58"/>
      </object_component>
      <object_component id="oc-14d">
         <name>.text.Drivers_epwmOpen</name>
         <load_address>0x70080000</load_address>
         <run_address>0x70080000</run_address>
         <size>0x5414</size>
         <input_file_ref idref="fl-9"/>
      </object_component>
      <object_component id="oc-3c9">
         <name>.text.__aeabi_errno_addr</name>
         <load_address>0x70085414</load_address>
         <run_address>0x70085414</run_address>
         <size>0xc</size>
         <input_file_ref idref="fl-56"/>
      </object_component>
      <object_component id="oc-14b">
         <name>.text.Drivers_adcOpen</name>
         <load_address>0x70085420</load_address>
         <run_address>0x70085420</run_address>
         <size>0x1e10</size>
         <input_file_ref idref="fl-9"/>
      </object_component>
      <object_component id="oc-411">
         <name>.text:__TI_printfi</name>
         <load_address>0x70087230</load_address>
         <run_address>0x70087230</run_address>
         <size>0xed0</size>
         <input_file_ref idref="fl-65"/>
      </object_component>
      <object_component id="oc-2ae">
         <name>.text._vsnprintf</name>
         <load_address>0x70088100</load_address>
         <run_address>0x70088100</run_address>
         <size>0xa34</size>
         <input_file_ref idref="fl-2e"/>
      </object_component>
      <object_component id="oc-43b">
         <name>.text.malloc</name>
         <load_address>0x70088b34</load_address>
         <run_address>0x70088b34</run_address>
         <size>0xc</size>
         <input_file_ref idref="fl-5d"/>
      </object_component>
      <object_component id="oc-390">
         <name>.text.SOC_rcmGetClkSrcAndDivReg</name>
         <load_address>0x70088b40</load_address>
         <run_address>0x70088b40</run_address>
         <size>0x574</size>
         <input_file_ref idref="fl-40"/>
      </object_component>
      <object_component id="oc-36b">
         <name>.text.atof</name>
         <load_address>0x700890b4</load_address>
         <run_address>0x700890b4</run_address>
         <size>0x8</size>
         <input_file_ref idref="fl-5b"/>
      </object_component>
      <object_component id="oc-1b3">
         <name>.text._nop</name>
         <load_address>0x700890bc</load_address>
         <run_address>0x700890bc</run_address>
         <size>0x4</size>
         <input_file_ref idref="fl-59"/>
      </object_component>
      <object_component id="oc-30b">
         <name>.text.SOC_rcmEnablePeripheralClock</name>
         <load_address>0x700890c0</load_address>
         <run_address>0x700890c0</run_address>
         <size>0x546</size>
         <input_file_ref idref="fl-40"/>
      </object_component>
      <object_component id="oc-42e">
         <name>.text.fseek</name>
         <load_address>0x70089608</load_address>
         <run_address>0x70089608</run_address>
         <size>0x4</size>
         <input_file_ref idref="fl-69"/>
      </object_component>
      <object_component id="oc-44f">
         <name>.text.remove</name>
         <load_address>0x7008960c</load_address>
         <run_address>0x7008960c</run_address>
         <size>0x4</size>
         <input_file_ref idref="fl-af"/>
      </object_component>
      <object_component id="oc-348">
         <name>.text._ftoa</name>
         <load_address>0x70089610</load_address>
         <run_address>0x70089610</run_address>
         <size>0x526</size>
         <input_file_ref idref="fl-2e"/>
      </object_component>
      <object_component id="oc-3ce">
         <name>.text.strtod</name>
         <load_address>0x70089b38</load_address>
         <run_address>0x70089b38</run_address>
         <size>0x4c4</size>
         <input_file_ref idref="fl-61"/>
      </object_component>
      <object_component id="oc-11c">
         <name>.text</name>
         <load_address>0x70089ffc</load_address>
         <run_address>0x70089ffc</run_address>
         <size>0x4</size>
         <input_file_ref idref="fl-bf"/>
      </object_component>
      <object_component id="oc-349">
         <name>.text._etoa</name>
         <load_address>0x7008a000</load_address>
         <run_address>0x7008a000</run_address>
         <size>0x478</size>
         <input_file_ref idref="fl-2e"/>
      </object_component>
      <object_component id="oc-49d">
         <name>.tramp.sqrtf.1</name>
         <load_address>0x7008a478</load_address>
         <run_address>0x7008a478</run_address>
         <size>0x8</size>
         <input_file_ref idref="fl-53"/>
      </object_component>
      <object_component id="oc-2eb">
         <name>.text.handler__print_adc</name>
         <load_address>0x7008a480</load_address>
         <run_address>0x7008a480</run_address>
         <size>0x434</size>
         <input_file_ref idref="fl-2"/>
      </object_component>
      <object_component id="oc-185">
         <name>.text.FOCcal_ISR</name>
         <load_address>0x7008a8c0</load_address>
         <run_address>0x7008a8c0</run_address>
         <size>0x400</size>
         <input_file_ref idref="fl-11"/>
      </object_component>
      <object_component id="oc-f1">
         <name>.text.FOC_init</name>
         <load_address>0x7008acc0</load_address>
         <run_address>0x7008acc0</run_address>
         <size>0x3e4</size>
         <input_file_ref idref="fl-11"/>
      </object_component>
      <object_component id="oc-139">
         <name>.text.EDMA_initialize</name>
         <load_address>0x7008b0b0</load_address>
         <run_address>0x7008b0b0</run_address>
         <size>0x344</size>
         <input_file_ref idref="fl-38"/>
      </object_component>
      <object_component id="oc-25a">
         <name>.text.EPWM_setADCTriggerSource</name>
         <load_address>0x7008b400</load_address>
         <run_address>0x7008b400</run_address>
         <size>0x2e4</size>
         <input_file_ref idref="fl-9"/>
      </object_component>
      <object_component id="oc-2a4">
         <name>.text.UART_open</name>
         <load_address>0x7008b6f0</load_address>
         <run_address>0x7008b6f0</run_address>
         <size>0x286</size>
         <input_file_ref idref="fl-41"/>
      </object_component>
      <object_component id="oc-427">
         <name>.text._pconv_a</name>
         <load_address>0x7008b978</load_address>
         <run_address>0x7008b978</run_address>
         <size>0x278</size>
         <input_file_ref idref="fl-65"/>
      </object_component>
      <object_component id="oc-2a0">
         <name>.text.MCSPI_open</name>
         <load_address>0x7008bbf0</load_address>
         <run_address>0x7008bbf0</run_address>
         <size>0x26a</size>
         <input_file_ref idref="fl-3c"/>
      </object_component>
      <object_component id="oc-338">
         <name>.text.MCSPI_setChConfig</name>
         <load_address>0x7008be60</load_address>
         <run_address>0x7008be60</run_address>
         <size>0x260</size>
         <input_file_ref idref="fl-3c"/>
      </object_component>
      <object_component id="oc-3a8">
         <name>.text.UART_fifoConfig</name>
         <load_address>0x7008c0c0</load_address>
         <run_address>0x7008c0c0</run_address>
         <size>0x242</size>
         <input_file_ref idref="fl-41"/>
      </object_component>
      <object_component id="oc-3bc">
         <name>.text._ntoa_format</name>
         <load_address>0x7008c310</load_address>
         <run_address>0x7008c310</run_address>
         <size>0x23e</size>
         <input_file_ref idref="fl-2e"/>
      </object_component>
      <object_component id="oc-42a">
         <name>.text._pconv_g</name>
         <load_address>0x7008c550</load_address>
         <run_address>0x7008c550</run_address>
         <size>0x230</size>
         <input_file_ref idref="fl-65"/>
      </object_component>
      <object_component id="oc-2c9">
         <name>.text.PosSpeed_calculate</name>
         <load_address>0x7008c780</load_address>
         <run_address>0x7008c780</run_address>
         <size>0x228</size>
         <input_file_ref idref="fl-1"/>
      </object_component>
      <object_component id="oc-341">
         <name>.text.UART_masterIsr</name>
         <load_address>0x7008c9b0</load_address>
         <run_address>0x7008c9b0</run_address>
         <size>0x228</size>
         <input_file_ref idref="fl-41"/>
      </object_component>
      <object_component id="oc-2ec">
         <name>.text.handler__set_ref_current</name>
         <load_address>0x7008cbe0</load_address>
         <run_address>0x7008cbe0</run_address>
         <size>0x210</size>
         <input_file_ref idref="fl-2"/>
      </object_component>
      <object_component id="oc-2ea">
         <name>.text.handler__set_test_voltage</name>
         <load_address>0x7008cdf0</load_address>
         <run_address>0x7008cdf0</run_address>
         <size>0x210</size>
         <input_file_ref idref="fl-2"/>
      </object_component>
      <object_component id="oc-255">
         <name>.text.EPWM_setInterruptSource</name>
         <load_address>0x7008d000</load_address>
         <run_address>0x7008d000</run_address>
         <size>0x208</size>
         <input_file_ref idref="fl-9"/>
      </object_component>
      <object_component id="oc-1bd">
         <name>.text.TimerP_setup</name>
         <load_address>0x7008d210</load_address>
         <run_address>0x7008d210</run_address>
         <size>0x1fa</size>
         <input_file_ref idref="fl-29"/>
      </object_component>
      <object_component id="oc-2e5">
         <name>.text.UART_write</name>
         <load_address>0x7008d410</load_address>
         <run_address>0x7008d410</run_address>
         <size>0x1ee</size>
         <input_file_ref idref="fl-41"/>
      </object_component>
      <object_component id="oc-1ad">
         <name>.text.EDMA_deinitialize</name>
         <load_address>0x7008d600</load_address>
         <run_address>0x7008d600</run_address>
         <size>0x1e6</size>
         <input_file_ref idref="fl-38"/>
      </object_component>
      <object_component id="oc-2e8">
         <name>.text.handler__set_speed</name>
         <load_address>0x7008d7f0</load_address>
         <run_address>0x7008d7f0</run_address>
         <size>0x1dc</size>
         <input_file_ref idref="fl-2"/>
      </object_component>
      <object_component id="oc-409">
         <name>.text</name>
         <load_address>0x7008d9cc</load_address>
         <run_address>0x7008d9cc</run_address>
         <size>0x1d0</size>
         <input_file_ref idref="fl-bd"/>
      </object_component>
      <object_component id="oc-1a9">
         <name>.text.cli_process</name>
         <load_address>0x7008dba0</load_address>
         <run_address>0x7008dba0</run_address>
         <size>0x1c4</size>
         <input_file_ref idref="fl-5"/>
      </object_component>
      <object_component id="oc-43a">
         <name>.text.free</name>
         <load_address>0x7008dd64</load_address>
         <run_address>0x7008dd64</run_address>
         <size>0x1bc</size>
         <input_file_ref idref="fl-5d"/>
      </object_component>
      <object_component id="oc-3a1">
         <name>.text.MCSPI_continueTxRx</name>
         <load_address>0x7008df20</load_address>
         <run_address>0x7008df20</run_address>
         <size>0x1ba</size>
         <input_file_ref idref="fl-3c"/>
      </object_component>
      <object_component id="oc-14f">
         <name>.text.Drivers_mcspiOpen</name>
         <load_address>0x7008e0e0</load_address>
         <run_address>0x7008e0e0</run_address>
         <size>0x1b8</size>
         <input_file_ref idref="fl-9"/>
      </object_component>
      <object_component id="oc-316">
         <name>.text.EDMA_transferCompletionMasterIsrFxn</name>
         <load_address>0x7008e2a0</load_address>
         <run_address>0x7008e2a0</run_address>
         <size>0x1b2</size>
         <input_file_ref idref="fl-38"/>
      </object_component>
      <object_component id="oc-2ff">
         <name>.text.UART_close</name>
         <load_address>0x7008e460</load_address>
         <run_address>0x7008e460</run_address>
         <size>0x1b0</size>
         <input_file_ref idref="fl-41"/>
      </object_component>
      <object_component id="oc-441">
         <name>.text.aligned_alloc</name>
         <load_address>0x7008e610</load_address>
         <run_address>0x7008e610</run_address>
         <size>0x1b0</size>
         <input_file_ref idref="fl-5d"/>
      </object_component>
      <object_component id="oc-266">
         <name>.text.EPWM_setXCMPActionQualifierAction</name>
         <load_address>0x7008e7c0</load_address>
         <run_address>0x7008e7c0</run_address>
         <size>0x1a8</size>
         <input_file_ref idref="fl-9"/>
      </object_component>
      <object_component id="oc-1e7">
         <name>.text.EDMA_open</name>
         <load_address>0x7008e970</load_address>
         <run_address>0x7008e970</run_address>
         <size>0x19e</size>
         <input_file_ref idref="fl-38"/>
      </object_component>
      <object_component id="oc-335">
         <name>.text.MCSPI_slaveIsr</name>
         <load_address>0x7008eb10</load_address>
         <run_address>0x7008eb10</run_address>
         <size>0x18c</size>
         <input_file_ref idref="fl-3c"/>
      </object_component>
      <object_component id="oc-2f9">
         <name>.text.cli_put</name>
         <load_address>0x7008eca0</load_address>
         <run_address>0x7008eca0</run_address>
         <size>0x18c</size>
         <input_file_ref idref="fl-5"/>
      </object_component>
      <object_component id="oc-179">
         <name>.text.motor_init</name>
         <load_address>0x7008ee30</load_address>
         <run_address>0x7008ee30</run_address>
         <size>0x188</size>
         <input_file_ref idref="fl-14"/>
      </object_component>
      <object_component id="oc-2e1">
         <name>.text.LoopLog_run</name>
         <load_address>0x7008efc0</load_address>
         <run_address>0x7008efc0</run_address>
         <size>0x184</size>
         <input_file_ref idref="fl-11"/>
      </object_component>
      <object_component id="oc-3a4">
         <name>.text.MCSPI_continueSlaveTxRx</name>
         <load_address>0x7008f150</load_address>
         <run_address>0x7008f150</run_address>
         <size>0x17e</size>
         <input_file_ref idref="fl-3c"/>
      </object_component>
      <object_component id="oc-33b">
         <name>.text.UART_configInstance</name>
         <load_address>0x7008f2d0</load_address>
         <run_address>0x7008f2d0</run_address>
         <size>0x178</size>
         <input_file_ref idref="fl-41"/>
      </object_component>
      <object_component id="oc-120">
         <name>.text.ClockP_init</name>
         <load_address>0x7008f450</load_address>
         <run_address>0x7008f450</run_address>
         <size>0x172</size>
         <input_file_ref idref="fl-28"/>
      </object_component>
      <object_component id="oc-11e">
         <name>.text.SOC_controlModuleUnlockMMR</name>
         <load_address>0x7008f5d0</load_address>
         <run_address>0x7008f5d0</run_address>
         <size>0x158</size>
         <input_file_ref idref="fl-3f"/>
      </object_component>
      <object_component id="oc-2de">
         <name>.text.SVGEN_run</name>
         <load_address>0x7008f730</load_address>
         <run_address>0x7008f730</run_address>
         <size>0x154</size>
         <input_file_ref idref="fl-11"/>
      </object_component>
      <object_component id="oc-3c5">
         <name>.text.floor</name>
         <load_address>0x7008f888</load_address>
         <run_address>0x7008f888</run_address>
         <size>0x154</size>
         <input_file_ref idref="fl-6a"/>
      </object_component>
      <object_component id="oc-3b6">
         <name>.text.UART_procLineStatusErr</name>
         <load_address>0x7008f9e0</load_address>
         <run_address>0x7008f9e0</run_address>
         <size>0x150</size>
         <input_file_ref idref="fl-41"/>
      </object_component>
      <object_component id="oc-334">
         <name>.text.MCSPI_masterIsr</name>
         <load_address>0x7008fb30</load_address>
         <run_address>0x7008fb30</run_address>
         <size>0x14c</size>
         <input_file_ref idref="fl-3c"/>
      </object_component>
      <object_component id="oc-437">
         <name>.text.fcvt</name>
         <load_address>0x7008fc80</load_address>
         <run_address>0x7008fc80</run_address>
         <size>0x148</size>
         <input_file_ref idref="fl-65"/>
      </object_component>
      <object_component id="oc-42f">
         <name>.text.setvbuf</name>
         <load_address>0x7008fdc8</load_address>
         <run_address>0x7008fdc8</run_address>
         <size>0x148</size>
         <input_file_ref idref="fl-51"/>
      </object_component>
      <object_component id="oc-3c4">
         <name>.text.scalbn</name>
         <load_address>0x7008ff10</load_address>
         <run_address>0x7008ff10</run_address>
         <size>0x140</size>
         <input_file_ref idref="fl-6c"/>
      </object_component>
      <object_component id="oc-346">
         <name>.text._ntoa_long_long</name>
         <load_address>0x70090050</load_address>
         <run_address>0x70090050</run_address>
         <size>0x138</size>
         <input_file_ref idref="fl-2e"/>
      </object_component>
      <object_component id="oc-38e">
         <name>.text.SOC_rcmGetPeripheralClockFrequency</name>
         <load_address>0x70090190</load_address>
         <run_address>0x70090190</run_address>
         <size>0x130</size>
         <input_file_ref idref="fl-40"/>
      </object_component>
      <object_component id="oc-428">
         <name>.text._pconv_e</name>
         <load_address>0x700902c0</load_address>
         <run_address>0x700902c0</run_address>
         <size>0x130</size>
         <input_file_ref idref="fl-65"/>
      </object_component>
      <object_component id="oc-2fe">
         <name>.text.MCSPI_close</name>
         <load_address>0x700903f0</load_address>
         <run_address>0x700903f0</run_address>
         <size>0x12c</size>
         <input_file_ref idref="fl-3c"/>
      </object_component>
      <object_component id="oc-1a7">
         <name>.text.UART_getCharFifo</name>
         <load_address>0x70090520</load_address>
         <run_address>0x70090520</run_address>
         <size>0x128</size>
         <input_file_ref idref="fl-3"/>
      </object_component>
      <object_component id="oc-11f">
         <name>.text.SOC_controlModuleLockMMR</name>
         <load_address>0x70090650</load_address>
         <run_address>0x70090650</run_address>
         <size>0x126</size>
         <input_file_ref idref="fl-3f"/>
      </object_component>
      <object_component id="oc-14e">
         <name>.text.Drivers_eqepOpen</name>
         <load_address>0x70090780</load_address>
         <run_address>0x70090780</run_address>
         <size>0x124</size>
         <input_file_ref idref="fl-9"/>
      </object_component>
      <object_component id="oc-245">
         <name>.text.EPWM_setFallingEdgeDeadBandDelayInput</name>
         <load_address>0x700908b0</load_address>
         <run_address>0x700908b0</run_address>
         <size>0x120</size>
         <input_file_ref idref="fl-9"/>
      </object_component>
      <object_component id="oc-150">
         <name>.text.Drivers_uartOpen</name>
         <load_address>0x700909d0</load_address>
         <run_address>0x700909d0</run_address>
         <size>0x11c</size>
         <input_file_ref idref="fl-9"/>
      </object_component>
      <object_component id="oc-2a7">
         <name>.text.SOC_xbarSelectDMAXBarInputSource</name>
         <load_address>0x70090af0</load_address>
         <run_address>0x70090af0</run_address>
         <size>0x11c</size>
         <input_file_ref idref="fl-9"/>
      </object_component>
      <object_component id="oc-14a">
         <name>.text.Drivers_edmaOpen</name>
         <load_address>0x70090c10</load_address>
         <run_address>0x70090c10</run_address>
         <size>0x118</size>
         <input_file_ref idref="fl-9"/>
      </object_component>
      <object_component id="oc-2c0">
         <name>.text.rampControl</name>
         <load_address>0x70090d30</load_address>
         <run_address>0x70090d30</run_address>
         <size>0x118</size>
         <input_file_ref idref="fl-11"/>
      </object_component>
      <object_component id="oc-312">
         <name>.text</name>
         <load_address>0x70090e48</load_address>
         <run_address>0x70090e48</run_address>
         <size>0x118</size>
         <input_file_ref idref="fl-c2"/>
      </object_component>
      <object_component id="oc-3aa">
         <name>.text.UART_divisorLatchWrite</name>
         <load_address>0x70090f60</load_address>
         <run_address>0x70090f60</run_address>
         <size>0x116</size>
         <input_file_ref idref="fl-41"/>
      </object_component>
      <object_component id="oc-347">
         <name>.text._ntoa_long</name>
         <load_address>0x70091080</load_address>
         <run_address>0x70091080</run_address>
         <size>0x114</size>
         <input_file_ref idref="fl-2e"/>
      </object_component>
      <object_component id="oc-42c">
         <name>.text.SOC_rcmADPLLJGetFOut</name>
         <load_address>0x700911a0</load_address>
         <run_address>0x700911a0</run_address>
         <size>0x10e</size>
         <input_file_ref idref="fl-40"/>
      </object_component>
      <object_component id="oc-218">
         <name>.text.EPWM_setCounterCompareShadowLoadMode</name>
         <load_address>0x700912b0</load_address>
         <run_address>0x700912b0</run_address>
         <size>0x10c</size>
         <input_file_ref idref="fl-9"/>
      </object_component>
      <object_component id="oc-289">
         <name>.text.EQEP_setInputPolarity</name>
         <load_address>0x700913c0</load_address>
         <run_address>0x700913c0</run_address>
         <size>0x108</size>
         <input_file_ref idref="fl-39"/>
      </object_component>
      <object_component id="oc-200">
         <name>.text.ADC_setBurstModeConfig</name>
         <load_address>0x700914d0</load_address>
         <run_address>0x700914d0</run_address>
         <size>0x100</size>
         <input_file_ref idref="fl-9"/>
      </object_component>
      <object_component id="oc-99">
         <name>.text.trinv_main</name>
         <load_address>0x700915d0</load_address>
         <run_address>0x700915d0</run_address>
         <size>0xfc</size>
         <input_file_ref idref="fl-10"/>
      </object_component>
      <object_component id="oc-f7">
         <name>.text.FOC_run</name>
         <load_address>0x700916d0</load_address>
         <run_address>0x700916d0</run_address>
         <size>0xf8</size>
         <input_file_ref idref="fl-11"/>
      </object_component>
      <object_component id="oc-2ed">
         <name>.text.handler__pi_spd_params</name>
         <load_address>0x700917d0</load_address>
         <run_address>0x700917d0</run_address>
         <size>0xf4</size>
         <input_file_ref idref="fl-2"/>
      </object_component>
      <object_component id="oc-1fe">
         <name>.text.ADC_setPPBTripLimits</name>
         <load_address>0x700918d0</load_address>
         <run_address>0x700918d0</run_address>
         <size>0xf2</size>
         <input_file_ref idref="fl-37"/>
      </object_component>
      <object_component id="oc-332">
         <name>.text.MCSPI_configInstance</name>
         <load_address>0x700919d0</load_address>
         <run_address>0x700919d0</run_address>
         <size>0xf2</size>
         <input_file_ref idref="fl-3c"/>
      </object_component>
      <object_component id="oc-3fb">
         <name>.text.MCSPI_initiateLastChunkTransfer</name>
         <load_address>0x70091ad0</load_address>
         <run_address>0x70091ad0</run_address>
         <size>0xf0</size>
         <input_file_ref idref="fl-3c"/>
      </object_component>
      <object_component id="oc-32a">
         <name>.text.SemaphoreP_pend</name>
         <load_address>0x70091bc0</load_address>
         <run_address>0x70091bc0</run_address>
         <size>0xf0</size>
         <input_file_ref idref="fl-36"/>
      </object_component>
      <object_component id="oc-25b">
         <name>.text.EPWM_setADCTriggerEventPrescale</name>
         <load_address>0x70091cb0</load_address>
         <run_address>0x70091cb0</run_address>
         <size>0xec</size>
         <input_file_ref idref="fl-9"/>
      </object_component>
      <object_component id="oc-2a5">
         <name>.text.SOC_xbarSelectInterruptXBarInputSource</name>
         <load_address>0x70091da0</load_address>
         <run_address>0x70091da0</run_address>
         <size>0xec</size>
         <input_file_ref idref="fl-9"/>
      </object_component>
      <object_component id="oc-414">
         <name>.text.SOC_rcmGetCoreFout</name>
         <load_address>0x70091e90</load_address>
         <run_address>0x70091e90</run_address>
         <size>0xea</size>
         <input_file_ref idref="fl-40"/>
      </object_component>
      <object_component id="oc-415">
         <name>.text.SOC_rcmGetPerFout</name>
         <load_address>0x70091f80</load_address>
         <run_address>0x70091f80</run_address>
         <size>0xea</size>
         <input_file_ref idref="fl-40"/>
      </object_component>
      <object_component id="oc-2f8">
         <name>.text.SerialCmd_send</name>
         <load_address>0x70092070</load_address>
         <run_address>0x70092070</run_address>
         <size>0xe8</size>
         <input_file_ref idref="fl-3"/>
      </object_component>
      <object_component id="oc-407">
         <name>.text.fputc</name>
         <load_address>0x70092158</load_address>
         <run_address>0x70092158</run_address>
         <size>0xe8</size>
         <input_file_ref idref="fl-4f"/>
      </object_component>
      <object_component id="oc-3b8">
         <name>.text.UART_intrEnable</name>
         <load_address>0x70092240</load_address>
         <run_address>0x70092240</run_address>
         <size>0xde</size>
         <input_file_ref idref="fl-41"/>
      </object_component>
      <object_component id="oc-3a6">
         <name>.text.MCSPI_setClkConfig</name>
         <load_address>0x70092320</load_address>
         <run_address>0x70092320</run_address>
         <size>0xdc</size>
         <input_file_ref idref="fl-3c"/>
      </object_component>
      <object_component id="oc-387">
         <name>.text.UART_intrDisable</name>
         <load_address>0x70092400</load_address>
         <run_address>0x70092400</run_address>
         <size>0xda</size>
         <input_file_ref idref="fl-41"/>
      </object_component>
      <object_component id="oc-2e9">
         <name>.text.handler__set_motor_state</name>
         <load_address>0x700924e0</load_address>
         <run_address>0x700924e0</run_address>
         <size>0xd8</size>
         <input_file_ref idref="fl-2"/>
      </object_component>
      <object_component id="oc-25d">
         <name>.text.EPWM_setADCTriggerEventCountInitValue</name>
         <load_address>0x700925c0</load_address>
         <run_address>0x700925c0</run_address>
         <size>0xd4</size>
         <input_file_ref idref="fl-9"/>
      </object_component>
      <object_component id="oc-f6">
         <name>.text.FOC_cal</name>
         <load_address>0x700926a0</load_address>
         <run_address>0x700926a0</run_address>
         <size>0xd4</size>
         <input_file_ref idref="fl-11"/>
      </object_component>
      <object_component id="oc-3a2">
         <name>.text.MCSPI_stop</name>
         <load_address>0x70092780</load_address>
         <run_address>0x70092780</run_address>
         <size>0xd4</size>
         <input_file_ref idref="fl-3c"/>
      </object_component>
      <object_component id="oc-386">
         <name>.text.UART_flushTxFifo</name>
         <load_address>0x70092860</load_address>
         <run_address>0x70092860</run_address>
         <size>0xcc</size>
         <input_file_ref idref="fl-41"/>
      </object_component>
      <object_component id="oc-458">
         <name>.text.getdevice</name>
         <load_address>0x7009292c</load_address>
         <run_address>0x7009292c</run_address>
         <size>0xcc</size>
         <input_file_ref idref="fl-c3"/>
      </object_component>
      <object_component id="oc-2a2">
         <name>.text.MCSPI_chConfig</name>
         <load_address>0x70092a00</load_address>
         <run_address>0x70092a00</run_address>
         <size>0xca</size>
         <input_file_ref idref="fl-3c"/>
      </object_component>
      <object_component id="oc-1f0">
         <name>.text.ADC_setupSOC</name>
         <load_address>0x70092ad0</load_address>
         <run_address>0x70092ad0</run_address>
         <size>0xc4</size>
         <input_file_ref idref="fl-9"/>
      </object_component>
      <object_component id="oc-220">
         <name>.text.EPWM_setActionQualifierAction</name>
         <load_address>0x70092ba0</load_address>
         <run_address>0x70092ba0</run_address>
         <size>0xc4</size>
         <input_file_ref idref="fl-9"/>
      </object_component>
      <object_component id="oc-3e5">
         <name>.text.SOC_rcmGetPerHSDivOut</name>
         <load_address>0x70092c70</load_address>
         <run_address>0x70092c70</run_address>
         <size>0xc4</size>
         <input_file_ref idref="fl-40"/>
      </object_component>
      <object_component id="oc-36a">
         <name>.text.UART_writePolling</name>
         <load_address>0x70092d40</load_address>
         <run_address>0x70092d40</run_address>
         <size>0xc2</size>
         <input_file_ref idref="fl-41"/>
      </object_component>
      <object_component id="oc-236">
         <name>.text.EPWM_setValleyTriggerEdgeCounts</name>
         <load_address>0x70092e10</load_address>
         <run_address>0x70092e10</run_address>
         <size>0xc0</size>
         <input_file_ref idref="fl-9"/>
      </object_component>
      <object_component id="oc-8f">
         <name>.text.System_init</name>
         <load_address>0x70092ed0</load_address>
         <run_address>0x70092ed0</run_address>
         <size>0xc0</size>
         <input_file_ref idref="fl-8"/>
      </object_component>
      <object_component id="oc-3be">
         <name>.text._out_rev</name>
         <load_address>0x70092f90</load_address>
         <run_address>0x70092f90</run_address>
         <size>0xc0</size>
         <input_file_ref idref="fl-2e"/>
      </object_component>
      <object_component id="oc-436">
         <name>.text._mcpy</name>
         <load_address>0x70093050</load_address>
         <run_address>0x70093050</run_address>
         <size>0xbc</size>
         <input_file_ref idref="fl-65"/>
      </object_component>
      <object_component id="oc-3f5">
         <name>.text.ClockP_stop</name>
         <load_address>0x70093110</load_address>
         <run_address>0x70093110</run_address>
         <size>0xba</size>
         <input_file_ref idref="fl-27"/>
      </object_component>
      <object_component id="oc-149">
         <name>.text.UART_init</name>
         <load_address>0x700931d0</load_address>
         <run_address>0x700931d0</run_address>
         <size>0xba</size>
         <input_file_ref idref="fl-41"/>
      </object_component>
      <object_component id="oc-1bf">
         <name>.text.ClockP_timerTickIsr</name>
         <load_address>0x70093290</load_address>
         <run_address>0x70093290</run_address>
         <size>0xb8</size>
         <input_file_ref idref="fl-27"/>
      </object_component>
      <object_component id="oc-300">
         <name>.text.EDMA_close</name>
         <load_address>0x70093350</load_address>
         <run_address>0x70093350</run_address>
         <size>0xb8</size>
         <input_file_ref idref="fl-38"/>
      </object_component>
      <object_component id="oc-3f8">
         <name>.text.MCSPI_fifoRead</name>
         <load_address>0x70093410</load_address>
         <run_address>0x70093410</run_address>
         <size>0xb4</size>
         <input_file_ref idref="fl-3c"/>
      </object_component>
      <object_component id="oc-442">
         <name>.text.__TI_closefile</name>
         <load_address>0x700934c4</load_address>
         <run_address>0x700934c4</run_address>
         <size>0xb4</size>
         <input_file_ref idref="fl-74"/>
      </object_component>
      <object_component id="oc-277">
         <name>.text.HRPWM_setHiResCounterCompareValue</name>
         <load_address>0x70093580</load_address>
         <run_address>0x70093580</run_address>
         <size>0xb0</size>
         <input_file_ref idref="fl-9"/>
      </object_component>
      <object_component id="oc-310">
         <name>.text.SOC_rcmSetPeripheralClock</name>
         <load_address>0x70093630</load_address>
         <run_address>0x70093630</run_address>
         <size>0xb0</size>
         <input_file_ref idref="fl-40"/>
      </object_component>
      <object_component id="oc-2e0">
         <name>.text.TRINV_HAL_setPwmOutput</name>
         <load_address>0x700936e0</load_address>
         <run_address>0x700936e0</run_address>
         <size>0xb0</size>
         <input_file_ref idref="fl-11"/>
      </object_component>
      <object_component id="oc-244">
         <name>.text.EPWM_setRisingEdgeDeadBandDelayInput</name>
         <load_address>0x70093790</load_address>
         <run_address>0x70093790</run_address>
         <size>0xac</size>
         <input_file_ref idref="fl-9"/>
      </object_component>
      <object_component id="oc-439">
         <name>.text.fseeko</name>
         <load_address>0x7009383c</load_address>
         <run_address>0x7009383c</run_address>
         <size>0xac</size>
         <input_file_ref idref="fl-69"/>
      </object_component>
      <object_component id="oc-40b">
         <name>.text.UART_fifoWrite</name>
         <load_address>0x700938f0</load_address>
         <run_address>0x700938f0</run_address>
         <size>0xaa</size>
         <input_file_ref idref="fl-41"/>
      </object_component>
      <object_component id="oc-309">
         <name>.text.ClockP_addToList</name>
         <load_address>0x700939a0</load_address>
         <run_address>0x700939a0</run_address>
         <size>0xa8</size>
         <input_file_ref idref="fl-27"/>
      </object_component>
      <object_component id="oc-39b">
         <name>.text.ClockP_destruct</name>
         <load_address>0x70093a50</load_address>
         <run_address>0x70093a50</run_address>
         <size>0xa8</size>
         <input_file_ref idref="fl-27"/>
      </object_component>
      <object_component id="oc-228">
         <name>.text.EPWM_enableTripZoneInterrupt</name>
         <load_address>0x70093b00</load_address>
         <run_address>0x70093b00</run_address>
         <size>0xa8</size>
         <input_file_ref idref="fl-9"/>
      </object_component>
      <object_component id="oc-241">
         <name>.text.EPWM_selectDigitalCompareCBCLatchClearEvent</name>
         <load_address>0x70093bb0</load_address>
         <run_address>0x70093bb0</run_address>
         <size>0xa8</size>
         <input_file_ref idref="fl-9"/>
      </object_component>
      <object_component id="oc-240">
         <name>.text.EPWM_setDigitalCompareCBCLatchMode</name>
         <load_address>0x70093c60</load_address>
         <run_address>0x70093c60</run_address>
         <size>0xa8</size>
         <input_file_ref idref="fl-9"/>
      </object_component>
      <object_component id="oc-23e">
         <name>.text.EPWM_setDigitalCompareEventSyncMode</name>
         <load_address>0x70093d10</load_address>
         <run_address>0x70093d10</run_address>
         <size>0xa8</size>
         <input_file_ref idref="fl-9"/>
      </object_component>
      <object_component id="oc-20d">
         <name>.text.EPWM_disableGlobalLoadRegisters</name>
         <load_address>0x70093dc0</load_address>
         <run_address>0x70093dc0</run_address>
         <size>0xa4</size>
         <input_file_ref idref="fl-9"/>
      </object_component>
      <object_component id="oc-23f">
         <name>.text.EPWM_setDigitalCompareEventSource</name>
         <load_address>0x70093e70</load_address>
         <run_address>0x70093e70</run_address>
         <size>0xa4</size>
         <input_file_ref idref="fl-9"/>
      </object_component>
      <object_component id="oc-2c1">
         <name>.text.rampGen</name>
         <load_address>0x70093f20</load_address>
         <run_address>0x70093f20</run_address>
         <size>0xa4</size>
         <input_file_ref idref="fl-11"/>
      </object_component>
      <object_component id="oc-44c">
         <name>.text.split</name>
         <load_address>0x70093fc4</load_address>
         <run_address>0x70093fc4</run_address>
         <size>0xa4</size>
         <input_file_ref idref="fl-5d"/>
      </object_component>
      <object_component id="oc-3e3">
         <name>.text.SOC_rcmGetCoreHSDivOut</name>
         <load_address>0x70094070</load_address>
         <run_address>0x70094070</run_address>
         <size>0xa2</size>
         <input_file_ref idref="fl-40"/>
      </object_component>
      <object_component id="oc-26a">
         <name>.text.EPWM_configureDiodeEmulationTripSources</name>
         <load_address>0x70094120</load_address>
         <run_address>0x70094120</run_address>
         <size>0xa0</size>
         <input_file_ref idref="fl-9"/>
      </object_component>
      <object_component id="oc-270">
         <name>.text.EPWM_setDiodeEmulationMonitorModeStep</name>
         <load_address>0x700941c0</load_address>
         <run_address>0x700941c0</run_address>
         <size>0xa0</size>
         <input_file_ref idref="fl-9"/>
      </object_component>
      <object_component id="oc-256">
         <name>.text.EPWM_setInterruptEventCount</name>
         <load_address>0x70094260</load_address>
         <run_address>0x70094260</run_address>
         <size>0xa0</size>
         <input_file_ref idref="fl-9"/>
      </object_component>
      <object_component id="oc-44a">
         <name>.text.HOSTrename</name>
         <load_address>0x70094300</load_address>
         <run_address>0x70094300</run_address>
         <size>0xa0</size>
         <input_file_ref idref="fl-b8"/>
      </object_component>
      <object_component id="oc-264">
         <name>.text.EPWM_setXCMPShadowRepeatBufxCount</name>
         <load_address>0x700943a0</load_address>
         <run_address>0x700943a0</run_address>
         <size>0x9c</size>
         <input_file_ref idref="fl-9"/>
      </object_component>
      <object_component id="oc-448">
         <name>.text.HOSTlseek</name>
         <load_address>0x7009443c</load_address>
         <run_address>0x7009443c</run_address>
         <size>0x98</size>
         <input_file_ref idref="fl-b5"/>
      </object_component>
      <object_component id="oc-d6">
         <name>.text.MCSPI_init</name>
         <load_address>0x700944e0</load_address>
         <run_address>0x700944e0</run_address>
         <size>0x98</size>
         <input_file_ref idref="fl-3c"/>
      </object_component>
      <object_component id="oc-41e">
         <name>.text.__TI_wrt_ok</name>
         <load_address>0x70094578</load_address>
         <run_address>0x70094578</run_address>
         <size>0x98</size>
         <input_file_ref idref="fl-50"/>
      </object_component>
      <object_component id="oc-ca">
         <name>.text.SOC_enableAdcReference</name>
         <load_address>0x70094610</load_address>
         <run_address>0x70094610</run_address>
         <size>0x96</size>
         <input_file_ref idref="fl-3f"/>
      </object_component>
      <object_component id="oc-400">
         <name>.text.UART_subConfigTCRTLRModeEn</name>
         <load_address>0x700946b0</load_address>
         <run_address>0x700946b0</run_address>
         <size>0x96</size>
         <input_file_ref idref="fl-41"/>
      </object_component>
      <object_component id="oc-10a">
         <name>.text.EDMA_deinit</name>
         <load_address>0x70094750</load_address>
         <run_address>0x70094750</run_address>
         <size>0x94</size>
         <input_file_ref idref="fl-38"/>
      </object_component>
      <object_component id="oc-cf">
         <name>.text.EDMA_init</name>
         <load_address>0x700947f0</load_address>
         <run_address>0x700947f0</run_address>
         <size>0x94</size>
         <input_file_ref idref="fl-38"/>
      </object_component>
      <object_component id="oc-444">
         <name>.text.HOSTopen</name>
         <load_address>0x70094884</load_address>
         <run_address>0x70094884</run_address>
         <size>0x94</size>
         <input_file_ref idref="fl-b6"/>
      </object_component>
      <object_component id="oc-2d9">
         <name>.text.dq_limiter_run</name>
         <load_address>0x70094920</load_address>
         <run_address>0x70094920</run_address>
         <size>0x94</size>
         <input_file_ref idref="fl-11"/>
      </object_component>
      <object_component id="oc-369">
         <name>.text.UART_writeCancelNoCB</name>
         <load_address>0x700949c0</load_address>
         <run_address>0x700949c0</run_address>
         <size>0x92</size>
         <input_file_ref idref="fl-41"/>
      </object_component>
      <object_component id="oc-21b">
         <name>.text.EPWM_setActionQualifierShadowLoadMode</name>
         <load_address>0x70094a60</load_address>
         <run_address>0x70094a60</run_address>
         <size>0x90</size>
         <input_file_ref idref="fl-9"/>
      </object_component>
      <object_component id="oc-248">
         <name>.text.EPWM_setDeadBandOutputSwapMode</name>
         <load_address>0x70094af0</load_address>
         <run_address>0x70094af0</run_address>
         <size>0x90</size>
         <input_file_ref idref="fl-9"/>
      </object_component>
      <object_component id="oc-26b">
         <name>.text.EPWM_selectDiodeEmulationPWMsignal</name>
         <load_address>0x70094b80</load_address>
         <run_address>0x70094b80</run_address>
         <size>0x8c</size>
         <input_file_ref idref="fl-9"/>
      </object_component>
      <object_component id="oc-26c">
         <name>.text.EPWM_selectDiodeEmulationTripSignal</name>
         <load_address>0x70094c10</load_address>
         <run_address>0x70094c10</run_address>
         <size>0x8c</size>
         <input_file_ref idref="fl-9"/>
      </object_component>
      <object_component id="oc-247">
         <name>.text.EPWM_setDeadBandDelayMode</name>
         <load_address>0x70094ca0</load_address>
         <run_address>0x70094ca0</run_address>
         <size>0x8c</size>
         <input_file_ref idref="fl-9"/>
      </object_component>
      <object_component id="oc-3f9">
         <name>.text.MCSPI_fifoWrite</name>
         <load_address>0x70094d30</load_address>
         <run_address>0x70094d30</run_address>
         <size>0x8c</size>
         <input_file_ref idref="fl-3c"/>
      </object_component>
      <object_component id="oc-2df">
         <name>.text.PWM_clamp</name>
         <load_address>0x70094dc0</load_address>
         <run_address>0x70094dc0</run_address>
         <size>0x8c</size>
         <input_file_ref idref="fl-11"/>
      </object_component>
      <object_component id="oc-1f9">
         <name>.text.ADC_disablePPBEvent</name>
         <load_address>0x70094e50</load_address>
         <run_address>0x70094e50</run_address>
         <size>0x88</size>
         <input_file_ref idref="fl-9"/>
      </object_component>
      <object_component id="oc-1fa">
         <name>.text.ADC_disablePPBEventInterrupt</name>
         <load_address>0x70094ee0</load_address>
         <run_address>0x70094ee0</run_address>
         <size>0x88</size>
         <input_file_ref idref="fl-9"/>
      </object_component>
      <object_component id="oc-1ce">
         <name>.text.ClockP_getTimeUsec</name>
         <load_address>0x70094f70</load_address>
         <run_address>0x70094f70</run_address>
         <size>0x88</size>
         <input_file_ref idref="fl-27"/>
      </object_component>
      <object_component id="oc-1ac">
         <name>.text.Drivers_edmaClose</name>
         <load_address>0x70095000</load_address>
         <run_address>0x70095000</run_address>
         <size>0x88</size>
         <input_file_ref idref="fl-9"/>
      </object_component>
      <object_component id="oc-1aa">
         <name>.text.Drivers_mcspiClose</name>
         <load_address>0x70095090</load_address>
         <run_address>0x70095090</run_address>
         <size>0x88</size>
         <input_file_ref idref="fl-9"/>
      </object_component>
      <object_component id="oc-1ab">
         <name>.text.Drivers_uartClose</name>
         <load_address>0x70095120</load_address>
         <run_address>0x70095120</run_address>
         <size>0x88</size>
         <input_file_ref idref="fl-9"/>
      </object_component>
      <object_component id="oc-251">
         <name>.text.EPWM_setChopperDutyCycle</name>
         <load_address>0x700951b0</load_address>
         <run_address>0x700951b0</run_address>
         <size>0x88</size>
         <input_file_ref idref="fl-9"/>
      </object_component>
      <object_component id="oc-268">
         <name>.text.EPWM_setDiodeEmulationMode</name>
         <load_address>0x70095240</load_address>
         <run_address>0x70095240</run_address>
         <size>0x88</size>
         <input_file_ref idref="fl-9"/>
      </object_component>
      <object_component id="oc-284">
         <name>.text.EPWM_setGlobalLoadEventPrescale</name>
         <load_address>0x700952d0</load_address>
         <run_address>0x700952d0</run_address>
         <size>0x88</size>
         <input_file_ref idref="fl-9"/>
      </object_component>
      <object_component id="oc-261">
         <name>.text.EPWM_setXCMPLoadMode</name>
         <load_address>0x70095360</load_address>
         <run_address>0x70095360</run_address>
         <size>0x88</size>
         <input_file_ref idref="fl-9"/>
      </object_component>
      <object_component id="oc-103">
         <name>.text.SerialCmd_read</name>
         <load_address>0x700953f0</load_address>
         <run_address>0x700953f0</run_address>
         <size>0x88</size>
         <input_file_ref idref="fl-3"/>
      </object_component>
      <object_component id="oc-1a6">
         <name>.text.UART_checkCharsAvailInFifo</name>
         <load_address>0x70095480</load_address>
         <run_address>0x70095480</run_address>
         <size>0x88</size>
         <input_file_ref idref="fl-3"/>
      </object_component>
      <object_component id="oc-432">
         <name>.text.__TI_ltoa</name>
         <load_address>0x70095508</load_address>
         <run_address>0x70095508</run_address>
         <size>0x88</size>
         <input_file_ref idref="fl-6f"/>
      </object_component>
      <object_component id="oc-434">
         <name>.text._ecpy</name>
         <load_address>0x70095590</load_address>
         <run_address>0x70095590</run_address>
         <size>0x88</size>
         <input_file_ref idref="fl-65"/>
      </object_component>
      <object_component id="oc-402">
         <name>.text.UART_tcrTlrBitValRestore</name>
         <load_address>0x70095620</load_address>
         <run_address>0x70095620</run_address>
         <size>0x86</size>
         <input_file_ref idref="fl-41"/>
      </object_component>
      <object_component id="oc-2d2">
         <name>.text.DAC_setShadowValue</name>
         <load_address>0x700956b0</load_address>
         <run_address>0x700956b0</run_address>
         <size>0x84</size>
         <input_file_ref idref="fl-11"/>
      </object_component>
      <object_component id="oc-205">
         <name>.text.DAC_setShadowValue</name>
         <load_address>0x70095740</load_address>
         <run_address>0x70095740</run_address>
         <size>0x84</size>
         <input_file_ref idref="fl-9"/>
      </object_component>
[...]
         <object_component_ref idref="oc-d5"/>
      </symbol>
      <symbol id="sm-89d">
         <name>SOC_setEpwmTbClk</name>
         <value>0x70097281</value>
         <object_component_ref idref="oc-d4"/>
      </symbol>
      <symbol id="sm-910">
         <name>SOC_rcmEnablePeripheralClock</name>
         <value>0x700890c1</value>
         <object_component_ref idref="oc-30b"/>
      </symbol>
      <symbol id="sm-911">
         <name>SOC_rcmGetPeripheralClockFrequency</name>
         <value>0x70090191</value>
         <object_component_ref idref="oc-38e"/>
      </symbol>
      <symbol id="sm-912">
         <name>SOC_rcmSetPeripheralClock</name>
         <value>0x70093631</value>
         <object_component_ref idref="oc-310"/>
      </symbol>
      <symbol id="sm-913">
         <name>gADPLLJConfigTbl</name>
         <value>0x7009e18c</value>
         <object_component_ref idref="oc-438"/>
      </symbol>
      <symbol id="sm-914">
         <name>gPeripheralClkSrcInfoMap</name>
         <value>0x7009e224</value>
         <object_component_ref idref="oc-3e1"/>
      </symbol>
      <symbol id="sm-915">
         <name>gXTALInfo</name>
         <value>0x7009db68</value>
         <object_component_ref idref="oc-3e2"/>
      </symbol>
      <symbol id="sm-9ca">
         <name>UART_close</name>
         <value>0x7008e461</value>
         <object_component_ref idref="oc-2ff"/>
      </symbol>
      <symbol id="sm-9cb">
         <name>UART_deinit</name>
         <value>0x7009b3b1</value>
         <object_component_ref idref="oc-10c"/>
      </symbol>
      <symbol id="sm-9cc">
         <name>UART_flushTxFifo</name>
         <value>0x70092861</value>
         <object_component_ref idref="oc-386"/>
      </symbol>
      <symbol id="sm-9cd">
         <name>UART_getBaseAddr</name>
         <value>0x7009b801</value>
         <object_component_ref idref="oc-192"/>
      </symbol>
      <symbol id="sm-9ce">
         <name>UART_init</name>
         <value>0x700931d1</value>
         <object_component_ref idref="oc-149"/>
      </symbol>
      <symbol id="sm-9cf">
         <name>UART_open</name>
         <value>0x7008b6f1</value>
         <object_component_ref idref="oc-2a4"/>
      </symbol>
      <symbol id="sm-9d0">
         <name>UART_write</name>
         <value>0x7008d411</value>
         <object_component_ref idref="oc-2e5"/>
      </symbol>
      <symbol id="sm-9e3">
         <name>UART_dmaClose</name>
         <value>0x70095f61</value>
         <object_component_ref idref="oc-38a"/>
      </symbol>
      <symbol id="sm-9e4">
         <name>UART_dmaDisableChannel</name>
         <value>0x70095cc1</value>
         <object_component_ref idref="oc-3ca"/>
      </symbol>
      <symbol id="sm-9e5">
         <name>UART_dmaOpen</name>
         <value>0x70096fe1</value>
         <object_component_ref idref="oc-33c"/>
      </symbol>
      <symbol id="sm-9e6">
         <name>UART_writeInterruptDma</name>
         <value>0x700985d1</value>
         <object_component_ref idref="oc-368"/>
      </symbol>
      <symbol id="sm-9f1">
         <name>sprintf</name>
         <value>0x70098218</value>
         <object_component_ref idref="oc-36e"/>
      </symbol>
      <symbol id="sm-9f9">
         <name>fputc</name>
         <value>0x70092158</value>
         <object_component_ref idref="oc-407"/>
      </symbol>
      <symbol id="sm-9fa">
         <name>putchar</name>
         <value>0x7009c320</value>
         <object_component_ref idref="oc-3bb"/>
      </symbol>
      <symbol id="sm-9fe">
         <name>__TI_wrt_ok</name>
         <value>0x70094578</value>
         <object_component_ref idref="oc-41e"/>
      </symbol>
      <symbol id="sm-a03">
         <name>setvbuf</name>
         <value>0x7008fdc8</value>
         <object_component_ref idref="oc-42f"/>
      </symbol>
      <symbol id="sm-a0f">
         <name>fmax</name>
         <value>0x700965d8</value>
         <object_component_ref idref="oc-35a"/>
      </symbol>
      <symbol id="sm-a10">
         <name>fmaxf</name>
         <value>0x70096650</value>
         <object_component_ref idref="oc-3cf"/>
      </symbol>
      <symbol id="sm-a11">
         <name>fmaxl</name>
         <value>0x700965d8</value>
         <object_component_ref idref="oc-35a"/>
      </symbol>
      <symbol id="sm-a12">
         <name>fmin</name>
         <value>0x7009625c</value>
         <object_component_ref idref="oc-359"/>
      </symbol>
      <symbol id="sm-a13">
         <name>fminf</name>
         <value>0x700962d8</value>
         <object_component_ref idref="oc-3d0"/>
      </symbol>
      <symbol id="sm-a14">
         <name>fminl</name>
         <value>0x7009625c</value>
         <object_component_ref idref="oc-359"/>
      </symbol>
      <symbol id="sm-a19">
         <name>sqrtf</name>
         <value>0x40</value>
         <object_component_ref idref="oc-362"/>
      </symbol>
      <symbol id="sm-a29">
         <name>cosf</name>
         <value>0x428</value>
         <object_component_ref idref="oc-2d4"/>
      </symbol>
      <symbol id="sm-a36">
         <name>sinf</name>
         <value>0x128</value>
         <object_component_ref idref="oc-2d0"/>
      </symbol>
      <symbol id="sm-a3b">
         <name>__aeabi_errno</name>
         <value>0x700ad6d4</value>
         <object_component_ref idref="oc-40a"/>
      </symbol>
      <symbol id="sm-a3c">
         <name>__aeabi_errno_addr</name>
         <value>0x70085414</value>
         <object_component_ref idref="oc-3c9"/>
      </symbol>
      <symbol id="sm-a4c">
         <name>__kernel_rem_pio2</name>
         <value>0x708</value>
         <object_component_ref idref="oc-35f"/>
      </symbol>
      <symbol id="sm-a54">
         <name>C$$EXIT</name>
         <value>0x700acfb0</value>
         <object_component_ref idref="oc-a2"/>
      </symbol>
      <symbol id="sm-a55">
         <name>__TI_cleanup_ptr</name>
         <value>0x700ad67c</value>
         <object_component_ref idref="oc-114"/>
      </symbol>
      <symbol id="sm-a56">
         <name>__TI_dtors_ptr</name>
         <value>0x700ad680</value>
         <object_component_ref idref="oc-114"/>
      </symbol>
      <symbol id="sm-a57">
         <name>abort</name>
         <value>0x700acfb0</value>
         <object_component_ref idref="oc-a2"/>
      </symbol>
      <symbol id="sm-a58">
         <name>exit</name>
         <value>0x70098678</value>
         <object_component_ref idref="oc-a3"/>
      </symbol>
      <symbol id="sm-a5c">
         <name>_lock</name>
         <value>0x700ad6d8</value>
         <object_component_ref idref="oc-113"/>
      </symbol>
      <symbol id="sm-a5d">
         <name>_nop</name>
         <value>0x700890bc</value>
         <object_component_ref idref="oc-1b3"/>
      </symbol>
      <symbol id="sm-a5e">
         <name>_unlock</name>
         <value>0x700ad6dc</value>
         <object_component_ref idref="oc-115"/>
      </symbol>
      <symbol id="sm-a63">
         <name>atof</name>
         <value>0x700890b4</value>
         <object_component_ref idref="oc-36b"/>
      </symbol>
      <symbol id="sm-a65">
         <name>__TI_ft_end</name>
         <value>0x1088</value>
         <object_component_ref idref="oc-443"/>
      </symbol>
      <symbol id="sm-a66">
         <name>__TI_tmpnams</name>
         <value>0x7009f9d0</value>
      </symbol>
      <symbol id="sm-a67">
         <name>_ftable</name>
         <value>0xf98</value>
         <object_component_ref idref="oc-408"/>
      </symbol>
      <symbol id="sm-a81">
         <name>_sys_memory</name>
         <value>0x7009fc88</value>
         <object_component_ref idref="oc-4e"/>
      </symbol>
      <symbol id="sm-a82">
         <name>aligned_alloc</name>
         <value>0x7008e610</value>
         <object_component_ref idref="oc-441"/>
      </symbol>
      <symbol id="sm-a83">
         <name>free</name>
         <value>0x7008dd64</value>
         <object_component_ref idref="oc-43a"/>
      </symbol>
      <symbol id="sm-a84">
         <name>malloc</name>
         <value>0x70088b34</value>
         <object_component_ref idref="oc-43b"/>
      </symbol>
      <symbol id="sm-a85">
         <name>memalign</name>
         <value>0x7008e610</value>
         <object_component_ref idref="oc-441"/>
      </symbol>
      <symbol id="sm-a89">
         <name>strcmp</name>
         <value>0x7009ba24</value>
         <object_component_ref idref="oc-2fc"/>
      </symbol>
      <symbol id="sm-a8d">
         <name>strcpy</name>
         <value>0x7009bddc</value>
         <object_component_ref idref="oc-37f"/>
      </symbol>
      <symbol id="sm-a91">
         <name>strlen</name>
         <value>0x7009be14</value>
         <object_component_ref idref="oc-2e4"/>
      </symbol>
      <symbol id="sm-a9a">
         <name>strtod</name>
         <value>0x70089b38</value>
         <object_component_ref idref="oc-3ce"/>
      </symbol>
      <symbol id="sm-a9b">
         <name>strtold</name>
         <value>0x70089b38</value>
         <object_component_ref idref="oc-3ce"/>
      </symbol>
      <symbol id="sm-aa2">
         <name>strtok</name>
         <value>0x70096c38</value>
         <object_component_ref idref="oc-2fb"/>
      </symbol>
      <symbol id="sm-aa7">
         <name>__TI_auto_init_nobinit_nopinit</name>
         <value>0x70097c9c</value>
         <object_component_ref idref="oc-87"/>
      </symbol>
      <symbol id="sm-ad7">
         <name>__TI_printfi</name>
         <value>0x70087230</value>
         <object_component_ref idref="oc-411"/>
      </symbol>
      <symbol id="sm-adb">
         <name>__TI_doflush</name>
         <value>0x70096060</value>
         <object_component_ref idref="oc-420"/>
      </symbol>
      <symbol id="sm-ae0">
         <name>__TI_cleanup</name>
         <value>0x70098624</value>
         <object_component_ref idref="oc-43c"/>
      </symbol>
      <symbol id="sm-ae8">
         <name>fseek</name>
         <value>0x70089608</value>
         <object_component_ref idref="oc-42e"/>
      </symbol>
      <symbol id="sm-ae9">
         <name>fseeko</name>
         <value>0x7009383c</value>
         <object_component_ref idref="oc-439"/>
      </symbol>
      <symbol id="sm-aee">
         <name>floor</name>
         <value>0x7008f888</value>
         <object_component_ref idref="oc-3c5"/>
      </symbol>
      <symbol id="sm-aef">
         <name>floorl</name>
         <value>0x7008f888</value>
         <object_component_ref idref="oc-3c5"/>
      </symbol>
      <symbol id="sm-af7">
         <name>frexp</name>
         <value>0x70096358</value>
         <object_component_ref idref="oc-431"/>
      </symbol>
      <symbol id="sm-af8">
         <name>frexpl</name>
         <value>0x70096358</value>
         <object_component_ref idref="oc-431"/>
      </symbol>
      <symbol id="sm-afd">
         <name>ldexp</name>
         <value>0x7008ff10</value>
         <object_component_ref idref="oc-3c4"/>
      </symbol>
      <symbol id="sm-afe">
         <name>ldexpl</name>
         <value>0x7008ff10</value>
         <object_component_ref idref="oc-3c4"/>
      </symbol>
      <symbol id="sm-aff">
         <name>scalbn</name>
         <value>0x7008ff10</value>
         <object_component_ref idref="oc-3c4"/>
      </symbol>
      <symbol id="sm-b00">
         <name>scalbnl</name>
         <value>0x7008ff10</value>
         <object_component_ref idref="oc-3c4"/>
      </symbol>
      <symbol id="sm-b07">
         <name>wcslen</name>
         <value>0x7009bd00</value>
         <object_component_ref idref="oc-426"/>
      </symbol>
      <symbol id="sm-b08">
         <name>__aeabi_ctype_table_</name>
         <value>0x7009db70</value>
         <object_component_ref idref="oc-40c"/>
      </symbol>
      <symbol id="sm-b09">
         <name>__aeabi_ctype_table_C</name>
         <value>0x7009db70</value>
         <object_component_ref idref="oc-40c"/>
      </symbol>
      <symbol id="sm-b0d">
         <name>__TI_ltoa</name>
         <value>0x70095508</value>
         <object_component_ref idref="oc-432"/>
      </symbol>
      <symbol id="sm-b12">
         <name>atoi</name>
         <value>0x7009719c</value>
         <object_component_ref idref="oc-425"/>
      </symbol>
      <symbol id="sm-b16">
         <name>memccpy</name>
         <value>0x70099488</value>
         <object_component_ref idref="oc-423"/>
      </symbol>
      <symbol id="sm-b1a">
         <name>strcspn</name>
         <value>0x70099518</value>
         <object_component_ref idref="oc-383"/>
      </symbol>
      <symbol id="sm-b1e">
         <name>strspn</name>
         <value>0x70099a94</value>
         <object_component_ref idref="oc-382"/>
      </symbol>
      <symbol id="sm-b23">
         <name>__TI_closefile</name>
         <value>0x700934c4</value>
         <object_component_ref idref="oc-442"/>
      </symbol>
      <symbol id="sm-b28">
         <name>write</name>
         <value>0x7009b0e8</value>
         <object_component_ref idref="oc-41f"/>
      </symbol>
      <symbol id="sm-b2a">
         <name>_device</name>
         <value>0x700ad208</value>
         <object_component_ref idref="oc-43d"/>
      </symbol>
      <symbol id="sm-b2b">
         <name>_stream</name>
         <value>0x700ad41c</value>
         <object_component_ref idref="oc-430"/>
      </symbol>
      <symbol id="sm-b2f">
         <name>remove</name>
         <value>0x7008960c</value>
         <object_component_ref idref="oc-44f"/>
      </symbol>
      <symbol id="sm-b35">
         <name>lseek</name>
         <value>0x7009b0b4</value>
         <object_component_ref idref="oc-43e"/>
      </symbol>
      <symbol id="sm-b3a">
         <name>close</name>
         <value>0x70095d44</value>
         <object_component_ref idref="oc-44e"/>
      </symbol>
      <symbol id="sm-b3f">
         <name>unlink</name>
         <value>0x700995a8</value>
         <object_component_ref idref="oc-456"/>
      </symbol>
      <symbol id="sm-b44">
         <name>HOSTclose</name>
         <value>0x70097880</value>
         <object_component_ref idref="oc-445"/>
      </symbol>
      <symbol id="sm-b49">
         <name>HOSTlseek</name>
         <value>0x7009443c</value>
         <object_component_ref idref="oc-448"/>
      </symbol>
      <symbol id="sm-b4e">
         <name>HOSTopen</name>
         <value>0x70094884</value>
         <object_component_ref idref="oc-444"/>
      </symbol>
      <symbol id="sm-b4f">
         <name>parmbuf</name>
         <value>0x7009fc50</value>
      </symbol>
      <symbol id="sm-b54">
         <name>HOSTread</name>
         <value>0x70095a94</value>
         <object_component_ref idref="oc-446"/>
      </symbol>
      <symbol id="sm-b5f">
         <name>HOSTrename</name>
         <value>0x70094300</value>
         <object_component_ref idref="oc-44a"/>
      </symbol>
      <symbol id="sm-b64">
         <name>HOSTunlink</name>
         <value>0x700970bc</value>
         <object_component_ref idref="oc-449"/>
      </symbol>
      <symbol id="sm-b69">
         <name>HOSTwrite</name>
         <value>0x70095b18</value>
         <object_component_ref idref="oc-447"/>
      </symbol>
      <symbol id="sm-b71">
         <name>C$$IO$$</name>
         <value>0x7009809c</value>
         <object_component_ref idref="oc-451"/>
      </symbol>
      <symbol id="sm-b72">
         <name>__CIOBUF_</name>
         <value>0x7009f8b0</value>
         <object_component_ref idref="oc-457"/>
      </symbol>
      <symbol id="sm-b73">
         <name>__TI_readmsg</name>
         <value>0x70097ff8</value>
         <object_component_ref idref="oc-452"/>
      </symbol>
      <symbol id="sm-b74">
         <name>__TI_writemsg</name>
         <value>0x70098050</value>
         <object_component_ref idref="oc-451"/>
      </symbol>
      <symbol id="sm-b76">
         <name>__aeabi_idiv</name>
         <value>0x7009b5b8</value>
         <object_component_ref idref="oc-3c3"/>
      </symbol>
      <symbol id="sm-b77">
         <name>__divsi3</name>
         <value>0x7009b5b8</value>
         <object_component_ref idref="oc-3c3"/>
      </symbol>
      <symbol id="sm-b7c">
         <name>__aeabi_uidiv</name>
         <value>0x7008d9cc</value>
         <object_component_ref idref="oc-409"/>
      </symbol>
      <symbol id="sm-b7d">
         <name>__udivsi3</name>
         <value>0x7008d9cc</value>
         <object_component_ref idref="oc-409"/>
      </symbol>
      <symbol id="sm-b83">
         <name>__aeabi_idiv0</name>
         <value>0x7009c420</value>
         <object_component_ref idref="oc-421"/>
      </symbol>
      <symbol id="sm-b84">
         <name>__aeabi_ldiv0</name>
         <value>0x7009c430</value>
         <object_component_ref idref="oc-393"/>
      </symbol>
      <symbol id="sm-b86">
         <name>__aeabi_memcpy</name>
         <value>0x70089ffc</value>
         <object_component_ref idref="oc-11c"/>
      </symbol>
      <symbol id="sm-b87">
         <name>__aeabi_memcpy4</name>
         <value>0x70089ffc</value>
         <object_component_ref idref="oc-11c"/>
      </symbol>
      <symbol id="sm-b88">
         <name>__aeabi_memcpy8</name>
         <value>0x70089ffc</value>
         <object_component_ref idref="oc-11c"/>
      </symbol>
      <symbol id="sm-b8a">
         <name>__aeabi_memclr</name>
         <value>0x7009be78</value>
         <object_component_ref idref="oc-84"/>
      </symbol>
      <symbol id="sm-b8b">
         <name>__aeabi_memclr4</name>
         <value>0x7009be78</value>
         <object_component_ref idref="oc-84"/>
      </symbol>
      <symbol id="sm-b8c">
         <name>__aeabi_memclr8</name>
         <value>0x7009be78</value>
         <object_component_ref idref="oc-84"/>
      </symbol>
      <symbol id="sm-b8d">
         <name>__aeabi_memset</name>
         <value>0x7009be68</value>
         <object_component_ref idref="oc-84"/>
      </symbol>
      <symbol id="sm-b8e">
         <name>__aeabi_memset4</name>
         <value>0x7009be68</value>
         <object_component_ref idref="oc-84"/>
      </symbol>
      <symbol id="sm-b8f">
         <name>__aeabi_memset8</name>
         <value>0x7009be68</value>
         <object_component_ref idref="oc-84"/>
      </symbol>
      <symbol id="sm-b91">
         <name>__aeabi_uldivmod</name>
         <value>0x7009ba48</value>
         <object_component_ref idref="oc-1cf"/>
      </symbol>
      <symbol id="sm-b93">
         <name>__udivmoddi4</name>
         <value>0x70090e48</value>
         <object_component_ref idref="oc-312"/>
      </symbol>
      <symbol id="sm-b9b">
         <name>finddevice</name>
         <value>0x70097208</value>
         <object_component_ref idref="oc-459"/>
      </symbol>
      <symbol id="sm-b9c">
         <name>getdevice</name>
         <value>0x7009292c</value>
         <object_component_ref idref="oc-458"/>
      </symbol>
      <symbol id="sm-b9f">
         <name>TI_memcpy_small</name>
         <value>0x7009be4c</value>
         <object_component_ref idref="oc-302"/>
      </symbol>
      <symbol id="sm-ba2">
         <name>TI_memset_small</name>
         <value>0x7009bfa8</value>
         <object_component_ref idref="oc-11a"/>
      </symbol>
      <symbol id="sm-bab">
         <name>TaskP_yield</name>
         <value>0x7009c441</value>
         <object_component_ref idref="oc-3d8"/>
      </symbol>
      <symbol id="sm-bac">
         <name>_system_post_cinit</name>
         <value>0x0</value>
      </symbol>
      <symbol id="sm-bad">
         <name>__TI_Handler_Table_Limit</name>
         <value>0x0</value>
      </symbol>
      <symbol id="sm-bae">
         <name>__TI_Handler_Table_Base</name>
         <value>0x0</value>
      </symbol>
      <symbol id="sm-baf">
         <name>__TI_CINIT_Base</name>
         <value>0x0</value>
      </symbol>
      <symbol id="sm-bb0">
         <name>__TI_CINIT_Limit</name>
         <value>0x0</value>
      </symbol>
   </symbol_table>
   <title>Link successful</title>
</link_info>
