<?xml version="1.0" encoding="ISO-8859-1" ?>
<link_info>
   <banner>TI ARM Clang Linker PC v1.3.1.LTS</banner>
   <copyright>Copyright (c) 1996-2018 Texas Instruments Incorporated</copyright>
   <link_time>0x63efd280</link_time>
   <link_errors>0x0</link_errors>
   <output_file>TractionDemo_am263x-cc_r5fss0-0_nortos_ti-arm-clang.out</output_file>
   <entry_point>
      <name>_vectors</name>
      <address>0x0</address>
   </entry_point>
   <input_file_list>
      <input_file id="fl-1">
         <path>.\</path>
         <kind>object</kind>
         <file>Serial_CLI.o</file>
         <name>Serial_CLI.o</name>
      </input_file>
      <input_file id="fl-2">
         <path>.\</path>
         <kind>object</kind>
         <file>Serial_Cmd_HAL.o</file>
         <name>Serial_Cmd_HAL.o</name>
      </input_file>
      <input_file id="fl-3">
         <path>.\</path>
         <kind>object</kind>
         <file>Serial_Cmd_Monitor.o</file>
         <name>Serial_Cmd_Monitor.o</name>
      </input_file>
      <input_file id="fl-4">
         <path>.\</path>
         <kind>object</kind>
         <file>cli.o</file>
         <name>cli.o</name>
      </input_file>
      <input_file id="fl-5">
         <path>.\</path>
         <kind>object</kind>
         <file>main.o</file>
         <name>main.o</name>
      </input_file>
      <input_file id="fl-6">
         <path>.\syscfg\</path>
         <kind>object</kind>
         <file>ti_dpl_config.o</file>
         <name>ti_dpl_config.o</name>
      </input_file>
      <input_file id="fl-7">
         <path>.\syscfg\</path>
         <kind>object</kind>
         <file>ti_drivers_config.o</file>
         <name>ti_drivers_config.o</name>
      </input_file>
      <input_file id="fl-8">
         <path>.\syscfg\</path>
         <kind>object</kind>
         <file>ti_drivers_open_close.o</file>
         <name>ti_drivers_open_close.o</name>
      </input_file>
      <input_file id="fl-9">
         <path>.\syscfg\</path>
         <kind>object</kind>
         <file>ti_pinmux_config.o</file>
         <name>ti_pinmux_config.o</name>
      </input_file>
      <input_file id="fl-a">
         <path>.\syscfg\</path>
         <kind>object</kind>
         <file>ti_power_clock_config.o</file>
         <name>ti_power_clock_config.o</name>
      </input_file>
      <input_file id="fl-b">
         <path>.\syscfg\</path>
         <kind>object</kind>
         <file>ti_board_config.o</file>
         <name>ti_board_config.o</name>
      </input_file>
      <input_file id="fl-c">
         <path>.\syscfg\</path>
         <kind>object</kind>
         <file>ti_board_open_close.o</file>
         <name>ti_board_open_close.o</name>
      </input_file>
      <input_file id="fl-d">
         <path>.\syscfg\</path>
         <kind>object</kind>
         <file>ti_enet_config.o</file>
         <name>ti_enet_config.o</name>
      </input_file>
      <input_file id="fl-e">
         <path>.\syscfg\</path>
         <kind>object</kind>
         <file>ti_enet_open_close.o</file>
         <name>ti_enet_open_close.o</name>
      </input_file>
      <input_file id="fl-f">
         <path>.\</path>
         <kind>object</kind>
         <file>trinv_main.o</file>
         <name>trinv_main.o</name>
      </input_file>
      <input_file id="fl-10">
         <path>.\Motor\</path>
         <kind>object</kind>
         <file>FOC_loop.o</file>
         <name>FOC_loop.o</name>
      </input_file>
      <input_file id="fl-11">
         <path>.\Motor\</path>
         <kind>object</kind>
         <file>RDC_HAL.o</file>
         <name>RDC_HAL.o</name>
      </input_file>
      <input_file id="fl-12">
         <path>.\libraries\filter\source\</path>
         <kind>object</kind>
         <file>filter.o</file>
         <name>filter.o</name>
      </input_file>
      <input_file id="fl-13">
         <path>.\libraries\foc\source\</path>
         <kind>object</kind>
         <file>foc.o</file>
         <name>foc.o</name>
      </input_file>
      <input_file id="fl-14">
         <path>.\libraries\temp_sensor\source\</path>
         <kind>object</kind>
         <file>temp_sensor.o</file>
         <name>temp_sensor.o</name>
      </input_file>
      <input_file id="fl-15">
         <path>.\libraries\ucc5870\source\</path>
         <kind>object</kind>
         <file>ucc5870.o</file>
         <name>ucc5870.o</name>
      </input_file>
      <input_file id="fl-22">
         <kind>object</kind>
         <file>&lt;internal&gt;</file>
         <name>&lt;internal&gt;</name>
      </input_file>
      <input_file id="fl-23">
         <path>C:\ti\mcu_plus_sdk_am263x_08_03_01_05\source\kernel\nortos\lib\</path>
         <kind>archive</kind>
         <file>nortos.am263x.r5f.ti-arm-clang.release.lib</file>
         <name>AddrTranslateP_null.obj</name>
      </input_file>
      <input_file id="fl-24">
         <path>C:\ti\mcu_plus_sdk_am263x_08_03_01_05\source\kernel\nortos\lib\</path>
         <kind>archive</kind>
         <file>nortos.am263x.r5f.ti-arm-clang.release.lib</file>
         <name>DebugP_log.obj</name>
      </input_file>
      <input_file id="fl-25">
         <path>C:\ti\mcu_plus_sdk_am263x_08_03_01_05\source\kernel\nortos\lib\</path>
         <kind>archive</kind>
         <file>nortos.am263x.r5f.ti-arm-clang.release.lib</file>
         <name>DebugP_nortos.obj</name>
      </input_file>
      <input_file id="fl-26">
         <path>C:\ti\mcu_plus_sdk_am263x_08_03_01_05\source\kernel\nortos\lib\</path>
         <kind>archive</kind>
         <file>nortos.am263x.r5f.ti-arm-clang.release.lib</file>
         <name>ClockP_nortos.obj</name>
      </input_file>
      <input_file id="fl-27">
         <path>C:\ti\mcu_plus_sdk_am263x_08_03_01_05\source\kernel\nortos\lib\</path>
         <kind>archive</kind>
         <file>nortos.am263x.r5f.ti-arm-clang.release.lib</file>
         <name>ClockP_nortos_r5.obj</name>
      </input_file>
      <input_file id="fl-28">
         <path>C:\ti\mcu_plus_sdk_am263x_08_03_01_05\source\kernel\nortos\lib\</path>
         <kind>archive</kind>
         <file>nortos.am263x.r5f.ti-arm-clang.release.lib</file>
         <name>TimerP_rti.obj</name>
      </input_file>
      <input_file id="fl-29">
         <path>C:\ti\mcu_plus_sdk_am263x_08_03_01_05\source\kernel\nortos\lib\</path>
         <kind>archive</kind>
         <file>nortos.am263x.r5f.ti-arm-clang.release.lib</file>
         <name>HwiP_armv7r_vim.obj</name>
      </input_file>
      <input_file id="fl-2a">
         <path>C:\ti\mcu_plus_sdk_am263x_08_03_01_05\source\kernel\nortos\lib\</path>
         <kind>archive</kind>
         <file>nortos.am263x.r5f.ti-arm-clang.release.lib</file>
         <name>HwiP_armv7r_handlers_nortos.obj</name>
      </input_file>
      <input_file id="fl-2b">
         <path>C:\ti\mcu_plus_sdk_am263x_08_03_01_05\source\kernel\nortos\lib\</path>
         <kind>archive</kind>
         <file>nortos.am263x.r5f.ti-arm-clang.release.lib</file>
         <name>MpuP_armv7r.obj</name>
      </input_file>
      <input_file id="fl-2c">
         <path>C:\ti\mcu_plus_sdk_am263x_08_03_01_05\source\kernel\nortos\lib\</path>
         <kind>archive</kind>
         <file>nortos.am263x.r5f.ti-arm-clang.release.lib</file>
         <name>CacheP_armv7r.obj</name>
      </input_file>
      <input_file id="fl-2d">
         <path>C:\ti\mcu_plus_sdk_am263x_08_03_01_05\source\kernel\nortos\lib\</path>
         <kind>archive</kind>
         <file>nortos.am263x.r5f.ti-arm-clang.release.lib</file>
         <name>printf.obj</name>
      </input_file>
      <input_file id="fl-2e">
         <path>C:\ti\mcu_plus_sdk_am263x_08_03_01_05\source\kernel\nortos\lib\</path>
         <kind>archive</kind>
         <file>nortos.am263x.r5f.ti-arm-clang.release.lib</file>
         <name>HwiP_armv7r_handlers_nortos_asm.obj</name>
      </input_file>
      <input_file id="fl-2f">
         <path>C:\ti\mcu_plus_sdk_am263x_08_03_01_05\source\kernel\nortos\lib\</path>
         <kind>archive</kind>
         <file>nortos.am263x.r5f.ti-arm-clang.release.lib</file>
         <name>HwiP_armv7r_vectors_nortos_asm.obj</name>
      </input_file>
      <input_file id="fl-30">
         <path>C:\ti\mcu_plus_sdk_am263x_08_03_01_05\source\kernel\nortos\lib\</path>
         <kind>archive</kind>
         <file>nortos.am263x.r5f.ti-arm-clang.release.lib</file>
         <name>boot_armv7r_asm.obj</name>
      </input_file>
      <input_file id="fl-31">
         <path>C:\ti\mcu_plus_sdk_am263x_08_03_01_05\source\kernel\nortos\lib\</path>
         <kind>archive</kind>
         <file>nortos.am263x.r5f.ti-arm-clang.release.lib</file>
         <name>HwiP_armv7r_asm.obj</name>
      </input_file>
      <input_file id="fl-32">
         <path>C:\ti\mcu_plus_sdk_am263x_08_03_01_05\source\kernel\nortos\lib\</path>
         <kind>archive</kind>
         <file>nortos.am263x.r5f.ti-arm-clang.release.lib</file>
         <name>MpuP_armv7r_asm.obj</name>
      </input_file>
      <input_file id="fl-33">
         <path>C:\ti\mcu_plus_sdk_am263x_08_03_01_05\source\kernel\nortos\lib\</path>
         <kind>archive</kind>
         <file>nortos.am263x.r5f.ti-arm-clang.release.lib</file>
         <name>CacheP_armv7r_asm.obj</name>
      </input_file>
      <input_file id="fl-34">
         <path>C:\ti\mcu_plus_sdk_am263x_08_03_01_05\source\kernel\nortos\lib\</path>
         <kind>archive</kind>
         <file>nortos.am263x.r5f.ti-arm-clang.release.lib</file>
         <name>boot_armv7r.obj</name>
      </input_file>
      <input_file id="fl-35">
         <path>C:\ti\mcu_plus_sdk_am263x_08_03_01_05\source\kernel\nortos\lib\</path>
         <kind>archive</kind>
         <file>nortos.am263x.r5f.ti-arm-clang.release.lib</file>
         <name>SemaphoreP_nortos.obj</name>
      </input_file>
      <input_file id="fl-36">
         <path>C:\ti\mcu_plus_sdk_am263x_08_03_01_05\source\drivers\lib\</path>
         <kind>archive</kind>
         <file>drivers.am263x.r5f.ti-arm-clang.release.lib</file>
         <name>adc.obj</name>
      </input_file>
      <input_file id="fl-37">
         <path>C:\ti\mcu_plus_sdk_am263x_08_03_01_05\source\drivers\lib\</path>
         <kind>archive</kind>
         <file>drivers.am263x.r5f.ti-arm-clang.release.lib</file>
         <name>edma.obj</name>
      </input_file>
      <input_file id="fl-38">
         <path>C:\ti\mcu_plus_sdk_am263x_08_03_01_05\source\drivers\lib\</path>
         <kind>archive</kind>
         <file>drivers.am263x.r5f.ti-arm-clang.release.lib</file>
         <name>etpwm.obj</name>
      </input_file>
      <input_file id="fl-39">
         <path>C:\ti\mcu_plus_sdk_am263x_08_03_01_05\source\drivers\lib\</path>
         <kind>archive</kind>
         <file>drivers.am263x.r5f.ti-arm-clang.release.lib</file>
         <name>gpio.obj</name>
      </input_file>
      <input_file id="fl-3a">
         <path>C:\ti\mcu_plus_sdk_am263x_08_03_01_05\source\drivers\lib\</path>
         <kind>archive</kind>
         <file>drivers.am263x.r5f.ti-arm-clang.release.lib</file>
         <name>mcspi_v0.obj</name>
      </input_file>
      <input_file id="fl-3b">
         <path>C:\ti\mcu_plus_sdk_am263x_08_03_01_05\source\drivers\lib\</path>
         <kind>archive</kind>
         <file>drivers.am263x.r5f.ti-arm-clang.release.lib</file>
         <name>mcspi_dma.obj</name>
      </input_file>
      <input_file id="fl-3c">
         <path>C:\ti\mcu_plus_sdk_am263x_08_03_01_05\source\drivers\lib\</path>
         <kind>archive</kind>
         <file>drivers.am263x.r5f.ti-arm-clang.release.lib</file>
         <name>pinmux.obj</name>
      </input_file>
      <input_file id="fl-3d">
         <path>C:\ti\mcu_plus_sdk_am263x_08_03_01_05\source\drivers\lib\</path>
         <kind>archive</kind>
         <file>drivers.am263x.r5f.ti-arm-clang.release.lib</file>
         <name>soc.obj</name>
      </input_file>
      <input_file id="fl-3e">
         <path>C:\ti\mcu_plus_sdk_am263x_08_03_01_05\source\drivers\lib\</path>
         <kind>archive</kind>
         <file>drivers.am263x.r5f.ti-arm-clang.release.lib</file>
         <name>soc_rcm.obj</name>
      </input_file>
      <input_file id="fl-3f">
         <path>C:\ti\mcu_plus_sdk_am263x_08_03_01_05\source\drivers\lib\</path>
         <kind>archive</kind>
         <file>drivers.am263x.r5f.ti-arm-clang.release.lib</file>
         <name>uart_v0.obj</name>
      </input_file>
      <input_file id="fl-40">
         <path>C:\ti\mcu_plus_sdk_am263x_08_03_01_05\source\drivers\lib\</path>
         <kind>archive</kind>
         <file>drivers.am263x.r5f.ti-arm-clang.release.lib</file>
         <name>uart_dma.obj</name>
      </input_file>
      <input_file id="fl-4c">
         <path>C:\ti\ti_cgt_tiarmclang_1.3.1.LTS\lib\armv7r-ti-none-eabihf\c\</path>
         <kind>archive</kind>
         <file>libc.a</file>
         <name>fputc.c.obj</name>
      </input_file>
      <input_file id="fl-4d">
         <path>C:\ti\ti_cgt_tiarmclang_1.3.1.LTS\lib\armv7r-ti-none-eabihf\c\</path>
         <kind>archive</kind>
         <file>libc.a</file>
         <name>_io_perm.c.obj</name>
      </input_file>
      <input_file id="fl-4e">
         <path>C:\ti\ti_cgt_tiarmclang_1.3.1.LTS\lib\armv7r-ti-none-eabihf\c\</path>
         <kind>archive</kind>
         <file>libc.a</file>
         <name>setvbuf.c.obj</name>
      </input_file>
      <input_file id="fl-4f">
         <path>C:\ti\ti_cgt_tiarmclang_1.3.1.LTS\lib\armv7r-ti-none-eabihf\c\</path>
         <kind>archive</kind>
         <file>libc.a</file>
         <name>e_sqrtf.c.obj</name>
      </input_file>
      <input_file id="fl-50">
         <path>C:\ti\ti_cgt_tiarmclang_1.3.1.LTS\lib\armv7r-ti-none-eabihf\c\</path>
         <kind>archive</kind>
         <file>libc.a</file>
         <name>s_cosf.c.obj</name>
      </input_file>
      <input_file id="fl-51">
         <path>C:\ti\ti_cgt_tiarmclang_1.3.1.LTS\lib\armv7r-ti-none-eabihf\c\</path>
         <kind>archive</kind>
         <file>libc.a</file>
         <name>s_sinf.c.obj</name>
      </input_file>
      <input_file id="fl-52">
         <path>C:\ti\ti_cgt_tiarmclang_1.3.1.LTS\lib\armv7r-ti-none-eabihf\c\</path>
         <kind>archive</kind>
         <file>libc.a</file>
         <name>aeabi_portable.c.obj</name>
      </input_file>
      <input_file id="fl-53">
         <path>C:\ti\ti_cgt_tiarmclang_1.3.1.LTS\lib\armv7r-ti-none-eabihf\c\</path>
         <kind>archive</kind>
         <file>libc.a</file>
         <name>k_rem_pio2.c.obj</name>
      </input_file>
      <input_file id="fl-54">
         <path>C:\ti\ti_cgt_tiarmclang_1.3.1.LTS\lib\armv7r-ti-none-eabihf\c\</path>
         <kind>archive</kind>
         <file>libc.a</file>
         <name>exit.c.obj</name>
      </input_file>
      <input_file id="fl-55">
         <path>C:\ti\ti_cgt_tiarmclang_1.3.1.LTS\lib\armv7r-ti-none-eabihf\c\</path>
         <kind>archive</kind>
         <file>libc.a</file>
         <name>_lock.c.obj</name>
      </input_file>
      <input_file id="fl-56">
         <path>C:\ti\ti_cgt_tiarmclang_1.3.1.LTS\lib\armv7r-ti-none-eabihf\c\</path>
         <kind>archive</kind>
         <file>libc.a</file>
         <name>assert.c.obj</name>
      </input_file>
      <input_file id="fl-57">
         <path>C:\ti\ti_cgt_tiarmclang_1.3.1.LTS\lib\armv7r-ti-none-eabihf\c\</path>
         <kind>archive</kind>
         <file>libc.a</file>
         <name>defs.c.obj</name>
      </input_file>
      <input_file id="fl-58">
         <path>C:\ti\ti_cgt_tiarmclang_1.3.1.LTS\lib\armv7r-ti-none-eabihf\c\</path>
         <kind>archive</kind>
         <file>libc.a</file>
         <name>memory.c.obj</name>
      </input_file>
      <input_file id="fl-59">
         <path>C:\ti\ti_cgt_tiarmclang_1.3.1.LTS\lib\armv7r-ti-none-eabihf\c\</path>
         <kind>archive</kind>
         <file>libc.a</file>
         <name>strtok.c.obj</name>
      </input_file>
      <input_file id="fl-5a">
         <path>C:\ti\ti_cgt_tiarmclang_1.3.1.LTS\lib\armv7r-ti-none-eabihf\c\</path>
         <kind>archive</kind>
         <file>libc.a</file>
         <name>autoinit.c.obj</name>
      </input_file>
      <input_file id="fl-5b">
         <path>C:\ti\ti_cgt_tiarmclang_1.3.1.LTS\lib\armv7r-ti-none-eabihf\c\</path>
         <kind>archive</kind>
         <file>libc.a</file>
         <name>cpy_tbl.c.obj</name>
      </input_file>
      <input_file id="fl-5c">
         <path>C:\ti\ti_cgt_tiarmclang_1.3.1.LTS\lib\armv7r-ti-none-eabihf\c\</path>
         <kind>archive</kind>
         <file>libc.a</file>
         <name>sprintf.c.obj</name>
      </input_file>
      <input_file id="fl-5d">
         <path>C:\ti\ti_cgt_tiarmclang_1.3.1.LTS\lib\armv7r-ti-none-eabihf\c\</path>
         <kind>archive</kind>
         <file>libc.a</file>
         <name>fflush.c.obj</name>
      </input_file>
      <input_file id="fl-5e">
         <path>C:\ti\ti_cgt_tiarmclang_1.3.1.LTS\lib\armv7r-ti-none-eabihf\c\</path>
         <kind>archive</kind>
         <file>libc.a</file>
         <name>fopen.c.obj</name>
      </input_file>
      <input_file id="fl-5f">
         <path>C:\ti\ti_cgt_tiarmclang_1.3.1.LTS\lib\armv7r-ti-none-eabihf\c\</path>
         <kind>archive</kind>
         <file>libc.a</file>
         <name>fputs.c.obj</name>
      </input_file>
      <input_file id="fl-60">
         <path>C:\ti\ti_cgt_tiarmclang_1.3.1.LTS\lib\armv7r-ti-none-eabihf\c\</path>
         <kind>archive</kind>
         <file>libc.a</file>
         <name>fseek.c.obj</name>
      </input_file>
      <input_file id="fl-61">
         <path>C:\ti\ti_cgt_tiarmclang_1.3.1.LTS\lib\armv7r-ti-none-eabihf\c\</path>
         <kind>archive</kind>
         <file>libc.a</file>
         <name>s_floor.c.obj</name>
      </input_file>
      <input_file id="fl-62">
         <path>C:\ti\ti_cgt_tiarmclang_1.3.1.LTS\lib\armv7r-ti-none-eabihf\c\</path>
         <kind>archive</kind>
         <file>libc.a</file>
         <name>s_scalbn.c.obj</name>
      </input_file>
      <input_file id="fl-63">
         <path>C:\ti\ti_cgt_tiarmclang_1.3.1.LTS\lib\armv7r-ti-none-eabihf\c\</path>
         <kind>archive</kind>
         <file>libc.a</file>
         <name>strcspn.c.obj</name>
      </input_file>
      <input_file id="fl-64">
         <path>C:\ti\ti_cgt_tiarmclang_1.3.1.LTS\lib\armv7r-ti-none-eabihf\c\</path>
         <kind>archive</kind>
         <file>libc.a</file>
         <name>strspn.c.obj</name>
      </input_file>
      <input_file id="fl-65">
         <path>C:\ti\ti_cgt_tiarmclang_1.3.1.LTS\lib\armv7r-ti-none-eabihf\c\</path>
         <kind>archive</kind>
         <file>libc.a</file>
         <name>_printfi.c.obj</name>
      </input_file>
      <input_file id="fl-66">
         <path>C:\ti\ti_cgt_tiarmclang_1.3.1.LTS\lib\armv7r-ti-none-eabihf\c\</path>
         <kind>archive</kind>
         <file>libc.a</file>
         <name>fclose.c.obj</name>
      </input_file>
      <input_file id="fl-67">
         <path>C:\ti\ti_cgt_tiarmclang_1.3.1.LTS\lib\armv7r-ti-none-eabihf\c\</path>
         <kind>archive</kind>
         <file>libc.a</file>
         <name>s_frexp.c.obj</name>
      </input_file>
      <input_file id="fl-68">
         <path>C:\ti\ti_cgt_tiarmclang_1.3.1.LTS\lib\armv7r-ti-none-eabihf\c\</path>
         <kind>archive</kind>
         <file>libc.a</file>
         <name>wcslen.c.obj</name>
      </input_file>
      <input_file id="fl-69">
         <path>C:\ti\ti_cgt_tiarmclang_1.3.1.LTS\lib\armv7r-ti-none-eabihf\c\</path>
         <kind>archive</kind>
         <file>libc.a</file>
         <name>_ltoa.c.obj</name>
      </input_file>
      <input_file id="fl-6a">
         <path>C:\ti\ti_cgt_tiarmclang_1.3.1.LTS\lib\armv7r-ti-none-eabihf\c\</path>
         <kind>archive</kind>
         <file>libc.a</file>
         <name>atoi.c.obj</name>
      </input_file>
      <input_file id="fl-6b">
         <path>C:\ti\ti_cgt_tiarmclang_1.3.1.LTS\lib\armv7r-ti-none-eabihf\c\</path>
         <kind>archive</kind>
         <file>libc.a</file>
         <name>memccpy.c.obj</name>
      </input_file>
      <input_file id="fl-6c">
         <path>C:\ti\ti_cgt_tiarmclang_1.3.1.LTS\lib\armv7r-ti-none-eabihf\c\</path>
         <kind>archive</kind>
         <file>libc.a</file>
         <name>aeabi_ctype.S.obj</name>
      </input_file>
      <input_file id="fl-a5">
         <path>C:\ti\ti_cgt_tiarmclang_1.3.1.LTS\lib\armv7r-ti-none-eabihf\c\</path>
         <kind>archive</kind>
         <file>libsysbm.a</file>
         <name>write.c.obj</name>
      </input_file>
      <input_file id="fl-a6">
         <path>C:\ti\ti_cgt_tiarmclang_1.3.1.LTS\lib\armv7r-ti-none-eabihf\c\</path>
         <kind>archive</kind>
         <file>libsysbm.a</file>
         <name>host_device.c.obj</name>
      </input_file>
      <input_file id="fl-a7">
         <path>C:\ti\ti_cgt_tiarmclang_1.3.1.LTS\lib\armv7r-ti-none-eabihf\c\</path>
         <kind>archive</kind>
         <file>libsysbm.a</file>
         <name>remove.c.obj</name>
      </input_file>
      <input_file id="fl-a8">
         <path>C:\ti\ti_cgt_tiarmclang_1.3.1.LTS\lib\armv7r-ti-none-eabihf\c\</path>
         <kind>archive</kind>
         <file>libsysbm.a</file>
         <name>open.c.obj</name>
      </input_file>
      <input_file id="fl-a9">
         <path>C:\ti\ti_cgt_tiarmclang_1.3.1.LTS\lib\armv7r-ti-none-eabihf\c\</path>
         <kind>archive</kind>
         <file>libsysbm.a</file>
         <name>lseek.c.obj</name>
      </input_file>
      <input_file id="fl-aa">
         <path>C:\ti\ti_cgt_tiarmclang_1.3.1.LTS\lib\armv7r-ti-none-eabihf\c\</path>
         <kind>archive</kind>
         <file>libsysbm.a</file>
         <name>close.c.obj</name>
      </input_file>
      <input_file id="fl-ab">
         <path>C:\ti\ti_cgt_tiarmclang_1.3.1.LTS\lib\armv7r-ti-none-eabihf\c\</path>
         <kind>archive</kind>
         <file>libsysbm.a</file>
         <name>unlink.c.obj</name>
      </input_file>
      <input_file id="fl-ac">
         <path>C:\ti\ti_cgt_tiarmclang_1.3.1.LTS\lib\armv7r-ti-none-eabihf\c\</path>
         <kind>archive</kind>
         <file>libsysbm.a</file>
         <name>hostclose.c.obj</name>
      </input_file>
      <input_file id="fl-ad">
         <path>C:\ti\ti_cgt_tiarmclang_1.3.1.LTS\lib\armv7r-ti-none-eabihf\c\</path>
         <kind>archive</kind>
         <file>libsysbm.a</file>
         <name>hostlseek.c.obj</name>
      </input_file>
      <input_file id="fl-ae">
         <path>C:\ti\ti_cgt_tiarmclang_1.3.1.LTS\lib\armv7r-ti-none-eabihf\c\</path>
         <kind>archive</kind>
         <file>libsysbm.a</file>
         <name>hostopen.c.obj</name>
      </input_file>
      <input_file id="fl-af">
         <path>C:\ti\ti_cgt_tiarmclang_1.3.1.LTS\lib\armv7r-ti-none-eabihf\c\</path>
         <kind>archive</kind>
         <file>libsysbm.a</file>
         <name>hostread.c.obj</name>
      </input_file>
      <input_file id="fl-b0">
         <path>C:\ti\ti_cgt_tiarmclang_1.3.1.LTS\lib\armv7r-ti-none-eabihf\c\</path>
         <kind>archive</kind>
         <file>libsysbm.a</file>
         <name>hostrename.c.obj</name>
      </input_file>
      <input_file id="fl-b1">
         <path>C:\ti\ti_cgt_tiarmclang_1.3.1.LTS\lib\armv7r-ti-none-eabihf\c\</path>
         <kind>archive</kind>
         <file>libsysbm.a</file>
         <name>hostunlink.c.obj</name>
      </input_file>
      <input_file id="fl-b2">
         <path>C:\ti\ti_cgt_tiarmclang_1.3.1.LTS\lib\armv7r-ti-none-eabihf\c\</path>
         <kind>archive</kind>
         <file>libsysbm.a</file>
         <name>hostwrite.c.obj</name>
      </input_file>
      <input_file id="fl-b3">
         <path>C:\ti\ti_cgt_tiarmclang_1.3.1.LTS\lib\armv7r-ti-none-eabihf\c\</path>
         <kind>archive</kind>
         <file>libsysbm.a</file>
         <name>trgmsg.c.obj</name>
      </input_file>
      <input_file id="fl-b4">
         <path>C:\ti\ti_cgt_tiarmclang_1.3.1.LTS\lib\clang\12.0.1\lib\armv7r-ti-none-eabihf\</path>
         <kind>archive</kind>
         <file>libclang_rt.builtins.a</file>
         <name>divsi3.S.obj</name>
      </input_file>
      <input_file id="fl-b5">
         <path>C:\ti\ti_cgt_tiarmclang_1.3.1.LTS\lib\clang\12.0.1\lib\armv7r-ti-none-eabihf\</path>
         <kind>archive</kind>
         <file>libclang_rt.builtins.a</file>
         <name>udivsi3.S.obj</name>
      </input_file>
      <input_file id="fl-b6">
         <path>C:\ti\ti_cgt_tiarmclang_1.3.1.LTS\lib\clang\12.0.1\lib\armv7r-ti-none-eabihf\</path>
         <kind>archive</kind>
         <file>libclang_rt.builtins.a</file>
         <name>aeabi_div0.c.obj</name>
      </input_file>
      <input_file id="fl-b7">
         <path>C:\ti\ti_cgt_tiarmclang_1.3.1.LTS\lib\clang\12.0.1\lib\armv7r-ti-none-eabihf\</path>
         <kind>archive</kind>
         <file>libclang_rt.builtins.a</file>
         <name>aeabi_memcpy.S.obj</name>
      </input_file>
      <input_file id="fl-b8">
         <path>C:\ti\ti_cgt_tiarmclang_1.3.1.LTS\lib\clang\12.0.1\lib\armv7r-ti-none-eabihf\</path>
         <kind>archive</kind>
         <file>libclang_rt.builtins.a</file>
         <name>aeabi_memset.S.obj</name>
      </input_file>
      <input_file id="fl-b9">
         <path>C:\ti\ti_cgt_tiarmclang_1.3.1.LTS\lib\clang\12.0.1\lib\armv7r-ti-none-eabihf\</path>
         <kind>archive</kind>
         <file>libclang_rt.builtins.a</file>
         <name>aeabi_uldivmod.S.obj</name>
      </input_file>
      <input_file id="fl-ba">
         <path>C:\ti\ti_cgt_tiarmclang_1.3.1.LTS\lib\clang\12.0.1\lib\armv7r-ti-none-eabihf\</path>
         <kind>archive</kind>
         <file>libclang_rt.builtins.a</file>
         <name>udivmoddi4.S.obj</name>
      </input_file>
      <input_file id="fl-bb">
         <path>C:\ti\ti_cgt_tiarmclang_1.3.1.LTS\lib\armv7r-ti-none-eabihf\c\</path>
         <kind>archive</kind>
         <file>libc.a</file>
         <name>getdevice.c.obj</name>
      </input_file>
      <input_file id="fl-bc">
         <path>C:\ti\ti_cgt_tiarmclang_1.3.1.LTS\lib\armv7r-ti-none-eabihf\c\</path>
         <kind>archive</kind>
         <file>libsysbm.a</file>
         <name>memcpy32.S.obj</name>
      </input_file>
      <input_file id="fl-bd">
         <path>C:\ti\ti_cgt_tiarmclang_1.3.1.LTS\lib\armv7r-ti-none-eabihf\c\</path>
         <kind>archive</kind>
         <file>libsysbm.a</file>
         <name>memset32.S.obj</name>
      </input_file>
      <input_file id="fl-be">
         <path>C:\ti\mcu_plus_sdk_am263x_08_03_01_05\source\kernel\nortos\lib\</path>
         <kind>archive</kind>
         <file>nortos.am263x.r5f.ti-arm-clang.release.lib</file>
         <name>CpuId_armv7r.obj</name>
      </input_file>
      <input_file id="fl-bf">
         <path>C:\ti\mcu_plus_sdk_am263x_08_03_01_05\source\kernel\nortos\lib\</path>
         <kind>archive</kind>
         <file>nortos.am263x.r5f.ti-arm-clang.release.lib</file>
         <name>TaskP_nortos.obj</name>
      </input_file>
      <input_file id="fl-c0">
         <path>C:\ti\mcu_plus_sdk_am263x_08_03_01_05\source\kernel\nortos\lib\</path>
         <kind>archive</kind>
         <file>nortos.am263x.r5f.ti-arm-clang.release.lib</file>
         <name>CpuId_armv7r_asm.obj</name>
      </input_file>
   </input_file_list>
   <object_component_list>
      <object_component id="oc-38">
         <name>.vectors</name>
         <load_address>0x0</load_address>
         <run_address>0x0</run_address>
         <size>0x40</size>
         <input_file_ref idref="fl-2f"/>
      </object_component>
      <object_component id="oc-6f">
         <name>.text.hwi</name>
         <load_address>0x7009daf0</load_address>
         <run_address>0x7009daf0</run_address>
         <size>0x442</size>
         <input_file_ref idref="fl-29"/>
      </object_component>
      <object_component id="oc-308">
         <name>.tramp.HwiP_enableFIQ.1</name>
         <load_address>0x7009df34</load_address>
         <run_address>0x7009df34</run_address>
         <size>0x8</size>
         <input_file_ref idref="fl-31"/>
      </object_component>
      <object_component id="oc-53">
         <name>.text.hwi</name>
         <load_address>0x7009df40</load_address>
         <run_address>0x7009df40</run_address>
         <size>0x22e</size>
         <input_file_ref idref="fl-2a"/>
      </object_component>
      <object_component id="oc-57">
         <name>.text.hwi</name>
         <load_address>0x7009e170</load_address>
         <run_address>0x7009e170</run_address>
         <size>0x78</size>
         <input_file_ref idref="fl-2e"/>
      </object_component>
      <object_component id="oc-74">
         <name>.text.hwi</name>
         <load_address>0x7009e1e8</load_address>
         <run_address>0x7009e1e8</run_address>
         <size>0x70</size>
         <input_file_ref idref="fl-31"/>
      </object_component>
      <object_component id="oc-b3">
         <name>.text.cache</name>
         <load_address>0x7009e260</load_address>
         <run_address>0x7009e260</run_address>
         <size>0x340</size>
         <input_file_ref idref="fl-33"/>
      </object_component>
      <object_component id="oc-7d">
         <name>.text.cache</name>
         <load_address>0x7009e5a0</load_address>
         <run_address>0x7009e5a0</run_address>
         <size>0x106</size>
         <input_file_ref idref="fl-2c"/>
      </object_component>
      <object_component id="oc-30b">
         <name>.tramp.CacheP_invL1d.1</name>
         <load_address>0x7009e6a8</load_address>
         <run_address>0x7009e6a8</run_address>
         <size>0x8</size>
         <input_file_ref idref="fl-33"/>
      </object_component>
      <object_component id="oc-30a">
         <name>.tramp.HwiP_restore.2</name>
         <load_address>0x7009e6b0</load_address>
         <run_address>0x7009e6b0</run_address>
         <size>0x8</size>
         <input_file_ref idref="fl-31"/>
      </object_component>
      <object_component id="oc-309">
         <name>.tramp.CacheP_enableL1p.1</name>
         <load_address>0x7009e6b8</load_address>
         <run_address>0x7009e6b8</run_address>
         <size>0x8</size>
         <input_file_ref idref="fl-33"/>
      </object_component>
      <object_component id="oc-81">
         <name>.text.mpu</name>
         <load_address>0x7009e6c0</load_address>
         <run_address>0x7009e6c0</run_address>
         <size>0x1b4</size>
         <input_file_ref idref="fl-2b"/>
      </object_component>
      <object_component id="oc-be">
         <name>.text.mpu</name>
         <load_address>0x7009e874</load_address>
         <run_address>0x7009e874</run_address>
         <size>0x78</size>
         <input_file_ref idref="fl-32"/>
      </object_component>
      <object_component id="oc-30d">
         <name>.tramp.MpuP_isEnableAsm.1</name>
         <load_address>0x7009e8ec</load_address>
         <run_address>0x7009e8ec</run_address>
         <size>0x8</size>
         <input_file_ref idref="fl-32"/>
      </object_component>
      <object_component id="oc-30c">
         <name>.tramp.HwiP_restore.3</name>
         <load_address>0x7009e8f4</load_address>
         <run_address>0x7009e8f4</run_address>
         <size>0x8</size>
         <input_file_ref idref="fl-31"/>
      </object_component>
      <object_component id="oc-4f">
         <name>.text.boot</name>
         <load_address>0x7009e900</load_address>
         <run_address>0x7009e900</run_address>
         <size>0xfc</size>
         <input_file_ref idref="fl-30"/>
      </object_component>
      <object_component id="oc-ab">
         <name>.text.boot</name>
         <load_address>0x7009ea00</load_address>
         <run_address>0x7009ea00</run_address>
         <size>0x1e</size>
         <input_file_ref idref="fl-24"/>
      </object_component>
      <object_component id="oc-5c">
         <name>.text.boot</name>
         <load_address>0x7009ea20</load_address>
         <run_address>0x7009ea20</run_address>
         <size>0x10</size>
         <input_file_ref idref="fl-6"/>
      </object_component>
      <object_component id="oc-30e">
         <name>.tramp.MpuP_init.1</name>
         <load_address>0x7009ea30</load_address>
         <run_address>0x7009ea30</run_address>
         <size>0xc</size>
         <input_file_ref idref="fl-2b"/>
      </object_component>
      <object_component id="oc-a7">
         <name>.text:abort</name>
         <load_address>0x7009ea40</load_address>
         <run_address>0x7009ea40</run_address>
         <size>0x8</size>
         <input_file_ref idref="fl-54"/>
      </object_component>
      <object_component id="oc-173">
         <name>.text.Drivers_epwmOpen</name>
         <load_address>0x70080000</load_address>
         <run_address>0x70080000</run_address>
         <size>0x4b64</size>
         <input_file_ref idref="fl-8"/>
      </object_component>
      <object_component id="oc-25f">
         <name>.text.__aeabi_errno_addr</name>
         <load_address>0x70084b64</load_address>
         <run_address>0x70084b64</run_address>
         <size>0xc</size>
         <input_file_ref idref="fl-52"/>
      </object_component>
      <object_component id="oc-16c">
         <name>.text.Drivers_adcOpen</name>
         <load_address>0x70084b70</load_address>
         <run_address>0x70084b70</run_address>
         <size>0x2094</size>
         <input_file_ref idref="fl-8"/>
      </object_component>
      <object_component id="oc-29c">
         <name>.text.malloc</name>
         <load_address>0x70086c04</load_address>
         <run_address>0x70086c04</run_address>
         <size>0xc</size>
         <input_file_ref idref="fl-58"/>
      </object_component>
      <object_component id="oc-1fa">
         <name>.text._vsnprintf</name>
         <load_address>0x70086c10</load_address>
         <run_address>0x70086c10</run_address>
         <size>0x55e</size>
         <input_file_ref idref="fl-2d"/>
      </object_component>
      <object_component id="oc-1bc">
         <name>.text.SOC_rcmEnablePeripheralClock</name>
         <load_address>0x70087170</load_address>
         <run_address>0x70087170</run_address>
         <size>0x53c</size>
         <input_file_ref idref="fl-3e"/>
      </object_component>
      <object_component id="oc-1ab">
         <name>.text._nop</name>
         <load_address>0x700876ac</load_address>
         <run_address>0x700876ac</run_address>
         <size>0x4</size>
         <input_file_ref idref="fl-55"/>
      </object_component>
      <object_component id="oc-17a">
         <name>.text.UART_open</name>
         <load_address>0x700876b0</load_address>
         <run_address>0x700876b0</run_address>
         <size>0x3d8</size>
         <input_file_ref idref="fl-3f"/>
      </object_component>
      <object_component id="oc-297">
         <name>.text.fseek</name>
         <load_address>0x70087a88</load_address>
         <run_address>0x70087a88</run_address>
         <size>0x4</size>
         <input_file_ref idref="fl-60"/>
      </object_component>
      <object_component id="oc-2b0">
         <name>.text.remove</name>
         <load_address>0x70087a8c</load_address>
         <run_address>0x70087a8c</run_address>
         <size>0x4</size>
         <input_file_ref idref="fl-a7"/>
      </object_component>
      <object_component id="oc-11b">
         <name>.text.FOC_init</name>
         <load_address>0x70087a90</load_address>
         <run_address>0x70087a90</run_address>
         <size>0x370</size>
         <input_file_ref idref="fl-10"/>
      </object_component>
      <object_component id="oc-240">
         <name>.text._ftoa</name>
         <load_address>0x70087e00</load_address>
         <run_address>0x70087e00</run_address>
         <size>0x350</size>
         <input_file_ref idref="fl-2d"/>
      </object_component>
      <object_component id="oc-204">
         <name>.text.RDCexc_start</name>
         <load_address>0x70088150</load_address>
         <run_address>0x70088150</run_address>
         <size>0x324</size>
         <input_file_ref idref="fl-11"/>
      </object_component>
      <object_component id="oc-28a">
         <name>.text</name>
         <load_address>0x70088474</load_address>
         <run_address>0x70088474</run_address>
         <size>0xc</size>
         <input_file_ref idref="fl-c0"/>
      </object_component>
      <object_component id="oc-db">
         <name>.text.EDMA_init</name>
         <load_address>0x70088480</load_address>
         <run_address>0x70088480</run_address>
         <size>0x2ec</size>
         <input_file_ref idref="fl-37"/>
      </object_component>
      <object_component id="oc-138">
         <name>.text</name>
         <load_address>0x7008876c</load_address>
         <run_address>0x7008876c</run_address>
         <size>0x4</size>
         <input_file_ref idref="fl-b7"/>
      </object_component>
      <object_component id="oc-241">
         <name>.text._etoa</name>
         <load_address>0x70088770</load_address>
         <run_address>0x70088770</run_address>
         <size>0x2e8</size>
         <input_file_ref idref="fl-2d"/>
      </object_component>
      <object_component id="oc-306">
         <name>.tramp.putchar_.1</name>
         <load_address>0x70088a58</load_address>
         <run_address>0x70088a58</run_address>
         <size>0x8</size>
         <input_file_ref idref="fl-6"/>
      </object_component>
      <object_component id="oc-175">
         <name>.text.MCSPI_open</name>
         <load_address>0x70088a60</load_address>
         <run_address>0x70088a60</run_address>
         <size>0x298</size>
         <input_file_ref idref="fl-3a"/>
      </object_component>
      <object_component id="oc-303">
         <name>.tramp.HwiP_restore.1</name>
         <load_address>0x70088cf8</load_address>
         <run_address>0x70088cf8</run_address>
         <size>0x8</size>
         <input_file_ref idref="fl-31"/>
      </object_component>
      <object_component id="oc-176">
         <name>.text.MCSPI_chConfig</name>
         <load_address>0x70088d00</load_address>
         <run_address>0x70088d00</run_address>
         <size>0x280</size>
         <input_file_ref idref="fl-3a"/>
      </object_component>
      <object_component id="oc-1a5">
         <name>.text.FOCcal_ISR</name>
         <load_address>0x70088f80</load_address>
         <run_address>0x70088f80</run_address>
         <size>0x278</size>
         <input_file_ref idref="fl-10"/>
      </object_component>
      <object_component id="oc-f3">
         <name>.text.Drivers_open</name>
         <load_address>0x70089200</load_address>
         <run_address>0x70089200</run_address>
         <size>0x270</size>
         <input_file_ref idref="fl-8"/>
      </object_component>
      <object_component id="oc-1f6">
         <name>.text.UART_masterIsr</name>
         <load_address>0x70089470</load_address>
         <run_address>0x70089470</run_address>
         <size>0x21a</size>
         <input_file_ref idref="fl-3f"/>
      </object_component>
      <object_component id="oc-20e">
         <name>.text.UART_write</name>
         <load_address>0x70089690</load_address>
         <run_address>0x70089690</run_address>
         <size>0x1e0</size>
         <input_file_ref idref="fl-3f"/>
      </object_component>
      <object_component id="oc-1c2">
         <name>.text.SOC_rcmSetPeripheralClock</name>
         <load_address>0x70089870</load_address>
         <run_address>0x70089870</run_address>
         <size>0x1d6</size>
         <input_file_ref idref="fl-3e"/>
      </object_component>
      <object_component id="oc-1ee">
         <name>.text.UART_fifoConfig</name>
         <load_address>0x70089a50</load_address>
         <run_address>0x70089a50</run_address>
         <size>0x1d0</size>
         <input_file_ref idref="fl-3f"/>
      </object_component>
      <object_component id="oc-291">
         <name>.text</name>
         <load_address>0x70089c20</load_address>
         <run_address>0x70089c20</run_address>
         <size>0x1d0</size>
         <input_file_ref idref="fl-b5"/>
      </object_component>
      <object_component id="oc-29b">
         <name>.text.free</name>
         <load_address>0x70089df0</load_address>
         <run_address>0x70089df0</run_address>
         <size>0x1bc</size>
         <input_file_ref idref="fl-58"/>
      </object_component>
      <object_component id="oc-2a2">
         <name>.text.aligned_alloc</name>
         <load_address>0x70089fac</load_address>
         <run_address>0x70089fac</run_address>
         <size>0x1b0</size>
         <input_file_ref idref="fl-58"/>
      </object_component>
      <object_component id="oc-12a">
         <name>.text.EDMA_deinit</name>
         <load_address>0x7008a160</load_address>
         <run_address>0x7008a160</run_address>
         <size>0x1a2</size>
         <input_file_ref idref="fl-37"/>
      </object_component>
      <object_component id="oc-305">
         <name>.tramp.Pinmux_config.1</name>
         <load_address>0x7008a304</load_address>
         <run_address>0x7008a304</run_address>
         <size>0xc</size>
         <input_file_ref idref="fl-3c"/>
      </object_component>
      <object_component id="oc-256">
         <name>.text.SOC_virtToPhy</name>
         <load_address>0x7008a310</load_address>
         <run_address>0x7008a310</run_address>
         <size>0x19e</size>
         <input_file_ref idref="fl-3d"/>
      </object_component>
      <object_component id="oc-210">
         <name>.text:memcpy</name>
         <load_address>0x7008a4b0</load_address>
         <run_address>0x7008a4b0</run_address>
         <size>0x180</size>
         <input_file_ref idref="fl-bc"/>
      </object_component>
      <object_component id="oc-209">
         <name>.text.RDCexc_update</name>
         <load_address>0x7008a630</load_address>
         <run_address>0x7008a630</run_address>
         <size>0x174</size>
         <input_file_ref idref="fl-11"/>
      </object_component>
      <object_component id="oc-304">
         <name>.tramp.UART_write.1</name>
         <load_address>0x7008a7a4</load_address>
         <run_address>0x7008a7a4</run_address>
         <size>0xc</size>
         <input_file_ref idref="fl-3f"/>
      </object_component>
      <object_component id="oc-218">
         <name>.text.SOC_rcmGetPeripheralClockFrequency</name>
         <load_address>0x7008a7b0</load_address>
         <run_address>0x7008a7b0</run_address>
         <size>0x15a</size>
         <input_file_ref idref="fl-3e"/>
      </object_component>
      <object_component id="oc-280">
         <name>.text.floor</name>
         <load_address>0x7008a910</load_address>
         <run_address>0x7008a910</run_address>
         <size>0x154</size>
         <input_file_ref idref="fl-61"/>
      </object_component>
      <object_component id="oc-298">
         <name>.text.setvbuf</name>
         <load_address>0x7008aa64</load_address>
         <run_address>0x7008aa64</run_address>
         <size>0x148</size>
         <input_file_ref idref="fl-4e"/>
      </object_component>
      <object_component id="oc-275">
         <name>.text._ntoa_format</name>
         <load_address>0x7008abb0</load_address>
         <run_address>0x7008abb0</run_address>
         <size>0x146</size>
         <input_file_ref idref="fl-2d"/>
      </object_component>
      <object_component id="oc-17b">
         <name>.text.UART_close</name>
         <load_address>0x7008ad00</load_address>
         <run_address>0x7008ad00</run_address>
         <size>0x144</size>
         <input_file_ref idref="fl-3f"/>
      </object_component>
      <object_component id="oc-302">
         <name>.tramp.UART_init.1</name>
         <load_address>0x7008ae44</load_address>
         <run_address>0x7008ae44</run_address>
         <size>0xc</size>
         <input_file_ref idref="fl-3f"/>
      </object_component>
      <object_component id="oc-1b5">
         <name>.text.TimerP_setup</name>
         <load_address>0x7008ae50</load_address>
         <run_address>0x7008ae50</run_address>
         <size>0x140</size>
         <input_file_ref idref="fl-28"/>
      </object_component>
      <object_component id="oc-27f">
         <name>.text.scalbn</name>
         <load_address>0x7008af90</load_address>
         <run_address>0x7008af90</run_address>
         <size>0x140</size>
         <input_file_ref idref="fl-62"/>
      </object_component>
      <object_component id="oc-169">
         <name>.text.EDMA_open</name>
         <load_address>0x7008b0d0</load_address>
         <run_address>0x7008b0d0</run_address>
         <size>0x11e</size>
         <input_file_ref idref="fl-37"/>
      </object_component>
      <object_component id="oc-1eb">
         <name>.text.MCSPI_slaveIsr</name>
         <load_address>0x7008b1f0</load_address>
         <run_address>0x7008b1f0</run_address>
         <size>0x11e</size>
         <input_file_ref idref="fl-3a"/>
      </object_component>
      <object_component id="oc-232">
         <name>.text.MCSPI_continueTxRx</name>
         <load_address>0x7008b310</load_address>
         <run_address>0x7008b310</run_address>
         <size>0x11a</size>
         <input_file_ref idref="fl-3a"/>
      </object_component>
      <object_component id="oc-1d2">
         <name>.text.EDMA_transferCompletionMasterIsrFxn</name>
         <load_address>0x7008b430</load_address>
         <run_address>0x7008b430</run_address>
         <size>0x118</size>
         <input_file_ref idref="fl-37"/>
      </object_component>
      <object_component id="oc-221">
         <name>.text</name>
         <load_address>0x7008b548</load_address>
         <run_address>0x7008b548</run_address>
         <size>0x118</size>
         <input_file_ref idref="fl-ba"/>
      </object_component>
      <object_component id="oc-289">
         <name>.text.Alloc_resource</name>
         <load_address>0x7008b660</load_address>
         <run_address>0x7008b660</run_address>
         <size>0x116</size>
         <input_file_ref idref="fl-37"/>
      </object_component>
      <object_component id="oc-13c">
         <name>.text.ClockP_init</name>
         <load_address>0x7008b780</load_address>
         <run_address>0x7008b780</run_address>
         <size>0xfc</size>
         <input_file_ref idref="fl-27"/>
      </object_component>
      <object_component id="oc-1ec">
         <name>.text.MCSPI_masterIsr</name>
         <load_address>0x7008b880</load_address>
         <run_address>0x7008b880</run_address>
         <size>0xf2</size>
         <input_file_ref idref="fl-3a"/>
      </object_component>
      <object_component id="oc-287">
         <name>.text.fputc</name>
         <load_address>0x7008b974</load_address>
         <run_address>0x7008b974</run_address>
         <size>0xe8</size>
         <input_file_ref idref="fl-4c"/>
      </object_component>
      <object_component id="oc-177">
         <name>.text.MCSPI_close</name>
         <load_address>0x7008ba60</load_address>
         <run_address>0x7008ba60</run_address>
         <size>0xe6</size>
         <input_file_ref idref="fl-3a"/>
      </object_component>
      <object_component id="oc-276">
         <name>.text.EDMA_allocResource</name>
         <load_address>0x7008bb50</load_address>
         <run_address>0x7008bb50</run_address>
         <size>0xd4</size>
         <input_file_ref idref="fl-37"/>
      </object_component>
      <object_component id="oc-9d">
         <name>.text.trinv_main</name>
         <load_address>0x7008bc30</load_address>
         <run_address>0x7008bc30</run_address>
         <size>0xd4</size>
         <input_file_ref idref="fl-f"/>
      </object_component>
      <object_component id="oc-122">
         <name>.text.FOC_run</name>
         <load_address>0x7008bd10</load_address>
         <run_address>0x7008bd10</run_address>
         <size>0xd0</size>
         <input_file_ref idref="fl-10"/>
      </object_component>
      <object_component id="oc-230">
         <name>.text.MCSPI_continueSlaveTxRx</name>
         <load_address>0x7008bde0</load_address>
         <run_address>0x7008bde0</run_address>
         <size>0xd0</size>
         <input_file_ref idref="fl-3a"/>
      </object_component>
      <object_component id="oc-2b9">
         <name>.text.getdevice</name>
         <load_address>0x7008beb0</load_address>
         <run_address>0x7008beb0</run_address>
         <size>0xcc</size>
         <input_file_ref idref="fl-bb"/>
      </object_component>
      <object_component id="oc-121">
         <name>.text.FOC_cal</name>
         <load_address>0x7008bf80</load_address>
         <run_address>0x7008bf80</run_address>
         <size>0xc8</size>
         <input_file_ref idref="fl-10"/>
      </object_component>
      <object_component id="oc-264">
         <name>.text.SOC_rcmGetCoreHSDivOut</name>
         <load_address>0x7008c050</load_address>
         <run_address>0x7008c050</run_address>
         <size>0xc4</size>
         <input_file_ref idref="fl-3e"/>
      </object_component>
      <object_component id="oc-19b">
         <name>.text.motor_init</name>
         <load_address>0x7008c120</load_address>
         <run_address>0x7008c120</run_address>
         <size>0xc4</size>
         <input_file_ref idref="fl-13"/>
      </object_component>
      <object_component id="oc-124">
         <name>.text.SerialCmd_read</name>
         <load_address>0x7008c1f0</load_address>
         <run_address>0x7008c1f0</run_address>
         <size>0xb8</size>
         <input_file_ref idref="fl-2"/>
      </object_component>
      <object_component id="oc-1ef">
         <name>.text.UART_divisorLatchWrite</name>
         <load_address>0x7008c2b0</load_address>
         <run_address>0x7008c2b0</run_address>
         <size>0xb6</size>
         <input_file_ref idref="fl-3f"/>
      </object_component>
      <object_component id="oc-2a3">
         <name>.text.__TI_closefile</name>
         <load_address>0x7008c368</load_address>
         <run_address>0x7008c368</run_address>
         <size>0xb4</size>
         <input_file_ref idref="fl-66"/>
      </object_component>
      <object_component id="oc-1f7">
         <name>.text.UART_flushTxFifo</name>
         <load_address>0x7008c420</load_address>
         <run_address>0x7008c420</run_address>
         <size>0xb2</size>
         <input_file_ref idref="fl-3f"/>
      </object_component>
      <object_component id="oc-29a">
         <name>.text.fseeko</name>
         <load_address>0x7008c4d4</load_address>
         <run_address>0x7008c4d4</run_address>
         <size>0xac</size>
         <input_file_ref idref="fl-60"/>
      </object_component>
      <object_component id="oc-93">
         <name>.text.System_init</name>
         <load_address>0x7008c580</load_address>
         <run_address>0x7008c580</run_address>
         <size>0xa8</size>
         <input_file_ref idref="fl-7"/>
      </object_component>
      <object_component id="oc-237">
         <name>.text.UART_procLineStatusErr</name>
         <load_address>0x7008c630</load_address>
         <run_address>0x7008c630</run_address>
         <size>0xa4</size>
         <input_file_ref idref="fl-3f"/>
      </object_component>
      <object_component id="oc-2ad">
         <name>.text.split</name>
         <load_address>0x7008c6d4</load_address>
         <run_address>0x7008c6d4</run_address>
         <size>0xa4</size>
         <input_file_ref idref="fl-58"/>
      </object_component>
      <object_component id="oc-242">
         <name>.text._ntoa_long_long</name>
         <load_address>0x7008c780</load_address>
         <run_address>0x7008c780</run_address>
         <size>0xa2</size>
         <input_file_ref idref="fl-2d"/>
      </object_component>
      <object_component id="oc-2ab">
         <name>.text.HOSTrename</name>
         <load_address>0x7008c824</load_address>
         <run_address>0x7008c824</run_address>
         <size>0xa0</size>
         <input_file_ref idref="fl-b0"/>
      </object_component>
      <object_component id="oc-26a">
         <name>.text.MCSPI_fifoRead</name>
         <load_address>0x7008c8d0</load_address>
         <run_address>0x7008c8d0</run_address>
         <size>0xa0</size>
         <input_file_ref idref="fl-3a"/>
      </object_component>
      <object_component id="oc-137">
         <name>.text:memset</name>
         <load_address>0x7008c970</load_address>
         <run_address>0x7008c970</run_address>
         <size>0xa0</size>
         <input_file_ref idref="fl-bd"/>
      </object_component>
      <object_component id="oc-2a9">
         <name>.text.HOSTlseek</name>
         <load_address>0x7008ca10</load_address>
         <run_address>0x7008ca10</run_address>
         <size>0x98</size>
         <input_file_ref idref="fl-ad"/>
      </object_component>
      <object_component id="oc-292">
         <name>.text.__TI_wrt_ok</name>
         <load_address>0x7008caa8</load_address>
         <run_address>0x7008caa8</run_address>
         <size>0x98</size>
         <input_file_ref idref="fl-4d"/>
      </object_component>
      <object_component id="oc-2a5">
         <name>.text.HOSTopen</name>
         <load_address>0x7008cb40</load_address>
         <run_address>0x7008cb40</run_address>
         <size>0x94</size>
         <input_file_ref idref="fl-ae"/>
      </object_component>
      <object_component id="oc-1e3">
         <name>.text.SemaphoreP_pend</name>
         <load_address>0x7008cbe0</load_address>
         <run_address>0x7008cbe0</run_address>
         <size>0x94</size>
         <input_file_ref idref="fl-35"/>
      </object_component>
      <object_component id="oc-e9">
         <name>.text.UART_init</name>
         <load_address>0x7008cc80</load_address>
         <run_address>0x7008cc80</run_address>
         <size>0x94</size>
         <input_file_ref idref="fl-3f"/>
      </object_component>
      <object_component id="oc-26b">
         <name>.text.MCSPI_fifoWrite</name>
         <load_address>0x7008cd20</load_address>
         <run_address>0x7008cd20</run_address>
         <size>0x92</size>
         <input_file_ref idref="fl-3a"/>
      </object_component>
      <object_component id="oc-243">
         <name>.text._ntoa_long</name>
         <load_address>0x7008cdc0</load_address>
         <run_address>0x7008cdc0</run_address>
         <size>0x92</size>
         <input_file_ref idref="fl-2d"/>
      </object_component>
      <object_component id="oc-20d">
         <name>.text.SerialCmd_send</name>
         <load_address>0x7008ce60</load_address>
         <run_address>0x7008ce60</run_address>
         <size>0x8c</size>
         <input_file_ref idref="fl-2"/>
      </object_component>
      <object_component id="oc-1d9">
         <name>.text.ADC_setPPBTripLimits</name>
         <load_address>0x7008cef0</load_address>
         <run_address>0x7008cef0</run_address>
         <size>0x8a</size>
         <input_file_ref idref="fl-36"/>
      </object_component>
      <object_component id="oc-273">
         <name>.text._out_rev</name>
         <load_address>0x7008cf80</load_address>
         <run_address>0x7008cf80</run_address>
         <size>0x8a</size>
         <input_file_ref idref="fl-2d"/>
      </object_component>
      <object_component id="oc-259">
         <name>.text.EDMA_enableTransferRegion</name>
         <load_address>0x7008d010</load_address>
         <run_address>0x7008d010</run_address>
         <size>0x86</size>
         <input_file_ref idref="fl-37"/>
      </object_component>
      <object_component id="oc-2a7">
         <name>.text.HOSTread</name>
         <load_address>0x7008d098</load_address>
         <run_address>0x7008d098</run_address>
         <size>0x84</size>
         <input_file_ref idref="fl-af"/>
      </object_component>
      <object_component id="oc-2a8">
         <name>.text.HOSTwrite</name>
         <load_address>0x7008d11c</load_address>
         <run_address>0x7008d11c</run_address>
         <size>0x84</size>
         <input_file_ref idref="fl-b2"/>
      </object_component>
      <object_component id="oc-2af">
         <name>.text.close</name>
         <load_address>0x7008d1a0</load_address>
         <run_address>0x7008d1a0</run_address>
         <size>0x84</size>
         <input_file_ref idref="fl-aa"/>
      </object_component>
      <object_component id="oc-e3">
         <name>.text.MCSPI_init</name>
         <load_address>0x7008d230</load_address>
         <run_address>0x7008d230</run_address>
         <size>0x82</size>
         <input_file_ref idref="fl-3a"/>
      </object_component>
      <object_component id="oc-294">
         <name>.text.__TI_doflush</name>
         <load_address>0x7008d2b4</load_address>
         <run_address>0x7008d2b4</run_address>
         <size>0x80</size>
         <input_file_ref idref="fl-5d"/>
      </object_component>
      <object_component id="oc-26e">
         <name>.text.MCSPI_initiateLastChunkTransfer</name>
         <load_address>0x7008d340</load_address>
         <run_address>0x7008d340</run_address>
         <size>0x7c</size>
         <input_file_ref idref="fl-3a"/>
      </object_component>
      <object_component id="oc-cb">
         <name>.text.PowerClock_init</name>
         <load_address>0x7008d3c0</load_address>
         <run_address>0x7008d3c0</run_address>
         <size>0x7c</size>
         <input_file_ref idref="fl-a"/>
      </object_component>
      <object_component id="oc-231">
         <name>.text.MCSPI_stop</name>
         <load_address>0x7008d440</load_address>
         <run_address>0x7008d440</run_address>
         <size>0x74</size>
         <input_file_ref idref="fl-3a"/>
      </object_component>
      <object_component id="oc-252">
         <name>.text.EDMA_configureChannelRegion</name>
         <load_address>0x7008d4c0</load_address>
         <run_address>0x7008d4c0</run_address>
         <size>0x72</size>
         <input_file_ref idref="fl-37"/>
      </object_component>
      <object_component id="oc-16b">
         <name>.text.EDMA_close</name>
         <load_address>0x7008d540</load_address>
         <run_address>0x7008d540</run_address>
         <size>0x6e</size>
         <input_file_ref idref="fl-37"/>
      </object_component>
      <object_component id="oc-13a">
         <name>.text.SOC_controlModuleUnlockMMR</name>
         <load_address>0x7008d5b0</load_address>
         <run_address>0x7008d5b0</run_address>
         <size>0x6e</size>
         <input_file_ref idref="fl-3d"/>
      </object_component>
      <object_component id="oc-1b8">
         <name>.text.ClockP_timerTickIsr</name>
         <load_address>0x7008d620</load_address>
         <run_address>0x7008d620</run_address>
         <size>0x6c</size>
         <input_file_ref idref="fl-26"/>
      </object_component>
      <object_component id="oc-2aa">
         <name>.text.HOSTunlink</name>
         <load_address>0x7008d68c</load_address>
         <run_address>0x7008d68c</run_address>
         <size>0x6c</size>
         <input_file_ref idref="fl-b1"/>
      </object_component>
      <object_component id="oc-2ba">
         <name>.text.finddevice</name>
         <load_address>0x7008d6f8</load_address>
         <run_address>0x7008d6f8</run_address>
         <size>0x6c</size>
         <input_file_ref idref="fl-bb"/>
      </object_component>
      <object_component id="oc-261">
         <name>.text.UART_writeCancelNoCB</name>
         <load_address>0x7008d770</load_address>
         <run_address>0x7008d770</run_address>
         <size>0x6a</size>
         <input_file_ref idref="fl-3f"/>
      </object_component>
      <object_component id="oc-127">
         <name>.text.Drivers_close</name>
         <load_address>0x7008d7e0</load_address>
         <run_address>0x7008d7e0</run_address>
         <size>0x68</size>
         <input_file_ref idref="fl-8"/>
      </object_component>
      <object_component id="oc-d5">
         <name>.text.SOC_enableAdcReference</name>
         <load_address>0x7008d850</load_address>
         <run_address>0x7008d850</run_address>
         <size>0x66</size>
         <input_file_ref idref="fl-3d"/>
      </object_component>
      <object_component id="oc-2a6">
         <name>.text.HOSTclose</name>
         <load_address>0x7008d8b8</load_address>
         <run_address>0x7008d8b8</run_address>
         <size>0x60</size>
         <input_file_ref idref="fl-ac"/>
      </object_component>
      <object_component id="oc-13b">
         <name>.text.SOC_controlModuleLockMMR</name>
         <load_address>0x7008d920</load_address>
         <run_address>0x7008d920</run_address>
         <size>0x60</size>
         <input_file_ref idref="fl-3d"/>
      </object_component>
      <object_component id="oc-152">
         <name>.text._DebugP_assert</name>
         <load_address>0x7008d980</load_address>
         <run_address>0x7008d980</run_address>
         <size>0x5c</size>
         <input_file_ref idref="fl-24"/>
      </object_component>
      <object_component id="oc-8b">
         <name>.text:__TI_auto_init_nobinit_nopinit</name>
         <load_address>0x7008d9dc</load_address>
         <run_address>0x7008d9dc</run_address>
         <size>0x5c</size>
         <input_file_ref idref="fl-5a"/>
      </object_component>
      <object_component id="oc-e1">
         <name>.text.SOC_setEpwmTbClk</name>
         <load_address>0x7008da40</load_address>
         <run_address>0x7008da40</run_address>
         <size>0x5a</size>
         <input_file_ref idref="fl-3d"/>
      </object_component>
      <object_component id="oc-147">
         <name>.text.Pinmux_config</name>
         <load_address>0x7008daa0</load_address>
         <run_address>0x7008daa0</run_address>
         <size>0x58</size>
         <input_file_ref idref="fl-3c"/>
      </object_component>
      <object_component id="oc-e2">
         <name>.text.SOC_setEpwmGroup</name>
         <load_address>0x7008db00</load_address>
         <run_address>0x7008db00</run_address>
         <size>0x58</size>
         <input_file_ref idref="fl-3d"/>
      </object_component>
      <object_component id="oc-285">
         <name>.text.UART_dmaDisableChannel</name>
         <load_address>0x7008db60</load_address>
         <run_address>0x7008db60</run_address>
         <size>0x58</size>
         <input_file_ref idref="fl-40"/>
      </object_component>
      <object_component id="oc-2b3">
         <name>.text.__TI_readmsg</name>
         <load_address>0x7008dbb8</load_address>
         <run_address>0x7008dbb8</run_address>
         <size>0x58</size>
         <input_file_ref idref="fl-b3"/>
      </object_component>
      <object_component id="oc-2b2">
         <name>.text.__TI_writemsg</name>
         <load_address>0x7008dc10</load_address>
         <run_address>0x7008dc10</run_address>
         <size>0x58</size>
         <input_file_ref idref="fl-b3"/>
      </object_component>
      <object_component id="oc-1f8">
         <name>.text.UART_dmaClose</name>
         <load_address>0x7008dc70</load_address>
         <run_address>0x7008dc70</run_address>
         <size>0x54</size>
         <input_file_ref idref="fl-40"/>
      </object_component>
      <object_component id="oc-29d">
         <name>.text.__TI_cleanup</name>
         <load_address>0x7008dcc4</load_address>
         <run_address>0x7008dcc4</run_address>
         <size>0x54</size>
         <input_file_ref idref="fl-5e"/>
      </object_component>
      <object_component id="oc-a8">
         <name>.text.exit</name>
         <load_address>0x7008dd18</load_address>
         <run_address>0x7008dd18</run_address>
         <size>0x54</size>
         <input_file_ref idref="fl-54"/>
      </object_component>
      <object_component id="oc-265">
         <name>.text.SOC_rcmADPLLJGetFOut</name>
         <load_address>0x7008dd70</load_address>
         <run_address>0x7008dd70</run_address>
         <size>0x4e</size>
         <input_file_ref idref="fl-3e"/>
      </object_component>
      <object_component id="oc-214">
         <name>.text.ClockP_addToList</name>
         <load_address>0x7008ddc0</load_address>
         <run_address>0x7008ddc0</run_address>
         <size>0x4c</size>
         <input_file_ref idref="fl-26"/>
      </object_component>
      <object_component id="oc-1c8">
         <name>.text.ClockP_getTimeUsec</name>
         <load_address>0x7008de10</load_address>
         <run_address>0x7008de10</run_address>
         <size>0x4c</size>
         <input_file_ref idref="fl-26"/>
      </object_component>
      <object_component id="oc-ca">
         <name>.text.Dpl_init</name>
         <load_address>0x7008de60</load_address>
         <run_address>0x7008de60</run_address>
         <size>0x4c</size>
         <input_file_ref idref="fl-6"/>
      </object_component>
      <object_component id="oc-fe">
         <name>.text.SerialCmd_init</name>
         <load_address>0x7008deb0</load_address>
         <run_address>0x7008deb0</run_address>
         <size>0x4c</size>
         <input_file_ref idref="fl-2"/>
      </object_component>
      <object_component id="oc-a4">
         <name>.text.System_deinit</name>
         <load_address>0x7008df00</load_address>
         <run_address>0x7008df00</run_address>
         <size>0x4c</size>
         <input_file_ref idref="fl-7"/>
      </object_component>
      <object_component id="oc-228">
         <name>.text.ClockP_construct</name>
         <load_address>0x7008df50</load_address>
         <run_address>0x7008df50</run_address>
         <size>0x4a</size>
         <input_file_ref idref="fl-26"/>
      </object_component>
      <object_component id="oc-2b7">
         <name>.text.unlink</name>
         <load_address>0x7008df9c</load_address>
         <run_address>0x7008df9c</run_address>
         <size>0x48</size>
         <input_file_ref idref="fl-ab"/>
      </object_component>
      <object_component id="oc-269">
         <name>.text.ClockP_stop</name>
         <load_address>0x7008dff0</load_address>
         <run_address>0x7008dff0</run_address>
         <size>0x44</size>
         <input_file_ref idref="fl-26"/>
      </object_component>
      <object_component id="oc-246">
         <name>.text.EDMA_getBaseAddr</name>
         <load_address>0x7008e040</load_address>
         <run_address>0x7008e040</run_address>
         <size>0x44</size>
         <input_file_ref idref="fl-37"/>
      </object_component>
      <object_component id="oc-12d">
         <name>.text.PowerClock_deinit</name>
         <load_address>0x7008e090</load_address>
         <run_address>0x7008e090</run_address>
         <size>0x44</size>
         <input_file_ref idref="fl-a"/>
      </object_component>
      <object_component id="oc-103">
         <name>.text.serial_cli_init</name>
         <load_address>0x7008e0e0</load_address>
         <run_address>0x7008e0e0</run_address>
         <size>0x44</size>
         <input_file_ref idref="fl-1"/>
      </object_component>
      <object_component id="oc-1ea">
         <name>.text.SemaphoreP_constructBinary</name>
         <load_address>0x7008e130</load_address>
         <run_address>0x7008e130</run_address>
         <size>0x40</size>
         <input_file_ref idref="fl-35"/>
      </object_component>
      <object_component id="oc-2a1">
         <name>.text.free_list_insert</name>
         <load_address>0x7008e170</load_address>
         <run_address>0x7008e170</run_address>
         <size>0x40</size>
         <input_file_ref idref="fl-58"/>
      </object_component>
      <object_component id="oc-278">
         <name>.text.EDMA_mapChToEvtQ</name>
         <load_address>0x7008e1b0</load_address>
         <run_address>0x7008e1b0</run_address>
         <size>0x3c</size>
         <input_file_ref idref="fl-37"/>
      </object_component>
      <object_component id="oc-159">
         <name>.text.SemaphoreP_constructMutex</name>
         <load_address>0x7008e1f0</load_address>
         <run_address>0x7008e1f0</run_address>
         <size>0x3c</size>
         <input_file_ref idref="fl-35"/>
      </object_component>
      <object_component id="oc-22b">
         <name>.text.ClockP_destruct</name>
         <load_address>0x7008e230</load_address>
         <run_address>0x7008e230</run_address>
         <size>0x3a</size>
         <input_file_ref idref="fl-26"/>
      </object_component>
      <object_component id="oc-1e4">
         <name>.text.MCSPI_dmaOpen</name>
         <load_address>0x7008e270</load_address>
         <run_address>0x7008e270</run_address>
         <size>0x3a</size>
         <input_file_ref idref="fl-3b"/>
      </object_component>
      <object_component id="oc-1f0">
         <name>.text.UART_dmaOpen</name>
         <load_address>0x7008e2b0</load_address>
         <run_address>0x7008e2b0</run_address>
         <size>0x3a</size>
         <input_file_ref idref="fl-40"/>
      </object_component>
      <object_component id="oc-19f">
         <name>.text.FILTER_FO_init</name>
         <load_address>0x7008e2f0</load_address>
         <run_address>0x7008e2f0</run_address>
         <size>0x38</size>
         <input_file_ref idref="fl-12"/>
      </object_component>
      <object_component id="oc-115">
         <name>.text._DebugP_logZone</name>
         <load_address>0x7008e330</load_address>
         <run_address>0x7008e330</run_address>
         <size>0x38</size>
         <input_file_ref idref="fl-25"/>
      </object_component>
      <object_component id="oc-229">
         <name>.text.ClockP_start</name>
         <load_address>0x7008e370</load_address>
         <run_address>0x7008e370</run_address>
         <size>0x34</size>
         <input_file_ref idref="fl-26"/>
      </object_component>
      <object_component id="oc-29f">
         <name>.text.lseek</name>
         <load_address>0x7008e3a4</load_address>
         <run_address>0x7008e3a4</run_address>
         <size>0x34</size>
         <input_file_ref idref="fl-a9"/>
      </object_component>
      <object_component id="oc-293">
         <name>.text.write</name>
         <load_address>0x7008e3d8</load_address>
         <run_address>0x7008e3d8</run_address>
         <size>0x34</size>
         <input_file_ref idref="fl-a5"/>
      </object_component>
      <object_component id="oc-16d">
         <name>.text.ClockP_usleep</name>
         <load_address>0x7008e410</load_address>
         <run_address>0x7008e410</run_address>
         <size>0x32</size>
         <input_file_ref idref="fl-26"/>
      </object_component>
      <object_component id="oc-1ed">
         <name>.text.SemaphoreP_post</name>
         <load_address>0x7008e450</load_address>
         <run_address>0x7008e450</run_address>
         <size>0x32</size>
         <input_file_ref idref="fl-35"/>
      </object_component>
      <object_component id="oc-277">
         <name>.text.EDMA_enableChInShadowRegRegion</name>
         <load_address>0x7008e490</load_address>
         <run_address>0x7008e490</run_address>
         <size>0x30</size>
         <input_file_ref idref="fl-37"/>
      </object_component>
      <object_component id="oc-2a0">
         <name>.text.free_list_remove</name>
         <load_address>0x7008e4c0</load_address>
         <run_address>0x7008e4c0</run_address>
         <size>0x30</size>
         <input_file_ref idref="fl-58"/>
      </object_component>
      <object_component id="oc-143">
         <name>.text.SOC_moduleSetClockFrequency</name>
         <load_address>0x7008e4f0</load_address>
         <run_address>0x7008e4f0</run_address>
         <size>0x2e</size>
         <input_file_ref idref="fl-3d"/>
      </object_component>
      <object_component id="oc-1a9">
         <name>.text.serial_cli_consumeChar</name>
         <load_address>0x7008e520</load_address>
         <run_address>0x7008e520</run_address>
         <size>0x2c</size>
         <input_file_ref idref="fl-1"/>
      </object_component>
      <object_component id="oc-27e">
         <name>.text</name>
         <load_address>0x7008e550</load_address>
         <run_address>0x7008e550</run_address>
         <size>0x2c</size>
         <input_file_ref idref="fl-b4"/>
      </object_component>
      <object_component id="oc-1da">
         <name>.text.ClockP_sleepTicks</name>
         <load_address>0x7008e580</load_address>
         <run_address>0x7008e580</run_address>
         <size>0x28</size>
         <input_file_ref idref="fl-26"/>
      </object_component>
      <object_component id="oc-257">
         <name>.text.EDMA_setPaRAM</name>
         <load_address>0x7008e5b0</load_address>
         <run_address>0x7008e5b0</run_address>
         <size>0x28</size>
         <input_file_ref idref="fl-37"/>
      </object_component>
      <object_component id="oc-10e">
         <name>.text.GPIO_setDirMode</name>
         <load_address>0x7008e5e0</load_address>
         <run_address>0x7008e5e0</run_address>
         <size>0x28</size>
         <input_file_ref idref="fl-39"/>
      </object_component>
      <object_component id="oc-258">
         <name>.text.EDMA_linkChannel</name>
         <load_address>0x7008e610</load_address>
         <run_address>0x7008e610</run_address>
         <size>0x24</size>
         <input_file_ref idref="fl-37"/>
      </object_component>
      <object_component id="oc-66">
         <name>.text.main</name>
         <load_address>0x7008e640</load_address>
         <run_address>0x7008e640</run_address>
         <size>0x24</size>
         <input_file_ref idref="fl-5"/>
      </object_component>
      <object_component id="oc-1c9">
         <name>.text</name>
         <load_address>0x7008e664</load_address>
         <run_address>0x7008e664</run_address>
         <size>0x24</size>
         <input_file_ref idref="fl-b9"/>
      </object_component>
      <object_component id="oc-27d">
         <name>.text.SOC_rcmIsR5FInLockStepMode</name>
         <load_address>0x7008e690</load_address>
         <run_address>0x7008e690</run_address>
         <size>0x22</size>
         <input_file_ref idref="fl-3e"/>
      </object_component>
      <object_component id="oc-139">
         <name>.text.DebugP_logZoneEnable</name>
         <load_address>0x7008e6c0</load_address>
         <run_address>0x7008e6c0</run_address>
         <size>0x20</size>
         <input_file_ref idref="fl-24"/>
      </object_component>
      <object_component id="oc-253">
         <name>.text.EDMA_disableDmaEvtRegion</name>
         <load_address>0x7008e6e0</load_address>
         <run_address>0x7008e6e0</run_address>
         <size>0x20</size>
         <input_file_ref idref="fl-37"/>
      </object_component>
      <object_component id="oc-254">
         <name>.text.EDMA_disableEvtIntrRegion</name>
         <load_address>0x7008e700</load_address>
         <run_address>0x7008e700</run_address>
         <size>0x20</size>
         <input_file_ref idref="fl-37"/>
      </object_component>
      <object_component id="oc-191">
         <name>.text.vprintf_</name>
         <load_address>0x7008e720</load_address>
         <run_address>0x7008e720</run_address>
         <size>0x20</size>
         <input_file_ref idref="fl-2d"/>
      </object_component>
      <object_component id="oc-1b0">
         <name>.text.TimerP_Params_init</name>
         <load_address>0x7008e740</load_address>
         <run_address>0x7008e740</run_address>
         <size>0x1e</size>
         <input_file_ref idref="fl-28"/>
      </object_component>
      <object_component id="oc-61">
         <name>.text._system_pre_init</name>
         <load_address>0x7008e760</load_address>
         <run_address>0x7008e760</run_address>
         <size>0x1c</size>
         <input_file_ref idref="fl-34"/>
      </object_component>
      <object_component id="oc-2b6">
         <name>.text.strlen</name>
         <load_address>0x7008e77c</load_address>
         <run_address>0x7008e77c</run_address>
         <size>0x1c</size>
         <input_file_ref idref="fl-b0"/>
      </object_component>
      <object_component id="oc-87">
         <name>.text</name>
         <load_address>0x7008e798</load_address>
         <run_address>0x7008e798</run_address>
         <size>0x1c</size>
         <input_file_ref idref="fl-b8"/>
      </object_component>
      <object_component id="oc-279">
         <name>.text.CSL_armR5GetCpuID</name>
         <load_address>0x7008e7c0</load_address>
         <run_address>0x7008e7c0</run_address>
         <size>0x1a</size>
         <input_file_ref idref="fl-be"/>
      </object_component>
      <object_component id="oc-12b">
         <name>.text.MCSPI_deinit</name>
         <load_address>0x7008e7e0</load_address>
         <run_address>0x7008e7e0</run_address>
         <size>0x1a</size>
         <input_file_ref idref="fl-3a"/>
      </object_component>
      <object_component id="oc-12c">
         <name>.text.UART_deinit</name>
         <load_address>0x7008e800</load_address>
         <run_address>0x7008e800</run_address>
         <size>0x1a</size>
         <input_file_ref idref="fl-3f"/>
      </object_component>
      <object_component id="oc-260">
         <name>.text.UART_writeInterruptDma</name>
         <load_address>0x7008e820</load_address>
         <run_address>0x7008e820</run_address>
         <size>0x1a</size>
         <input_file_ref idref="fl-40"/>
      </object_component>
      <object_component id="oc-266">
         <name>.text.TimerP_getCount</name>
         <load_address>0x7008e840</load_address>
         <run_address>0x7008e840</run_address>
         <size>0x18</size>
         <input_file_ref idref="fl-28"/>
      </object_component>
      <object_component id="oc-249">
         <name>.text.EDMA_getRegionId</name>
         <load_address>0x7008e860</load_address>
         <run_address>0x7008e860</run_address>
         <size>0x14</size>
         <input_file_ref idref="fl-37"/>
      </object_component>
      <object_component id="oc-2b5">
         <name>.text.strcpy</name>
         <load_address>0x7008e874</load_address>
         <run_address>0x7008e874</run_address>
         <size>0x14</size>
         <input_file_ref idref="fl-b0"/>
      </object_component>
      <object_component id="oc-1d3">
         <name>.text.ADC_setMode</name>
         <load_address>0x7008e890</load_address>
         <run_address>0x7008e890</run_address>
         <size>0x12</size>
         <input_file_ref idref="fl-36"/>
      </object_component>
      <object_component id="oc-255">
         <name>.text.EDMA_ccPaRAMEntry_init</name>
         <load_address>0x7008e8b0</load_address>
         <run_address>0x7008e8b0</run_address>
         <size>0x10</size>
         <input_file_ref idref="fl-37"/>
      </object_component>
      <object_component id="oc-d1">
         <name>.text.Pinmux_init</name>
         <load_address>0x7008e8c0</load_address>
         <run_address>0x7008e8c0</run_address>
         <size>0x10</size>
         <input_file_ref idref="fl-9"/>
      </object_component>
      <object_component id="oc-271">
         <name>.text.putchar</name>
         <load_address>0x7008e8d0</load_address>
         <run_address>0x7008e8d0</run_address>
         <size>0x10</size>
         <input_file_ref idref="fl-4c"/>
      </object_component>
      <object_component id="oc-1dd">
         <name>.text.EPWM_setEmulationMode</name>
         <load_address>0x7008e8e0</load_address>
         <run_address>0x7008e8e0</run_address>
         <size>0xe</size>
         <input_file_ref idref="fl-38"/>
      </object_component>
      <object_component id="oc-238">
         <name>.text.ClockP_getTicks</name>
         <load_address>0x7008e8f0</load_address>
         <run_address>0x7008e8f0</run_address>
         <size>0xc</size>
         <input_file_ref idref="fl-26"/>
      </object_component>
      <object_component id="oc-180">
         <name>.text.UART_getBaseAddr</name>
         <load_address>0x7008e900</load_address>
         <run_address>0x7008e900</run_address>
         <size>0xc</size>
         <input_file_ref idref="fl-3f"/>
      </object_component>
      <object_component id="oc-227">
         <name>.text.ClockP_Params_init</name>
         <load_address>0x7008e910</load_address>
         <run_address>0x7008e910</run_address>
         <size>0xa</size>
         <input_file_ref idref="fl-26"/>
      </object_component>
      <object_component id="oc-22a">
         <name>.text.ClockP_isActive</name>
         <load_address>0x7008e920</load_address>
         <run_address>0x7008e920</run_address>
         <size>0xa</size>
         <input_file_ref idref="fl-26"/>
[...]
      </symbol>
      <symbol id="sm-403">
         <name>EDMA_getRegionId</name>
         <value>0x7008e861</value>
         <object_component_ref idref="oc-249"/>
      </symbol>
      <symbol id="sm-404">
         <name>EDMA_init</name>
         <value>0x70088481</value>
         <object_component_ref idref="oc-db"/>
      </symbol>
      <symbol id="sm-405">
         <name>EDMA_linkChannel</name>
         <value>0x7008e611</value>
         <object_component_ref idref="oc-258"/>
      </symbol>
      <symbol id="sm-406">
         <name>EDMA_mapChToEvtQ</name>
         <value>0x7008e1b1</value>
         <object_component_ref idref="oc-278"/>
      </symbol>
      <symbol id="sm-407">
         <name>EDMA_open</name>
         <value>0x7008b0d1</value>
         <object_component_ref idref="oc-169"/>
      </symbol>
      <symbol id="sm-408">
         <name>EDMA_setPaRAM</name>
         <value>0x7008e5b1</value>
         <object_component_ref idref="oc-257"/>
      </symbol>
      <symbol id="sm-412">
         <name>EPWM_setEmulationMode</name>
         <value>0x7008e8e1</value>
         <object_component_ref idref="oc-1dd"/>
      </symbol>
      <symbol id="sm-41c">
         <name>GPIO_setDirMode</name>
         <value>0x7008e5e1</value>
         <object_component_ref idref="oc-10e"/>
      </symbol>
      <symbol id="sm-45f">
         <name>MCSPI_chConfig</name>
         <value>0x70088d01</value>
         <object_component_ref idref="oc-176"/>
      </symbol>
      <symbol id="sm-460">
         <name>MCSPI_close</name>
         <value>0x7008ba61</value>
         <object_component_ref idref="oc-177"/>
      </symbol>
      <symbol id="sm-461">
         <name>MCSPI_deinit</name>
         <value>0x7008e7e1</value>
         <object_component_ref idref="oc-12b"/>
      </symbol>
      <symbol id="sm-462">
         <name>MCSPI_init</name>
         <value>0x7008d231</value>
         <object_component_ref idref="oc-e3"/>
      </symbol>
      <symbol id="sm-463">
         <name>MCSPI_open</name>
         <value>0x70088a61</value>
         <object_component_ref idref="oc-175"/>
      </symbol>
      <symbol id="sm-46d">
         <name>MCSPI_dmaOpen</name>
         <value>0x7008e271</value>
         <object_component_ref idref="oc-1e4"/>
      </symbol>
      <symbol id="sm-476">
         <name>Pinmux_config</name>
         <value>0x7008daa1</value>
         <object_component_ref idref="oc-147"/>
      </symbol>
      <symbol id="sm-495">
         <name>SOC_controlModuleLockMMR</name>
         <value>0x7008d921</value>
         <object_component_ref idref="oc-13b"/>
      </symbol>
      <symbol id="sm-496">
         <name>SOC_controlModuleUnlockMMR</name>
         <value>0x7008d5b1</value>
         <object_component_ref idref="oc-13a"/>
      </symbol>
      <symbol id="sm-497">
         <name>SOC_enableAdcReference</name>
         <value>0x7008d851</value>
         <object_component_ref idref="oc-d5"/>
      </symbol>
      <symbol id="sm-498">
         <name>SOC_moduleClockEnable</name>
         <value>0x7008e9b1</value>
         <object_component_ref idref="oc-142"/>
      </symbol>
      <symbol id="sm-499">
         <name>SOC_moduleSetClockFrequency</name>
         <value>0x7008e4f1</value>
         <object_component_ref idref="oc-143"/>
      </symbol>
      <symbol id="sm-49a">
         <name>SOC_setEpwmGroup</name>
         <value>0x7008db01</value>
         <object_component_ref idref="oc-e2"/>
      </symbol>
      <symbol id="sm-49b">
         <name>SOC_setEpwmTbClk</name>
         <value>0x7008da41</value>
         <object_component_ref idref="oc-e1"/>
      </symbol>
      <symbol id="sm-49c">
         <name>SOC_virtToPhy</name>
         <value>0x7008a311</value>
         <object_component_ref idref="oc-256"/>
      </symbol>
      <symbol id="sm-4e3">
         <name>SOC_rcmEnablePeripheralClock</name>
         <value>0x70087171</value>
         <object_component_ref idref="oc-1bc"/>
      </symbol>
      <symbol id="sm-4e4">
         <name>SOC_rcmGetPeripheralClockFrequency</name>
         <value>0x7008a7b1</value>
         <object_component_ref idref="oc-218"/>
      </symbol>
      <symbol id="sm-4e5">
         <name>SOC_rcmIsR5FInLockStepMode</name>
         <value>0x7008e691</value>
         <object_component_ref idref="oc-27d"/>
      </symbol>
      <symbol id="sm-4e6">
         <name>SOC_rcmSetPeripheralClock</name>
         <value>0x70089871</value>
         <object_component_ref idref="oc-1c2"/>
      </symbol>
      <symbol id="sm-4e7">
         <name>gADPLLJConfigTbl</name>
         <value>0x70090098</value>
         <object_component_ref idref="oc-286"/>
      </symbol>
      <symbol id="sm-4e8">
         <name>gPeripheralClkSrcInfoMap</name>
         <value>0x70090156</value>
         <object_component_ref idref="oc-263"/>
      </symbol>
      <symbol id="sm-521">
         <name>UART_close</name>
         <value>0x7008ad01</value>
         <object_component_ref idref="oc-17b"/>
      </symbol>
      <symbol id="sm-522">
         <name>UART_deinit</name>
         <value>0x7008e801</value>
         <object_component_ref idref="oc-12c"/>
      </symbol>
      <symbol id="sm-523">
         <name>UART_flushTxFifo</name>
         <value>0x7008c421</value>
         <object_component_ref idref="oc-1f7"/>
      </symbol>
      <symbol id="sm-524">
         <name>UART_getBaseAddr</name>
         <value>0x7008e901</value>
         <object_component_ref idref="oc-180"/>
      </symbol>
      <symbol id="sm-525">
         <name>UART_init</name>
         <value>0x7008cc81</value>
         <object_component_ref idref="oc-e9"/>
      </symbol>
      <symbol id="sm-526">
         <name>UART_open</name>
         <value>0x700876b1</value>
         <object_component_ref idref="oc-17a"/>
      </symbol>
      <symbol id="sm-527">
         <name>UART_write</name>
         <value>0x70089691</value>
         <object_component_ref idref="oc-20e"/>
      </symbol>
      <symbol id="sm-541">
         <name>UART_dmaClose</name>
         <value>0x7008dc71</value>
         <object_component_ref idref="oc-1f8"/>
      </symbol>
      <symbol id="sm-542">
         <name>UART_dmaDisableChannel</name>
         <value>0x7008db61</value>
         <object_component_ref idref="oc-285"/>
      </symbol>
      <symbol id="sm-543">
         <name>UART_dmaOpen</name>
         <value>0x7008e2b1</value>
         <object_component_ref idref="oc-1f0"/>
      </symbol>
      <symbol id="sm-544">
         <name>UART_writeInterruptDma</name>
         <value>0x7008e821</value>
         <object_component_ref idref="oc-260"/>
      </symbol>
      <symbol id="sm-54c">
         <name>fputc</name>
         <value>0x7008b974</value>
         <object_component_ref idref="oc-287"/>
      </symbol>
      <symbol id="sm-54d">
         <name>putchar</name>
         <value>0x7008e8d0</value>
         <object_component_ref idref="oc-271"/>
      </symbol>
      <symbol id="sm-551">
         <name>__TI_wrt_ok</name>
         <value>0x7008caa8</value>
         <object_component_ref idref="oc-292"/>
      </symbol>
      <symbol id="sm-556">
         <name>setvbuf</name>
         <value>0x7008aa64</value>
         <object_component_ref idref="oc-298"/>
      </symbol>
      <symbol id="sm-55b">
         <name>sqrtf</name>
         <value>0x40</value>
         <object_component_ref idref="oc-20c"/>
      </symbol>
      <symbol id="sm-568">
         <name>cosf</name>
         <value>0x428</value>
         <object_component_ref idref="oc-20b"/>
      </symbol>
      <symbol id="sm-575">
         <name>sinf</name>
         <value>0x128</value>
         <object_component_ref idref="oc-20a"/>
      </symbol>
      <symbol id="sm-57a">
         <name>__aeabi_errno</name>
         <value>0x7009f058</value>
         <object_component_ref idref="oc-284"/>
      </symbol>
      <symbol id="sm-57b">
         <name>__aeabi_errno_addr</name>
         <value>0x70084b64</value>
         <object_component_ref idref="oc-25f"/>
      </symbol>
      <symbol id="sm-58b">
         <name>__kernel_rem_pio2</name>
         <value>0x708</value>
         <object_component_ref idref="oc-25c"/>
      </symbol>
      <symbol id="sm-593">
         <name>C$$EXIT</name>
         <value>0x7009ea40</value>
         <object_component_ref idref="oc-a7"/>
      </symbol>
      <symbol id="sm-594">
         <name>__TI_cleanup_ptr</name>
         <value>0x7009f01c</value>
         <object_component_ref idref="oc-130"/>
      </symbol>
      <symbol id="sm-595">
         <name>__TI_dtors_ptr</name>
         <value>0x7009f020</value>
         <object_component_ref idref="oc-130"/>
      </symbol>
      <symbol id="sm-596">
         <name>abort</name>
         <value>0x7009ea40</value>
         <object_component_ref idref="oc-a7"/>
      </symbol>
      <symbol id="sm-597">
         <name>exit</name>
         <value>0x7008dd18</value>
         <object_component_ref idref="oc-a8"/>
      </symbol>
      <symbol id="sm-59b">
         <name>_lock</name>
         <value>0x7009f05c</value>
         <object_component_ref idref="oc-12f"/>
      </symbol>
      <symbol id="sm-59c">
         <name>_nop</name>
         <value>0x700876ac</value>
         <object_component_ref idref="oc-1ab"/>
      </symbol>
      <symbol id="sm-59d">
         <name>_unlock</name>
         <value>0x7009f060</value>
         <object_component_ref idref="oc-131"/>
      </symbol>
      <symbol id="sm-5a0">
         <name>__TI_ft_end</name>
         <value>0x1088</value>
         <object_component_ref idref="oc-2a4"/>
      </symbol>
      <symbol id="sm-5a1">
         <name>__TI_tmpnams</name>
         <value>0x70091938</value>
      </symbol>
      <symbol id="sm-5a2">
         <name>_ftable</name>
         <value>0xf98</value>
         <object_component_ref idref="oc-288"/>
      </symbol>
      <symbol id="sm-5bc">
         <name>_sys_memory</name>
         <value>0x70091af0</value>
         <object_component_ref idref="oc-4e"/>
      </symbol>
      <symbol id="sm-5bd">
         <name>aligned_alloc</name>
         <value>0x70089fac</value>
         <object_component_ref idref="oc-2a2"/>
      </symbol>
      <symbol id="sm-5be">
         <name>free</name>
         <value>0x70089df0</value>
         <object_component_ref idref="oc-29b"/>
      </symbol>
      <symbol id="sm-5bf">
         <name>malloc</name>
         <value>0x70086c04</value>
         <object_component_ref idref="oc-29c"/>
      </symbol>
      <symbol id="sm-5c0">
         <name>memalign</name>
         <value>0x70089fac</value>
         <object_component_ref idref="oc-2a2"/>
      </symbol>
      <symbol id="sm-5c6">
         <name>__TI_auto_init_nobinit_nopinit</name>
         <value>0x7008d9dc</value>
         <object_component_ref idref="oc-8b"/>
      </symbol>
      <symbol id="sm-5cc">
         <name>__TI_doflush</name>
         <value>0x7008d2b4</value>
         <object_component_ref idref="oc-294"/>
      </symbol>
      <symbol id="sm-5d1">
         <name>__TI_cleanup</name>
         <value>0x7008dcc4</value>
         <object_component_ref idref="oc-29d"/>
      </symbol>
      <symbol id="sm-5d9">
         <name>fseek</name>
         <value>0x70087a88</value>
         <object_component_ref idref="oc-297"/>
      </symbol>
      <symbol id="sm-5da">
         <name>fseeko</name>
         <value>0x7008c4d4</value>
         <object_component_ref idref="oc-29a"/>
      </symbol>
      <symbol id="sm-5df">
         <name>floor</name>
         <value>0x7008a910</value>
         <object_component_ref idref="oc-280"/>
      </symbol>
      <symbol id="sm-5e0">
         <name>floorl</name>
         <value>0x7008a910</value>
         <object_component_ref idref="oc-280"/>
      </symbol>
      <symbol id="sm-5e8">
         <name>ldexp</name>
         <value>0x7008af90</value>
         <object_component_ref idref="oc-27f"/>
      </symbol>
      <symbol id="sm-5e9">
         <name>ldexpl</name>
         <value>0x7008af90</value>
         <object_component_ref idref="oc-27f"/>
      </symbol>
      <symbol id="sm-5ea">
         <name>scalbn</name>
         <value>0x7008af90</value>
         <object_component_ref idref="oc-27f"/>
      </symbol>
      <symbol id="sm-5eb">
         <name>scalbnl</name>
         <value>0x7008af90</value>
         <object_component_ref idref="oc-27f"/>
      </symbol>
      <symbol id="sm-5f6">
         <name>__TI_closefile</name>
         <value>0x7008c368</value>
         <object_component_ref idref="oc-2a3"/>
      </symbol>
      <symbol id="sm-600">
         <name>write</name>
         <value>0x7008e3d8</value>
         <object_component_ref idref="oc-293"/>
      </symbol>
      <symbol id="sm-602">
         <name>_device</name>
         <value>0x7009ec88</value>
         <object_component_ref idref="oc-29e"/>
      </symbol>
      <symbol id="sm-603">
         <name>_stream</name>
         <value>0x7009ef10</value>
         <object_component_ref idref="oc-299"/>
      </symbol>
      <symbol id="sm-607">
         <name>remove</name>
         <value>0x70087a8c</value>
         <object_component_ref idref="oc-2b0"/>
      </symbol>
      <symbol id="sm-60d">
         <name>lseek</name>
         <value>0x7008e3a4</value>
         <object_component_ref idref="oc-29f"/>
      </symbol>
      <symbol id="sm-612">
         <name>close</name>
         <value>0x7008d1a0</value>
         <object_component_ref idref="oc-2af"/>
      </symbol>
      <symbol id="sm-617">
         <name>unlink</name>
         <value>0x7008df9c</value>
         <object_component_ref idref="oc-2b7"/>
      </symbol>
      <symbol id="sm-61c">
         <name>HOSTclose</name>
         <value>0x7008d8b8</value>
         <object_component_ref idref="oc-2a6"/>
      </symbol>
      <symbol id="sm-621">
         <name>HOSTlseek</name>
         <value>0x7008ca10</value>
         <object_component_ref idref="oc-2a9"/>
      </symbol>
      <symbol id="sm-626">
         <name>HOSTopen</name>
         <value>0x7008cb40</value>
         <object_component_ref idref="oc-2a5"/>
      </symbol>
      <symbol id="sm-627">
         <name>parmbuf</name>
         <value>0x70091aac</value>
      </symbol>
      <symbol id="sm-62c">
         <name>HOSTread</name>
         <value>0x7008d098</value>
         <object_component_ref idref="oc-2a7"/>
      </symbol>
      <symbol id="sm-637">
         <name>HOSTrename</name>
         <value>0x7008c824</value>
         <object_component_ref idref="oc-2ab"/>
      </symbol>
      <symbol id="sm-63c">
         <name>HOSTunlink</name>
         <value>0x7008d68c</value>
         <object_component_ref idref="oc-2aa"/>
      </symbol>
      <symbol id="sm-641">
         <name>HOSTwrite</name>
         <value>0x7008d11c</value>
         <object_component_ref idref="oc-2a8"/>
      </symbol>
      <symbol id="sm-649">
         <name>C$$IO$$</name>
         <value>0x7008dc5c</value>
         <object_component_ref idref="oc-2b2"/>
      </symbol>
      <symbol id="sm-64a">
         <name>__CIOBUF_</name>
         <value>0x70091818</value>
         <object_component_ref idref="oc-2b8"/>
      </symbol>
      <symbol id="sm-64b">
         <name>__TI_readmsg</name>
         <value>0x7008dbb8</value>
         <object_component_ref idref="oc-2b3"/>
      </symbol>
      <symbol id="sm-64c">
         <name>__TI_writemsg</name>
         <value>0x7008dc10</value>
         <object_component_ref idref="oc-2b2"/>
      </symbol>
      <symbol id="sm-64e">
         <name>__aeabi_idiv</name>
         <value>0x7008e550</value>
         <object_component_ref idref="oc-27e"/>
      </symbol>
      <symbol id="sm-64f">
         <name>__divsi3</name>
         <value>0x7008e550</value>
         <object_component_ref idref="oc-27e"/>
      </symbol>
      <symbol id="sm-654">
         <name>__aeabi_uidiv</name>
         <value>0x70089c20</value>
         <object_component_ref idref="oc-291"/>
      </symbol>
      <symbol id="sm-655">
         <name>__udivsi3</name>
         <value>0x70089c20</value>
         <object_component_ref idref="oc-291"/>
      </symbol>
      <symbol id="sm-65b">
         <name>__aeabi_idiv0</name>
         <value>0x7008ea20</value>
         <object_component_ref idref="oc-296"/>
      </symbol>
      <symbol id="sm-65c">
         <name>__aeabi_ldiv0</name>
         <value>0x7008ea30</value>
         <object_component_ref idref="oc-267"/>
      </symbol>
      <symbol id="sm-65e">
         <name>__aeabi_memcpy</name>
         <value>0x7008876c</value>
         <object_component_ref idref="oc-138"/>
      </symbol>
      <symbol id="sm-65f">
         <name>__aeabi_memcpy4</name>
         <value>0x7008876c</value>
         <object_component_ref idref="oc-138"/>
      </symbol>
      <symbol id="sm-660">
         <name>__aeabi_memcpy8</name>
         <value>0x7008876c</value>
         <object_component_ref idref="oc-138"/>
      </symbol>
      <symbol id="sm-662">
         <name>__aeabi_memclr</name>
         <value>0x7008e7a8</value>
         <object_component_ref idref="oc-87"/>
      </symbol>
      <symbol id="sm-663">
         <name>__aeabi_memclr4</name>
         <value>0x7008e7a8</value>
         <object_component_ref idref="oc-87"/>
      </symbol>
      <symbol id="sm-664">
         <name>__aeabi_memclr8</name>
         <value>0x7008e7a8</value>
         <object_component_ref idref="oc-87"/>
      </symbol>
      <symbol id="sm-665">
         <name>__aeabi_memset</name>
         <value>0x7008e798</value>
         <object_component_ref idref="oc-87"/>
      </symbol>
      <symbol id="sm-666">
         <name>__aeabi_memset4</name>
         <value>0x7008e798</value>
         <object_component_ref idref="oc-87"/>
      </symbol>
      <symbol id="sm-667">
         <name>__aeabi_memset8</name>
         <value>0x7008e798</value>
         <object_component_ref idref="oc-87"/>
      </symbol>
      <symbol id="sm-669">
         <name>__aeabi_uldivmod</name>
         <value>0x7008e664</value>
         <object_component_ref idref="oc-1c9"/>
      </symbol>
      <symbol id="sm-66b">
         <name>__udivmoddi4</name>
         <value>0x7008b548</value>
         <object_component_ref idref="oc-221"/>
      </symbol>
      <symbol id="sm-673">
         <name>finddevice</name>
         <value>0x7008d6f8</value>
         <object_component_ref idref="oc-2ba"/>
      </symbol>
      <symbol id="sm-674">
         <name>getdevice</name>
         <value>0x7008beb0</value>
         <object_component_ref idref="oc-2b9"/>
      </symbol>
      <symbol id="sm-686">
         <name>memcpy</name>
         <value>0x7008a4b0</value>
         <object_component_ref idref="oc-210"/>
      </symbol>
      <symbol id="sm-68e">
         <name>memset</name>
         <value>0x7008c970</value>
         <object_component_ref idref="oc-137"/>
      </symbol>
      <symbol id="sm-697">
         <name>CSL_armR5GetCpuID</name>
         <value>0x7008e7c1</value>
         <object_component_ref idref="oc-279"/>
      </symbol>
      <symbol id="sm-69f">
         <name>TaskP_yield</name>
         <value>0x7008ea71</value>
         <object_component_ref idref="oc-239"/>
      </symbol>
      <symbol id="sm-6a5">
         <name>CSL_armR5ReadMpidrReg</name>
         <value>0x70088474</value>
         <object_component_ref idref="oc-28a"/>
      </symbol>
      <symbol id="sm-6a6">
         <name>_system_post_cinit</name>
         <value>0x0</value>
      </symbol>
      <symbol id="sm-6a7">
         <name>__TI_Handler_Table_Limit</name>
         <value>0x0</value>
      </symbol>
      <symbol id="sm-6a8">
         <name>__TI_Handler_Table_Base</name>
         <value>0x0</value>
      </symbol>
      <symbol id="sm-6a9">
         <name>__TI_CINIT_Base</name>
         <value>0x0</value>
      </symbol>
      <symbol id="sm-6aa">
         <name>__TI_CINIT_Limit</name>
         <value>0x0</value>
      </symbol>
   </symbol_table>
   <title>Link successful</title>
</link_info>
